Archive member included to satisfy reference by file (symbol)

c:/software/altera/18.1/nios2eds/bin/gnu/h-x86_64-mingw32/bin/../lib/gcc/nios2-elf/5.3.0\libgcc.a(lib2-divmod.o)
                              obj/default/hello_world.o (__divsi3)
c:/software/altera/18.1/nios2eds/bin/gnu/h-x86_64-mingw32/bin/../lib/gcc/nios2-elf/5.3.0/../../../../../H-x86_64-mingw32/nios2-elf/lib\libc.a(lib_a-getc.o)
                              obj/default/uart_nios2.o (getc)
c:/software/altera/18.1/nios2eds/bin/gnu/h-x86_64-mingw32/bin/../lib/gcc/nios2-elf/5.3.0/../../../../../H-x86_64-mingw32/nios2-elf/lib\libc.a(lib_a-impure.o)
                              obj/default/uart_nios2.o (_impure_ptr)
c:/software/altera/18.1/nios2eds/bin/gnu/h-x86_64-mingw32/bin/../lib/gcc/nios2-elf/5.3.0/../../../../../H-x86_64-mingw32/nios2-elf/lib\libc.a(lib_a-memset.o)
                              obj/default/hello_world.o (memset)
c:/software/altera/18.1/nios2eds/bin/gnu/h-x86_64-mingw32/bin/../lib/gcc/nios2-elf/5.3.0/../../../../../H-x86_64-mingw32/nios2-elf/lib\libc.a(lib_a-putchar.o)
                              obj/default/uart_nios2.o (putchar)
c:/software/altera/18.1/nios2eds/bin/gnu/h-x86_64-mingw32/bin/../lib/gcc/nios2-elf/5.3.0/../../../../../H-x86_64-mingw32/nios2-elf/lib\libc.a(lib_a-rget.o)
                              c:/software/altera/18.1/nios2eds/bin/gnu/h-x86_64-mingw32/bin/../lib/gcc/nios2-elf/5.3.0/../../../../../H-x86_64-mingw32/nios2-elf/lib\libc.a(lib_a-getc.o) (__srget_r)
c:/software/altera/18.1/nios2eds/bin/gnu/h-x86_64-mingw32/bin/../lib/gcc/nios2-elf/5.3.0/../../../../../H-x86_64-mingw32/nios2-elf/lib\libc.a(lib_a-strcpy.o)
                              obj/default/hello_world.o (strcpy)
c:/software/altera/18.1/nios2eds/bin/gnu/h-x86_64-mingw32/bin/../lib/gcc/nios2-elf/5.3.0/../../../../../H-x86_64-mingw32/nios2-elf/lib\libc.a(lib_a-strlen.o)
                              obj/default/hello_world.o (strlen)
c:/software/altera/18.1/nios2eds/bin/gnu/h-x86_64-mingw32/bin/../lib/gcc/nios2-elf/5.3.0/../../../../../H-x86_64-mingw32/nios2-elf/lib\libc.a(lib_a-findfp.o)
                              c:/software/altera/18.1/nios2eds/bin/gnu/h-x86_64-mingw32/bin/../lib/gcc/nios2-elf/5.3.0/../../../../../H-x86_64-mingw32/nios2-elf/lib\libc.a(lib_a-getc.o) (__sinit)
c:/software/altera/18.1/nios2eds/bin/gnu/h-x86_64-mingw32/bin/../lib/gcc/nios2-elf/5.3.0/../../../../../H-x86_64-mingw32/nios2-elf/lib\libc.a(lib_a-fwalk.o)
                              c:/software/altera/18.1/nios2eds/bin/gnu/h-x86_64-mingw32/bin/../lib/gcc/nios2-elf/5.3.0/../../../../../H-x86_64-mingw32/nios2-elf/lib\libc.a(lib_a-findfp.o) (_fwalk)
c:/software/altera/18.1/nios2eds/bin/gnu/h-x86_64-mingw32/bin/../lib/gcc/nios2-elf/5.3.0/../../../../../H-x86_64-mingw32/nios2-elf/lib\libc.a(lib_a-mallocr.o)
                              c:/software/altera/18.1/nios2eds/bin/gnu/h-x86_64-mingw32/bin/../lib/gcc/nios2-elf/5.3.0/../../../../../H-x86_64-mingw32/nios2-elf/lib\libc.a(lib_a-findfp.o) (_malloc_r)
c:/software/altera/18.1/nios2eds/bin/gnu/h-x86_64-mingw32/bin/../lib/gcc/nios2-elf/5.3.0/../../../../../H-x86_64-mingw32/nios2-elf/lib\libc.a(lib_a-putc.o)
                              c:/software/altera/18.1/nios2eds/bin/gnu/h-x86_64-mingw32/bin/../lib/gcc/nios2-elf/5.3.0/../../../../../H-x86_64-mingw32/nios2-elf/lib\libc.a(lib_a-putchar.o) (_putc_r)
c:/software/altera/18.1/nios2eds/bin/gnu/h-x86_64-mingw32/bin/../lib/gcc/nios2-elf/5.3.0/../../../../../H-x86_64-mingw32/nios2-elf/lib\libc.a(lib_a-refill.o)
                              c:/software/altera/18.1/nios2eds/bin/gnu/h-x86_64-mingw32/bin/../lib/gcc/nios2-elf/5.3.0/../../../../../H-x86_64-mingw32/nios2-elf/lib\libc.a(lib_a-rget.o) (__srefill_r)
c:/software/altera/18.1/nios2eds/bin/gnu/h-x86_64-mingw32/bin/../lib/gcc/nios2-elf/5.3.0/../../../../../H-x86_64-mingw32/nios2-elf/lib\libc.a(lib_a-sbrkr.o)
                              c:/software/altera/18.1/nios2eds/bin/gnu/h-x86_64-mingw32/bin/../lib/gcc/nios2-elf/5.3.0/../../../../../H-x86_64-mingw32/nios2-elf/lib\libc.a(lib_a-mallocr.o) (_sbrk_r)
c:/software/altera/18.1/nios2eds/bin/gnu/h-x86_64-mingw32/bin/../lib/gcc/nios2-elf/5.3.0/../../../../../H-x86_64-mingw32/nios2-elf/lib\libc.a(lib_a-stdio.o)
                              c:/software/altera/18.1/nios2eds/bin/gnu/h-x86_64-mingw32/bin/../lib/gcc/nios2-elf/5.3.0/../../../../../H-x86_64-mingw32/nios2-elf/lib\libc.a(lib_a-findfp.o) (__sread)
c:/software/altera/18.1/nios2eds/bin/gnu/h-x86_64-mingw32/bin/../lib/gcc/nios2-elf/5.3.0/../../../../../H-x86_64-mingw32/nios2-elf/lib\libc.a(lib_a-wbuf.o)
                              c:/software/altera/18.1/nios2eds/bin/gnu/h-x86_64-mingw32/bin/../lib/gcc/nios2-elf/5.3.0/../../../../../H-x86_64-mingw32/nios2-elf/lib\libc.a(lib_a-putc.o) (__swbuf_r)
c:/software/altera/18.1/nios2eds/bin/gnu/h-x86_64-mingw32/bin/../lib/gcc/nios2-elf/5.3.0/../../../../../H-x86_64-mingw32/nios2-elf/lib\libc.a(lib_a-writer.o)
[...]
Memory Configuration

Name             Origin             Length             Attributes
reset            0x0000000000800000 0x0000000000000020
sdram_0          0x0000000000800020 0x00000000007fffe0
*default*        0x0000000000000000 0xffffffffffffffff

Linker script and memory map

LOAD ../Lab2_CLI_Testing_bsp//obj/HAL/src/crt0.o
LOAD obj/default/fatfs.o
LOAD obj/default/fatfs_diskio.o
LOAD obj/default/fatfs_nios2_de0_nano_spi.o
LOAD obj/default/fatfs_nios2_de1_pio.o
LOAD obj/default/fatfs_nios2_de1_spi.o
LOAD obj/default/ff.o
LOAD obj/default/hello_world.o
LOAD obj/default/monitor.o
LOAD obj/default/uart_nios2.o
LOAD c:/software/altera/18.1/nios2eds/bin/gnu/h-x86_64-mingw32/bin/../lib/gcc/nios2-elf/5.3.0/../../../../../H-x86_64-mingw32/nios2-elf/lib\libstdc++.a
LOAD c:/software/altera/18.1/nios2eds/bin/gnu/h-x86_64-mingw32/bin/../lib/gcc/nios2-elf/5.3.0/../../../../../H-x86_64-mingw32/nios2-elf/lib\libm.a
LOAD c:/software/altera/18.1/nios2eds/bin/gnu/h-x86_64-mingw32/bin/../lib/gcc/nios2-elf/5.3.0\libgcc.a
START GROUP
LOAD c:/software/altera/18.1/nios2eds/bin/gnu/h-x86_64-mingw32/bin/../lib/gcc/nios2-elf/5.3.0/../../../../../H-x86_64-mingw32/nios2-elf/lib\libc.a
LOAD c:/software/altera/18.1/nios2eds/bin/gnu/h-x86_64-mingw32/bin/../lib/gcc/nios2-elf/5.3.0\libgcc.a
LOAD ../Lab2_CLI_Testing_bsp/\libhal_bsp.a
LOAD c:/software/altera/18.1/nios2eds/bin/gnu/h-x86_64-mingw32/bin/../lib/gcc/nios2-elf/5.3.0/../../../../../H-x86_64-mingw32/nios2-elf/lib\libm.a
END GROUP
LOAD c:/software/altera/18.1/nios2eds/bin/gnu/h-x86_64-mingw32/bin/../lib/gcc/nios2-elf/5.3.0\libgcc.a
                0x0000000000800000                __alt_mem_sdram_0 = 0x800000

.entry          0x0000000000800000       0x20
 *(.entry)
 .entry         0x0000000000800000       0x20 ../Lab2_CLI_Testing_bsp//obj/HAL/src/crt0.o
                0x0000000000800000                __reset

.exceptions     0x0000000000800020      0x228
                0x0000000000800020                PROVIDE (__ram_exceptions_start, ABSOLUTE (.))
                0x0000000000800020                . = ALIGN (0x20)
 *(.irq)
 *(.exceptions.entry.label)
 .exceptions.entry.label
                0x0000000000800020        0x0 ../Lab2_CLI_Testing_bsp/\libhal_bsp.a(alt_irq_entry.o)
                0x0000000000800020                alt_irq_entry
 .exceptions.entry.label
                0x0000000000800020        0x0 ../Lab2_CLI_Testing_bsp/\libhal_bsp.a(alt_exception_entry.o)
                0x0000000000800020                alt_exception
 *(.exceptions.entry.user)
 *(.exceptions.entry.ecc_fatal)
 *(.exceptions.entry)
 .exceptions.entry
                0x0000000000800020       0x54 ../Lab2_CLI_Testing_bsp/\libhal_bsp.a(alt_exception_entry.o)
 *(.exceptions.irqtest.user)
 *(.exceptions.irqtest)
 .exceptions.irqtest
                0x0000000000800074       0x10 ../Lab2_CLI_Testing_bsp/\libhal_bsp.a(alt_irq_entry.o)
 *(.exceptions.irqhandler.user)
 *(.exceptions.irqhandler)
 .exceptions.irqhandler
                0x0000000000800084        0x4 ../Lab2_CLI_Testing_bsp/\libhal_bsp.a(alt_irq_entry.o)
 *(.exceptions.irqreturn.user)
 *(.exceptions.irqreturn)
 .exceptions.irqreturn
                0x0000000000800088        0x4 ../Lab2_CLI_Testing_bsp/\libhal_bsp.a(alt_irq_entry.o)
 *(.exceptions.notirq.label)
 .exceptions.notirq.label
                0x000000000080008c        0x0 ../Lab2_CLI_Testing_bsp/\libhal_bsp.a(alt_irq_entry.o)
 *(.exceptions.notirq.user)
 *(.exceptions.notirq)
 .exceptions.notirq
                0x000000000080008c        0x8 ../Lab2_CLI_Testing_bsp/\libhal_bsp.a(alt_exception_entry.o)
 *(.exceptions.soft.user)
 *(.exceptions.soft)
 *(.exceptions.unknown.user)
 *(.exceptions.unknown)
 .exceptions.unknown
                0x0000000000800094       0x14 ../Lab2_CLI_Testing_bsp/\libhal_bsp.a(alt_exception_entry.o)
 *(.exceptions.exit.label)
 .exceptions.exit.label
                0x00000000008000a8        0x0 ../Lab2_CLI_Testing_bsp/\libhal_bsp.a(alt_irq_entry.o)
 .exceptions.exit.label
                0x00000000008000a8        0x0 ../Lab2_CLI_Testing_bsp/\libhal_bsp.a(alt_exception_entry.o)
 *(.exceptions.exit.user)
 *(.exceptions.exit)
 .exceptions.exit
                0x00000000008000a8       0x54 ../Lab2_CLI_Testing_bsp/\libhal_bsp.a(alt_exception_entry.o)
 *(.exceptions)
 .exceptions    0x00000000008000fc       0xd8 ../Lab2_CLI_Testing_bsp/\libhal_bsp.a(alt_irq_handler.o)
                0x00000000008000fc                alt_irq_handler
 .exceptions    0x00000000008001d4       0x74 ../Lab2_CLI_Testing_bsp/\libhal_bsp.a(alt_instruction_exception_entry.o)
                0x00000000008001d4                alt_instruction_exception_entry
                0x0000000000800248                PROVIDE (__ram_exceptions_end, ABSOLUTE (.))
                0x0000000000800020                PROVIDE (__flash_exceptions_start, LOADADDR (.exceptions))

.text           0x0000000000800248    0x10ce8
                [!provide]                        PROVIDE (stext, ABSOLUTE (.))
 *(.interp)
 *(.hash)
 *(.dynsym)
 *(.dynstr)
 *(.gnu.version)
 *(.gnu.version_d)
 *(.gnu.version_r)
 *(.rel.init)
 *(.rela.init)
 *(.rel.text .rel.text.* .rel.gnu.linkonce.t.*)
 *(.rela.text .rela.text.* .rela.gnu.linkonce.t.*)
 *(.rel.fini)
 *(.rela.fini)
 *(.rel.rodata .rel.rodata.* .rel.gnu.linkonce.r.*)
 *(.rela.rodata .rela.rodata.* .rela.gnu.linkonce.r.*)
 *(.rel.data .rel.data.* .rel.gnu.linkonce.d.*)
 *(.rela.data .rela.data.* .rela.gnu.linkonce.d.*)
 *(.rel.tdata .rel.tdata.* .rel.gnu.linkonce.td.*)
 *(.rela.tdata .rela.tdata.* .rela.gnu.linkonce.td.*)
 *(.rel.tbss .rel.tbss.* .rel.gnu.linkonce.tb.*)
 *(.rela.tbss .rela.tbss.* .rela.gnu.linkonce.tb.*)
 *(.rel.ctors)
 *(.rela.ctors)
 *(.rel.dtors)
 *(.rela.dtors)
 *(.rel.got)
 *(.rela.got)
 *(.rel.sdata .rel.sdata.* .rel.gnu.linkonce.s.*)
 *(.rela.sdata .rela.sdata.* .rela.gnu.linkonce.s.*)
 *(.rel.sbss .rel.sbss.* .rel.gnu.linkonce.sb.*)
 *(.rela.sbss .rela.sbss.* .rela.gnu.linkonce.sb.*)
 *(.rel.sdata2 .rel.sdata2.* .rel.gnu.linkonce.s2.*)
 *(.rela.sdata2 .rela.sdata2.* .rela.gnu.linkonce.s2.*)
 *(.rel.sbss2 .rel.sbss2.* .rel.gnu.linkonce.sb2.*)
 *(.rela.sbss2 .rela.sbss2.* .rela.gnu.linkonce.sb2.*)
 *(.rel.bss .rel.bss.* .rel.gnu.linkonce.b.*)
 *(.rela.bss .rela.bss.* .rela.gnu.linkonce.b.*)
 *(.rel.plt)
 *(.rela.plt)
 *(.rel.dyn)
 *(.init)
 *(.plt)
 *(.text .stub .text.* .gnu.linkonce.t.*)
 .text          0x0000000000800248       0x4c ../Lab2_CLI_Testing_bsp//obj/HAL/src/crt0.o
                0x0000000000800248                _start
 .text          0x0000000000800294       0x24 obj/default/fatfs.o
                0x0000000000800294                ffs_Init
 .text          0x00000000008002b8     0x12d0 obj/default/fatfs_diskio.o
                0x0000000000800a4c                ffs_DiskIOInit
                0x0000000000800a78                ffs_DiskIOTimerproc
                0x0000000000800b84                ffs_DiskIOInitialize
                0x0000000000800de0                ffs_DiskIOStatus
                0x0000000000800e08                ffs_DiskIORead
                0x0000000000800f28                ffs_DiskIOWrite
                0x0000000000801098                ffs_DiskIOIoctl
                0x000000000080155c                get_fattime
 .text          0x0000000000801588        0x0 obj/default/fatfs_nios2_de0_nano_spi.o
 .text          0x0000000000801588        0x0 obj/default/fatfs_nios2_de1_pio.o
 .text          0x0000000000801588        0x0 obj/default/fatfs_nios2_de1_spi.o
 .text          0x0000000000801588     0x6b6c obj/default/ff.o
                0x0000000000801ad8                clust2sect
                0x0000000000801b44                get_fat
                0x0000000000801dd4                put_fat
                0x0000000000803f60                f_mount
                0x0000000000803ff4                f_open
                0x0000000000804478                f_read
                0x0000000000804960                f_write
                0x0000000000804ee4                f_sync
                0x000000000080516c                f_close
                0x00000000008051b4                f_lseek
                0x00000000008056a4                f_opendir
                0x0000000000805814                f_readdir
                0x00000000008058f8                f_stat
                0x0000000000805998                f_getfree
                0x0000000000805c84                f_truncate
                0x0000000000805e6c                f_unlink
                0x0000000000806084                f_mkdir
                0x00000000008064bc                f_chmod
                0x00000000008065c8                f_utime
                0x00000000008066dc                f_rename
                0x00000000008069f0                f_mkfs
                0x00000000008078b0                f_gets
                0x0000000000807988                f_putc
                0x00000000008079fc                f_puts
                0x0000000000807a94                f_printf
 .text          0x00000000008080f4     0x1a88 obj/default/hello_world.o
                0x00000000008083cc                main
 .text          0x0000000000809b7c      0x9a8 obj/default/monitor.o
                0x0000000000809b7c                xatoi
                0x0000000000809e00                xputc
                0x0000000000809e54                xputs
                0x0000000000809ec0                xitoa
                0x000000000080a080                xprintf
                0x000000000080a344                put_dump
                0x000000000080a464                get_line
 .text          0x000000000080a524       0xb0 obj/default/uart_nios2.o
                0x000000000080a524                uart0_init
                0x000000000080a548                uart0_put
                0x000000000080a584                uart0_get
 .text          0x000000000080a5d4      0x1b4 c:/software/altera/18.1/nios2eds/bin/gnu/h-x86_64-mingw32/bin/../lib/gcc/nios2-elf/5.3.0\libgcc.a(lib2-divmod.o)
                0x000000000080a5d4                __divsi3
                0x000000000080a658                __modsi3
                0x000000000080a6cc                __udivsi3
                0x000000000080a730                __umodsi3
 .text          0x000000000080a788        0x0 c:/software/altera/18.1/nios2eds/bin/gnu/h-x86_64-mingw32/bin/../lib/gcc/nios2-elf/5.3.0/../../../../../H-x86_64-mingw32/nios2-elf/lib\libc.a(lib_a-getc.o)
 .text._getc_r  0x000000000080a788       0x70 c:/software/altera/18.1/nios2eds/bin/gnu/h-x86_64-mingw32/bin/../lib/gcc/nios2-elf/5.3.0/../../../../../H-x86_64-mingw32/nios2-elf/lib\libc.a(lib_a-getc.o)
                0x000000000080a788                _getc_r
 .text.getc     0x000000000080a7f8       0x88 c:/software/altera/18.1/nios2eds/bin/gnu/h-x86_64-mingw32/bin/../lib/gcc/nios2-elf/5.3.0/../../../../../H-x86_64-mingw32/nios2-elf/lib\libc.a(lib_a-getc.o)
                0x000000000080a7f8                getc
 .text          0x000000000080a880        0x0 c:/software/altera/18.1/nios2eds/bin/gnu/h-x86_64-mingw32/bin/../lib/gcc/nios2-elf/5.3.0/../../../../../H-x86_64-mingw32/nios2-elf/lib\libc.a(lib_a-impure.o)
 .text          0x000000000080a880        0x0 c:/software/altera/18.1/nios2eds/bin/gnu/h-x86_64-mingw32/bin/../lib/gcc/nios2-elf/5.3.0/../../../../../H-x86_64-mingw32/nios2-elf/lib\libc.a(lib_a-memset.o)
 .text.memset   0x000000000080a880      0x128 c:/software/altera/18.1/nios2eds/bin/gnu/h-x86_64-mingw32/bin/../lib/gcc/nios2-elf/5.3.0/../../../../../H-x86_64-mingw32/nios2-elf/lib\libc.a(lib_a-memset.o)
                0x000000000080a880                memset
 .text          0x000000000080a9a8        0x0 c:/software/altera/18.1/nios2eds/bin/gnu/h-x86_64-mingw32/bin/../lib/gcc/nios2-elf/5.3.0/../../../../../H-x86_64-mingw32/nios2-elf/lib\libc.a(lib_a-putchar.o)
 .text._putchar_r
                0x000000000080a9a8        0x8 c:/software/altera/18.1/nios2eds/bin/gnu/h-x86_64-mingw32/bin/../lib/gcc/nios2-elf/5.3.0/../../../../../H-x86_64-mingw32/nios2-elf/lib\libc.a(lib_a-putchar.o)
                0x000000000080a9a8                _putchar_r
 .text.putchar  0x000000000080a9b0       0x18 c:/software/altera/18.1/nios2eds/bin/gnu/h-x86_64-mingw32/bin/../lib/gcc/nios2-elf/5.3.0/../../../../../H-x86_64-mingw32/nios2-elf/lib\libc.a(lib_a-putchar.o)
                0x000000000080a9b0                putchar
 .text          0x000000000080a9c8        0x0 c:/software/altera/18.1/nios2eds/bin/gnu/h-x86_64-mingw32/bin/../lib/gcc/nios2-elf/5.3.0/../../../../../H-x86_64-mingw32/nios2-elf/lib\libc.a(lib_a-rget.o)
 .text.__srget_r
                0x000000000080a9c8       0x74 c:/software/altera/18.1/nios2eds/bin/gnu/h-x86_64-mingw32/bin/../lib/gcc/nios2-elf/5.3.0/../../../../../H-x86_64-mingw32/nios2-elf/lib\libc.a(lib_a-rget.o)
                0x000000000080a9c8                __srget_r
 .text.__srget  0x000000000080aa3c       0x14 c:/software/altera/18.1/nios2eds/bin/gnu/h-x86_64-mingw32/bin/../lib/gcc/nios2-elf/5.3.0/../../../../../H-x86_64-mingw32/nios2-elf/lib\libc.a(lib_a-rget.o)
                0x000000000080aa3c                __srget
 .text          0x000000000080aa50        0x0 c:/software/altera/18.1/nios2eds/bin/gnu/h-x86_64-mingw32/bin/../lib/gcc/nios2-elf/5.3.0/../../../../../H-x86_64-mingw32/nios2-elf/lib\libc.a(lib_a-strcpy.o)
 .text.strcpy   0x000000000080aa50       0x90 c:/software/altera/18.1/nios2eds/bin/gnu/h-x86_64-mingw32/bin/../lib/gcc/nios2-elf/5.3.0/../../../../../H-x86_64-mingw32/nios2-elf/lib\libc.a(lib_a-strcpy.o)
                0x000000000080aa50                strcpy
 .text          0x000000000080aae0        0x0 c:/software/altera/18.1/nios2eds/bin/gnu/h-x86_64-mingw32/bin/../lib/gcc/nios2-elf/5.3.0/../../../../../H-x86_64-mingw32/nios2-elf/lib\libc.a(lib_a-strlen.o)
 .text.strlen   0x000000000080aae0       0x98 c:/software/altera/18.1/nios2eds/bin/gnu/h-x86_64-mingw32/bin/../lib/gcc/nios2-elf/5.3.0/../../../../../H-x86_64-mingw32/nios2-elf/lib\libc.a(lib_a-strlen.o)
                0x000000000080aae0                strlen
 .text          0x000000000080ab78        0x0 c:/software/altera/18.1/nios2eds/bin/gnu/h-x86_64-mingw32/bin/../lib/gcc/nios2-elf/5.3.0/../../../../../H-x86_64-mingw32/nios2-elf/lib\libc.a(lib_a-findfp.o)
 .text.__fp_unlock
                0x000000000080ab78        0x8 c:/software/altera/18.1/nios2eds/bin/gnu/h-x86_64-mingw32/bin/../lib/gcc/nios2-elf/5.3.0/../../../../../H-x86_64-mingw32/nios2-elf/lib\libc.a(lib_a-findfp.o)
 .text._cleanup_r
                0x000000000080ab80        0xc c:/software/altera/18.1/nios2eds/bin/gnu/h-x86_64-mingw32/bin/../lib/gcc/nios2-elf/5.3.0/../../../../../H-x86_64-mingw32/nios2-elf/lib\libc.a(lib_a-findfp.o)
                0x000000000080ab80                _cleanup_r
 .text.__sinit.part.1
                0x000000000080ab8c      0x19c c:/software/altera/18.1/nios2eds/bin/gnu/h-x86_64-mingw32/bin/../lib/gcc/nios2-elf/5.3.0/../../../../../H-x86_64-mingw32/nios2-elf/lib\libc.a(lib_a-findfp.o)
 .text.__fp_lock
                0x000000000080ad28        0x8 c:/software/altera/18.1/nios2eds/bin/gnu/h-x86_64-mingw32/bin/../lib/gcc/nios2-elf/5.3.0/../../../../../H-x86_64-mingw32/nios2-elf/lib\libc.a(lib_a-findfp.o)
 .text.__sfmoreglue
                0x000000000080ad30       0x68 c:/software/altera/18.1/nios2eds/bin/gnu/h-x86_64-mingw32/bin/../lib/gcc/nios2-elf/5.3.0/../../../../../H-x86_64-mingw32/nios2-elf/lib\libc.a(lib_a-findfp.o)
                0x000000000080ad30                __sfmoreglue
 .text.__sfp    0x000000000080ad98      0x118 c:/software/altera/18.1/nios2eds/bin/gnu/h-x86_64-mingw32/bin/../lib/gcc/nios2-elf/5.3.0/../../../../../H-x86_64-mingw32/nios2-elf/lib\libc.a(lib_a-findfp.o)
                0x000000000080ad98                __sfp
 .text._cleanup
                0x000000000080aeb0       0x18 c:/software/altera/18.1/nios2eds/bin/gnu/h-x86_64-mingw32/bin/../lib/gcc/nios2-elf/5.3.0/../../../../../H-x86_64-mingw32/nios2-elf/lib\libc.a(lib_a-findfp.o)
                0x000000000080aeb0                _cleanup
 .text.__sinit  0x000000000080aec8       0x10 c:/software/altera/18.1/nios2eds/bin/gnu/h-x86_64-mingw32/bin/../lib/gcc/nios2-elf/5.3.0/../../../../../H-x86_64-mingw32/nios2-elf/lib\libc.a(lib_a-findfp.o)
                0x000000000080aec8                __sinit
 .text.__sfp_lock_acquire
                0x000000000080aed8        0x4 c:/software/altera/18.1/nios2eds/bin/gnu/h-x86_64-mingw32/bin/../lib/gcc/nios2-elf/5.3.0/../../../../../H-x86_64-mingw32/nios2-elf/lib\libc.a(lib_a-findfp.o)
                0x000000000080aed8                __sfp_lock_acquire
 .text.__sfp_lock_release
                0x000000000080aedc        0x4 c:/software/altera/18.1/nios2eds/bin/gnu/h-x86_64-mingw32/bin/../lib/gcc/nios2-elf/5.3.0/../../../../../H-x86_64-mingw32/nios2-elf/lib\libc.a(lib_a-findfp.o)
                0x000000000080aedc                __sfp_lock_release
 .text.__sinit_lock_acquire
                0x000000000080aee0        0x4 c:/software/altera/18.1/nios2eds/bin/gnu/h-x86_64-mingw32/bin/../lib/gcc/nios2-elf/5.3.0/../../../../../H-x86_64-mingw32/nios2-elf/lib\libc.a(lib_a-findfp.o)
                0x000000000080aee0                __sinit_lock_acquire
 .text.__sinit_lock_release
                0x000000000080aee4        0x4 c:/software/altera/18.1/nios2eds/bin/gnu/h-x86_64-mingw32/bin/../lib/gcc/nios2-elf/5.3.0/../../../../../H-x86_64-mingw32/nios2-elf/lib\libc.a(lib_a-findfp.o)
                0x000000000080aee4                __sinit_lock_release
 .text.__fp_lock_all
                0x000000000080aee8       0x18 c:/software/altera/18.1/nios2eds/bin/gnu/h-x86_64-mingw32/bin/../lib/gcc/nios2-elf/5.3.0/../../../../../H-x86_64-mingw32/nios2-elf/lib\libc.a(lib_a-findfp.o)
                0x000000000080aee8                __fp_lock_all
 .text.__fp_unlock_all
                0x000000000080af00       0x18 c:/software/altera/18.1/nios2eds/bin/gnu/h-x86_64-mingw32/bin/../lib/gcc/nios2-elf/5.3.0/../../../../../H-x86_64-mingw32/nios2-elf/lib\libc.a(lib_a-findfp.o)
                0x000000000080af00                __fp_unlock_all
 .text          0x000000000080af18        0x0 c:/software/altera/18.1/nios2eds/bin/gnu/h-x86_64-mingw32/bin/../lib/gcc/nios2-elf/5.3.0/../../../../../H-x86_64-mingw32/nios2-elf/lib\libc.a(lib_a-fwalk.o)
 .text._fwalk   0x000000000080af18       0xc4 c:/software/altera/18.1/nios2eds/bin/gnu/h-x86_64-mingw32/bin/../lib/gcc/nios2-elf/5.3.0/../../../../../H-x86_64-mingw32/nios2-elf/lib\libc.a(lib_a-fwalk.o)
                0x000000000080af18                _fwalk
 .text._fwalk_reent
                0x000000000080afdc       0xc4 c:/software/altera/18.1/nios2eds/bin/gnu/h-x86_64-mingw32/bin/../lib/gcc/nios2-elf/5.3.0/../../../../../H-x86_64-mingw32/nios2-elf/lib\libc.a(lib_a-fwalk.o)
                0x000000000080afdc                _fwalk_reent
 .text          0x000000000080b0a0        0x0 c:/software/altera/18.1/nios2eds/bin/gnu/h-x86_64-mingw32/bin/../lib/gcc/nios2-elf/5.3.0/../../../../../H-x86_64-mingw32/nios2-elf/lib\libc.a(lib_a-mallocr.o)
 .text._malloc_r
                0x000000000080b0a0      0x80c c:/software/altera/18.1/nios2eds/bin/gnu/h-x86_64-mingw32/bin/../lib/gcc/nios2-elf/5.3.0/../../../../../H-x86_64-mingw32/nios2-elf/lib\libc.a(lib_a-mallocr.o)
                0x000000000080b0a0                _malloc_r
 .text          0x000000000080b8ac        0x0 c:/software/altera/18.1/nios2eds/bin/gnu/h-x86_64-mingw32/bin/../lib/gcc/nios2-elf/5.3.0/../../../../../H-x86_64-mingw32/nios2-elf/lib\libc.a(lib_a-putc.o)
 .text._putc_r  0x000000000080b8ac       0xa0 c:/software/altera/18.1/nios2eds/bin/gnu/h-x86_64-mingw32/bin/../lib/gcc/nios2-elf/5.3.0/../../../../../H-x86_64-mingw32/nios2-elf/lib\libc.a(lib_a-putc.o)
                0x000000000080b8ac                _putc_r
 .text.putc     0x000000000080b94c       0xc8 c:/software/altera/18.1/nios2eds/bin/gnu/h-x86_64-mingw32/bin/../lib/gcc/nios2-elf/5.3.0/../../../../../H-x86_64-mingw32/nios2-elf/lib\libc.a(lib_a-putc.o)
                0x000000000080b94c                putc
 .text          0x000000000080ba14        0x0 c:/software/altera/18.1/nios2eds/bin/gnu/h-x86_64-mingw32/bin/../lib/gcc/nios2-elf/5.3.0/../../../../../H-x86_64-mingw32/nios2-elf/lib\libc.a(lib_a-refill.o)
 .text.lflush   0x000000000080ba14       0x1c c:/software/altera/18.1/nios2eds/bin/gnu/h-x86_64-mingw32/bin/../lib/gcc/nios2-elf/5.3.0/../../../../../H-x86_64-mingw32/nios2-elf/lib\libc.a(lib_a-refill.o)
 .text.__srefill_r
                0x000000000080ba30      0x1d4 c:/software/altera/18.1/nios2eds/bin/gnu/h-x86_64-mingw32/bin/../lib/gcc/nios2-elf/5.3.0/../../../../../H-x86_64-mingw32/nios2-elf/lib\libc.a(lib_a-refill.o)
                0x000000000080ba30                __srefill_r
 .text          0x000000000080bc04        0x0 c:/software/altera/18.1/nios2eds/bin/gnu/h-x86_64-mingw32/bin/../lib/gcc/nios2-elf/5.3.0/../../../../../H-x86_64-mingw32/nios2-elf/lib\libc.a(lib_a-sbrkr.o)
 .text._sbrk_r  0x000000000080bc04       0x54 c:/software/altera/18.1/nios2eds/bin/gnu/h-x86_64-mingw32/bin/../lib/gcc/nios2-elf/5.3.0/../../../../../H-x86_64-mingw32/nios2-elf/lib\libc.a(lib_a-sbrkr.o)
                0x000000000080bc04                _sbrk_r
 .text          0x000000000080bc58        0x0 c:/software/altera/18.1/nios2eds/bin/gnu/h-x86_64-mingw32/bin/../lib/gcc/nios2-elf/5.3.0/../../../../../H-x86_64-mingw32/nios2-elf/lib\libc.a(lib_a-stdio.o)
 .text.__sread  0x000000000080bc58       0x54 c:/software/altera/18.1/nios2eds/bin/gnu/h-x86_64-mingw32/bin/../lib/gcc/nios2-elf/5.3.0/../../../../../H-x86_64-mingw32/nios2-elf/lib\libc.a(lib_a-stdio.o)
                0x000000000080bc58                __sread
 .text.__seofread
                0x000000000080bcac        0x8 c:/software/altera/18.1/nios2eds/bin/gnu/h-x86_64-mingw32/bin/../lib/gcc/nios2-elf/5.3.0/../../../../../H-x86_64-mingw32/nios2-elf/lib\libc.a(lib_a-stdio.o)
                0x000000000080bcac                __seofread
 .text.__swrite
                0x000000000080bcb4       0x7c c:/software/altera/18.1/nios2eds/bin/gnu/h-x86_64-mingw32/bin/../lib/gcc/nios2-elf/5.3.0/../../../../../H-x86_64-mingw32/nios2-elf/lib\libc.a(lib_a-stdio.o)
                0x000000000080bcb4                __swrite
 .text.__sseek  0x000000000080bd30       0x5c c:/software/altera/18.1/nios2eds/bin/gnu/h-x86_64-mingw32/bin/../lib/gcc/nios2-elf/5.3.0/../../../../../H-x86_64-mingw32/nios2-elf/lib\libc.a(lib_a-stdio.o)
                0x000000000080bd30                __sseek
 .text.__sclose
                0x000000000080bd8c        0x8 c:/software/altera/18.1/nios2eds/bin/gnu/h-x86_64-mingw32/bin/../lib/gcc/nios2-elf/5.3.0/../../../../../H-x86_64-mingw32/nios2-elf/lib\libc.a(lib_a-stdio.o)
                0x000000000080bd8c                __sclose
 .text          0x000000000080bd94        0x0 c:/software/altera/18.1/nios2eds/bin/gnu/h-x86_64-mingw32/bin/../lib/gcc/nios2-elf/5.3.0/../../../../../H-x86_64-mingw32/nios2-elf/lib\libc.a(lib_a-wbuf.o)
 .text.__swbuf_r
                0x000000000080bd94      0x140 c:/software/altera/18.1/nios2eds/bin/gnu/h-x86_64-mingw32/bin/../lib/gcc/nios2-elf/5.3.0/../../../../../H-x86_64-mingw32/nios2-elf/lib\libc.a(lib_a-wbuf.o)
                0x000000000080bd94                __swbuf_r
 .text.__swbuf  0x000000000080bed4       0x18 c:/software/altera/18.1/nios2eds/bin/gnu/h-x86_64-mingw32/bin/../lib/gcc/nios2-elf/5.3.0/../../../../../H-x86_64-mingw32/nios2-elf/lib\libc.a(lib_a-wbuf.o)
                0x000000000080bed4                __swbuf
 .text          0x000000000080beec        0x0 c:/software/altera/18.1/nios2eds/bin/gnu/h-x86_64-mingw32/bin/../lib/gcc/nios2-elf/5.3.0/../../../../../H-x86_64-mingw32/nios2-elf/lib\libc.a(lib_a-writer.o)
 .text._write_r
                0x000000000080beec       0x60 c:/software/altera/18.1/nios2eds/bin/gnu/h-x86_64-mingw32/bin/../lib/gcc/nios2-elf/5.3.0/../../../../../H-x86_64-mingw32/nios2-elf/lib\libc.a(lib_a-writer.o)
                0x000000000080beec                _write_r
 .text          0x000000000080bf4c        0x0 c:/software/altera/18.1/nios2eds/bin/gnu/h-x86_64-mingw32/bin/../lib/gcc/nios2-elf/5.3.0/../../../../../H-x86_64-mingw32/nios2-elf/lib\libc.a(lib_a-wsetup.o)
 .text.__swsetup_r
                0x000000000080bf4c      0x154 c:/software/altera/18.1/nios2eds/bin/gnu/h-x86_64-mingw32/bin/../lib/gcc/nios2-elf/5.3.0/../../../../../H-x86_64-mingw32/nios2-elf/lib\libc.a(lib_a-wsetup.o)
                0x000000000080bf4c                __swsetup_r
 .text          0x000000000080c0a0        0x0 c:/software/altera/18.1/nios2eds/bin/gnu/h-x86_64-mingw32/bin/../lib/gcc/nios2-elf/5.3.0/../../../../../H-x86_64-mingw32/nios2-elf/lib\libc.a(closer.o)
 .text._close_r
                0x000000000080c0a0       0x54 c:/software/altera/18.1/nios2eds/bin/gnu/h-x86_64-mingw32/bin/../lib/gcc/nios2-elf/5.3.0/../../../../../H-x86_64-mingw32/nios2-elf/lib\libc.a(closer.o)
                0x000000000080c0a0                _close_r
 .text          0x000000000080c0f4        0x0 c:/software/altera/18.1/nios2eds/bin/gnu/h-x86_64-mingw32/bin/../lib/gcc/nios2-elf/5.3.0/../../../../../H-x86_64-mingw32/nios2-elf/lib\libc.a(lib_a-fclose.o)
 .text._fclose_r
                0x000000000080c0f4       0xf0 c:/software/altera/18.1/nios2eds/bin/gnu/h-x86_64-mingw32/bin/../lib/gcc/nios2-elf/5.3.0/../../../../../H-x86_64-mingw32/nios2-elf/lib\libc.a(lib_a-fclose.o)
                0x000000000080c0f4                _fclose_r
 .text.fclose   0x000000000080c1e4       0x14 c:/software/altera/18.1/nios2eds/bin/gnu/h-x86_64-mingw32/bin/../lib/gcc/nios2-elf/5.3.0/../../../../../H-x86_64-mingw32/nios2-elf/lib\libc.a(lib_a-fclose.o)
                0x000000000080c1e4                fclose
 .text          0x000000000080c1f8        0x0 c:/software/altera/18.1/nios2eds/bin/gnu/h-x86_64-mingw32/bin/../lib/gcc/nios2-elf/5.3.0/../../../../../H-x86_64-mingw32/nios2-elf/lib\libc.a(lib_a-fflush.o)
 .text.__sflush_r
                0x000000000080c1f8      0x21c c:/software/altera/18.1/nios2eds/bin/gnu/h-x86_64-mingw32/bin/../lib/gcc/nios2-elf/5.3.0/../../../../../H-x86_64-mingw32/nios2-elf/lib\libc.a(lib_a-fflush.o)
                0x000000000080c1f8                __sflush_r
 .text._fflush_r
                0x000000000080c414       0x5c c:/software/altera/18.1/nios2eds/bin/gnu/h-x86_64-mingw32/bin/../lib/gcc/nios2-elf/5.3.0/../../../../../H-x86_64-mingw32/nios2-elf/lib\libc.a(lib_a-fflush.o)
                0x000000000080c414                _fflush_r
 .text.fflush   0x000000000080c470       0x30 c:/software/altera/18.1/nios2eds/bin/gnu/h-x86_64-mingw32/bin/../lib/gcc/nios2-elf/5.3.0/../../../../../H-x86_64-mingw32/nios2-elf/lib\libc.a(lib_a-fflush.o)
                0x000000000080c470                fflush
 .text          0x000000000080c4a0        0x0 c:/software/altera/18.1/nios2eds/bin/gnu/h-x86_64-mingw32/bin/../lib/gcc/nios2-elf/5.3.0/../../../../../H-x86_64-mingw32/nios2-elf/lib\libc.a(lib_a-freer.o)
 .text._malloc_trim_r
                0x000000000080c4a0      0x124 c:/software/altera/18.1/nios2eds/bin/gnu/h-x86_64-mingw32/bin/../lib/gcc/nios2-elf/5.3.0/../../../../../H-x86_64-mingw32/nios2-elf/lib\libc.a(lib_a-freer.o)
                0x000000000080c4a0                _malloc_trim_r
 .text._free_r  0x000000000080c5c4      0x310 c:/software/altera/18.1/nios2eds/bin/gnu/h-x86_64-mingw32/bin/../lib/gcc/nios2-elf/5.3.0/../../../../../H-x86_64-mingw32/nios2-elf/lib\libc.a(lib_a-freer.o)
                0x000000000080c5c4                _free_r
 .text          0x000000000080c8d4        0x0 c:/software/altera/18.1/nios2eds/bin/gnu/h-x86_64-mingw32/bin/../lib/gcc/nios2-elf/5.3.0/../../../../../H-x86_64-mingw32/nios2-elf/lib\libc.a(lib_a-int_errno.o)
 .text          0x000000000080c8d4        0x0 c:/software/altera/18.1/nios2eds/bin/gnu/h-x86_64-mingw32/bin/../lib/gcc/nios2-elf/5.3.0/../../../../../H-x86_64-mingw32/nios2-elf/lib\libc.a(lib_a-lseekr.o)
 .text._lseek_r
                0x000000000080c8d4       0x60 c:/software/altera/18.1/nios2eds/bin/gnu/h-x86_64-mingw32/bin/../lib/gcc/nios2-elf/5.3.0/../../../../../H-x86_64-mingw32/nios2-elf/lib\libc.a(lib_a-lseekr.o)
                0x000000000080c8d4                _lseek_r
 .text          0x000000000080c934        0x0 c:/software/altera/18.1/nios2eds/bin/gnu/h-x86_64-mingw32/bin/../lib/gcc/nios2-elf/5.3.0/../../../../../H-x86_64-mingw32/nios2-elf/lib\libc.a(lib_a-makebuf.o)
 .text.__smakebuf_r
                0x000000000080c934      0x1bc c:/software/altera/18.1/nios2eds/bin/gnu/h-x86_64-mingw32/bin/../lib/gcc/nios2-elf/5.3.0/../../../../../H-x86_64-mingw32/nios2-elf/lib\libc.a(lib_a-makebuf.o)
                0x000000000080c934                __smakebuf_r
 .text          0x000000000080caf0        0x0 c:/software/altera/18.1/nios2eds/bin/gnu/h-x86_64-mingw32/bin/../lib/gcc/nios2-elf/5.3.0/../../../../../H-x86_64-mingw32/nios2-elf/lib\libc.a(lib_a-readr.o)
 .text._read_r  0x000000000080caf0       0x60 c:/software/altera/18.1/nios2eds/bin/gnu/h-x86_64-mingw32/bin/../lib/gcc/nios2-elf/5.3.0/../../../../../H-x86_64-mingw32/nios2-elf/lib\libc.a(lib_a-readr.o)
                0x000000000080caf0                _read_r
 .text          0x000000000080cb50        0x0 c:/software/altera/18.1/nios2eds/bin/gnu/h-x86_64-mingw32/bin/../lib/gcc/nios2-elf/5.3.0/../../../../../H-x86_64-mingw32/nios2-elf/lib\libc.a(lib_a-fstatr.o)
 .text._fstat_r
                0x000000000080cb50       0x5c c:/software/altera/18.1/nios2eds/bin/gnu/h-x86_64-mingw32/bin/../lib/gcc/nios2-elf/5.3.0/../../../../../H-x86_64-mingw32/nios2-elf/lib\libc.a(lib_a-fstatr.o)
                0x000000000080cb50                _fstat_r
 .text          0x000000000080cbac        0x0 c:/software/altera/18.1/nios2eds/bin/gnu/h-x86_64-mingw32/bin/../lib/gcc/nios2-elf/5.3.0/../../../../../H-x86_64-mingw32/nios2-elf/lib\libc.a(lib_a-isattyr.o)
 .text._isatty_r
                0x000000000080cbac       0x54 c:/software/altera/18.1/nios2eds/bin/gnu/h-x86_64-mingw32/bin/../lib/gcc/nios2-elf/5.3.0/../../../../../H-x86_64-mingw32/nios2-elf/lib\libc.a(lib_a-isattyr.o)
                0x000000000080cbac                _isatty_r
 .text          0x000000000080cc00      0x12c ../Lab2_CLI_Testing_bsp/\libhal_bsp.a(alt_alarm_start.o)
                0x000000000080cc00                alt_alarm_start
 .text          0x000000000080cd2c      0x10c ../Lab2_CLI_Testing_bsp/\libhal_bsp.a(alt_close.o)
                0x000000000080cd68                close
 .text          0x000000000080ce38       0x2c ../Lab2_CLI_Testing_bsp/\libhal_bsp.a(alt_dev.o)
 .text          0x000000000080ce64        0x0 ../Lab2_CLI_Testing_bsp/\libhal_bsp.a(alt_errno.o)
 .text          0x000000000080ce64       0xec ../Lab2_CLI_Testing_bsp/\libhal_bsp.a(alt_fstat.o)
                0x000000000080cea0                fstat
 .text          0x000000000080cf50       0xe0 ../Lab2_CLI_Testing_bsp/\libhal_bsp.a(alt_isatty.o)
                0x000000000080cf8c                isatty
 .text          0x000000000080d030       0xec ../Lab2_CLI_Testing_bsp/\libhal_bsp.a(alt_load.o)
                0x000000000080d098                alt_load
 .text          0x000000000080d11c      0x110 ../Lab2_CLI_Testing_bsp/\libhal_bsp.a(alt_lseek.o)
                0x000000000080d158                lseek
 .text          0x000000000080d22c       0x7c ../Lab2_CLI_Testing_bsp/\libhal_bsp.a(alt_main.o)
                0x000000000080d22c                alt_main
 .text          0x000000000080d2a8       0x48 ../Lab2_CLI_Testing_bsp/\libhal_bsp.a(alt_malloc_lock.o)
                0x000000000080d2a8                __malloc_lock
                0x000000000080d2cc                __malloc_unlock
 .text          0x000000000080d2f0      0x22c ../Lab2_CLI_Testing_bsp/\libhal_bsp.a(alt_printf.o)
                0x000000000080d2f0                alt_printf
 .text          0x000000000080d51c       0x3c ../Lab2_CLI_Testing_bsp/\libhal_bsp.a(alt_putchar.o)
                0x000000000080d51c                alt_putchar
 .text          0x000000000080d558      0x138 ../Lab2_CLI_Testing_bsp/\libhal_bsp.a(alt_read.o)
                0x000000000080d594                read
 .text          0x000000000080d690       0x64 ../Lab2_CLI_Testing_bsp/\libhal_bsp.a(alt_release_fd.o)
                0x000000000080d690                alt_release_fd
 .text          0x000000000080d6f4       0xb0 ../Lab2_CLI_Testing_bsp/\libhal_bsp.a(alt_sbrk.o)
                0x000000000080d6f4                sbrk
 .text          0x000000000080d7a4      0x1a4 ../Lab2_CLI_Testing_bsp/\libhal_bsp.a(alt_tick.o)
                0x000000000080d7a4                alt_alarm_stop
                0x000000000080d840                alt_tick
 .text          0x000000000080d948      0x134 ../Lab2_CLI_Testing_bsp/\libhal_bsp.a(alt_write.o)
                0x000000000080d984                write
 .text          0x000000000080da7c      0x10c ../Lab2_CLI_Testing_bsp/\libhal_bsp.a(alt_sys_init.o)
                0x000000000080dab0                alt_irq_init
                0x000000000080dae8                alt_sys_init
 .text          0x000000000080db88       0xc0 ../Lab2_CLI_Testing_bsp/\libhal_bsp.a(altera_avalon_jtag_uart_fd.o)
                0x000000000080db88                altera_avalon_jtag_uart_read_fd
                0x000000000080dbe8                altera_avalon_jtag_uart_write_fd
 .text          0x000000000080dc48       0xec ../Lab2_CLI_Testing_bsp/\libhal_bsp.a(altera_avalon_jtag_uart_read.o)
                0x000000000080dc48                altera_avalon_jtag_uart_read
 .text          0x000000000080dd34       0x94 ../Lab2_CLI_Testing_bsp/\libhal_bsp.a(altera_avalon_jtag_uart_write.o)
                0x000000000080dd34                altera_avalon_jtag_uart_write
 .text          0x000000000080ddc8      0xe7c ../Lab2_CLI_Testing_bsp/\libhal_bsp.a(altera_avalon_lcd_16207.o)
                0x000000000080e58c                altera_avalon_lcd_16207_write
                0x000000000080eb10                altera_avalon_lcd_16207_init
 .text          0x000000000080ec44       0x60 ../Lab2_CLI_Testing_bsp/\libhal_bsp.a(altera_avalon_lcd_16207_fd.o)
                0x000000000080ec44                altera_avalon_lcd_16207_write_fd
 .text          0x000000000080eca4       0xf0 ../Lab2_CLI_Testing_bsp/\libhal_bsp.a(altera_avalon_timer_sc.o)
                0x000000000080ed20                alt_avalon_timer_sc_init
 .text          0x000000000080ed94      0x110 ../Lab2_CLI_Testing_bsp/\libhal_bsp.a(altera_avalon_uart_fd.o)
                0x000000000080ed94                altera_avalon_uart_read_fd
                0x000000000080edf4                altera_avalon_uart_write_fd
                0x000000000080ee54                altera_avalon_uart_close_fd
 .text          0x000000000080eea4      0x3c4 ../Lab2_CLI_Testing_bsp/\libhal_bsp.a(altera_avalon_uart_init.o)
                0x000000000080eea4                altera_avalon_uart_init
                0x000000000080f214                altera_avalon_uart_close
 .text          0x000000000080f268      0x218 ../Lab2_CLI_Testing_bsp/\libhal_bsp.a(altera_avalon_uart_read.o)
                0x000000000080f2a4                altera_avalon_uart_read
 .text          0x000000000080f480      0x1e8 ../Lab2_CLI_Testing_bsp/\libhal_bsp.a(altera_avalon_uart_write.o)
                0x000000000080f4bc                altera_avalon_uart_write
 .text          0x000000000080f668      0x7a8 ../Lab2_CLI_Testing_bsp/\libhal_bsp.a(altera_up_avalon_audio.o)
                0x000000000080f668                alt_up_audio_open_dev
                0x000000000080f6a4                alt_up_audio_enable_read_interrupt
                0x000000000080f6f8                alt_up_audio_disable_read_interrupt
                0x000000000080f750                alt_up_audio_enable_write_interrupt
                0x000000000080f7a4                alt_up_audio_disable_write_interrupt
                0x000000000080f7fc                alt_up_audio_read_interrupt_pending
                0x000000000080f83c                alt_up_audio_write_interrupt_pending
                0x000000000080f87c                alt_up_audio_reset_audio_core
                0x000000000080f910                alt_up_audio_read_fifo_avail
                0x000000000080f970                alt_up_audio_record_r
                0x000000000080f9d8                alt_up_audio_record_l
                0x000000000080fa40                alt_up_audio_write_fifo_space
                0x000000000080faa0                alt_up_audio_play_r
                0x000000000080fb08                alt_up_audio_play_l
                0x000000000080fb70                alt_up_audio_read_fifo
                0x000000000080fc50                alt_up_audio_write_fifo
                0x000000000080fd58                alt_up_audio_read_fifo_head
                0x000000000080fda8                alt_up_audio_write_fifo_head
 .text          0x000000000080fe10       0x48 ../Lab2_CLI_Testing_bsp/\libhal_bsp.a(alt_dcache_flush_all.o)
                0x000000000080fe10                alt_dcache_flush_all
 .text          0x000000000080fe58       0xe0 ../Lab2_CLI_Testing_bsp/\libhal_bsp.a(alt_dev_llist_insert.o)
                0x000000000080fe94                alt_dev_llist_insert
 .text          0x000000000080ff38       0x60 ../Lab2_CLI_Testing_bsp/\libhal_bsp.a(alt_do_ctors.o)
                0x000000000080ff38                _do_ctors
 .text          0x000000000080ff98       0x60 ../Lab2_CLI_Testing_bsp/\libhal_bsp.a(alt_do_dtors.o)
                0x000000000080ff98                _do_dtors
 .text          0x000000000080fff8       0x90 ../Lab2_CLI_Testing_bsp/\libhal_bsp.a(alt_find_dev.o)
                0x000000000080fff8                alt_find_dev
 .text          0x0000000000810088       0x34 ../Lab2_CLI_Testing_bsp/\libhal_bsp.a(alt_icache_flush_all.o)
                0x0000000000810088                alt_icache_flush_all
 .text          0x00000000008100bc      0x140 ../Lab2_CLI_Testing_bsp/\libhal_bsp.a(alt_io_redirect.o)
                0x0000000000810180                alt_io_redirect
 .text          0x00000000008101fc      0x180 ../Lab2_CLI_Testing_bsp/\libhal_bsp.a(alt_irq_register.o)
                0x00000000008101fc                alt_irq_register
 .text          0x000000000081037c        0x0 ../Lab2_CLI_Testing_bsp/\libhal_bsp.a(alt_irq_vars.o)
 .text          0x000000000081037c      0x254 ../Lab2_CLI_Testing_bsp/\libhal_bsp.a(alt_open.o)
                0x000000000081047c                open
 .text          0x00000000008105d0       0x30 ../Lab2_CLI_Testing_bsp/\libhal_bsp.a(alt_usleep.o)
                0x00000000008105d0                usleep
 .text          0x0000000000810600       0x24 ../Lab2_CLI_Testing_bsp/\libhal_bsp.a(altera_nios2_gen2_irq.o)
                0x0000000000810600                altera_nios2_gen2_irq_init
 .text          0x0000000000810624      0x158 ../Lab2_CLI_Testing_bsp/\libhal_bsp.a(alt_busy_sleep.o)
                0x0000000000810624                alt_busy_sleep
 .text          0x000000000081077c      0x108 ../Lab2_CLI_Testing_bsp/\libhal_bsp.a(alt_find_file.o)
                0x000000000081077c                alt_find_file
 .text          0x0000000000810884       0xa4 ../Lab2_CLI_Testing_bsp/\libhal_bsp.a(alt_get_fd.o)
                0x0000000000810884                alt_get_fd
 .text          0x0000000000810928       0x90 ../Lab2_CLI_Testing_bsp/\libhal_bsp.a(alt_icache_flush.o)
                0x0000000000810928                alt_icache_flush
 .text          0x00000000008109b8        0x0 ../Lab2_CLI_Testing_bsp/\libhal_bsp.a(alt_irq_entry.o)
 .text          0x00000000008109b8        0x0 ../Lab2_CLI_Testing_bsp/\libhal_bsp.a(alt_irq_handler.o)
 .text          0x00000000008109b8        0x0 ../Lab2_CLI_Testing_bsp/\libhal_bsp.a(alt_exception_entry.o)
 .text          0x00000000008109b8       0x9c ../Lab2_CLI_Testing_bsp/\libhal_bsp.a(alt_instruction_exception_entry.o)
                0x00000000008109b8                alt_exception_cause_generated_bad_addr
 .text          0x0000000000810a54        0x0 c:/software/altera/18.1/nios2eds/bin/gnu/h-x86_64-mingw32/bin/../lib/gcc/nios2-elf/5.3.0/../../../../../H-x86_64-mingw32/nios2-elf/lib\libc.a(lib_a-atexit.o)
 .text.atexit   0x0000000000810a54       0x14 c:/software/altera/18.1/nios2eds/bin/gnu/h-x86_64-mingw32/bin/../lib/gcc/nios2-elf/5.3.0/../../../../../H-x86_64-mingw32/nios2-elf/lib\libc.a(lib_a-atexit.o)
                0x0000000000810a54                atexit
 .text          0x0000000000810a68        0x0 c:/software/altera/18.1/nios2eds/bin/gnu/h-x86_64-mingw32/bin/../lib/gcc/nios2-elf/5.3.0/../../../../../H-x86_64-mingw32/nios2-elf/lib\libc.a(lib_a-ctype_.o)
 .text          0x0000000000810a68        0x0 c:/software/altera/18.1/nios2eds/bin/gnu/h-x86_64-mingw32/bin/../lib/gcc/nios2-elf/5.3.0/../../../../../H-x86_64-mingw32/nios2-elf/lib\libc.a(lib_a-exit.o)
 .text.exit     0x0000000000810a68       0x38 c:/software/altera/18.1/nios2eds/bin/gnu/h-x86_64-mingw32/bin/../lib/gcc/nios2-elf/5.3.0/../../../../../H-x86_64-mingw32/nios2-elf/lib\libc.a(lib_a-exit.o)
                0x0000000000810a68                exit
 .text          0x0000000000810aa0        0x0 c:/software/altera/18.1/nios2eds/bin/gnu/h-x86_64-mingw32/bin/../lib/gcc/nios2-elf/5.3.0/../../../../../H-x86_64-mingw32/nios2-elf/lib\libc.a(lib_a-memcmp.o)
 .text.memcmp   0x0000000000810aa0       0x7c c:/software/altera/18.1/nios2eds/bin/gnu/h-x86_64-mingw32/bin/../lib/gcc/nios2-elf/5.3.0/../../../../../H-x86_64-mingw32/nios2-elf/lib\libc.a(lib_a-memcmp.o)
                0x0000000000810aa0                memcmp
 .text          0x0000000000810b1c        0x0 c:/software/altera/18.1/nios2eds/bin/gnu/h-x86_64-mingw32/bin/../lib/gcc/nios2-elf/5.3.0/../../../../../H-x86_64-mingw32/nios2-elf/lib\libc.a(lib_a-memcpy.o)
 .text.memcpy   0x0000000000810b1c      0x148 c:/software/altera/18.1/nios2eds/bin/gnu/h-x86_64-mingw32/bin/../lib/gcc/nios2-elf/5.3.0/../../../../../H-x86_64-mingw32/nios2-elf/lib\libc.a(lib_a-memcpy.o)
                0x0000000000810b1c                memcpy
 .text          0x0000000000810c64        0x0 c:/software/altera/18.1/nios2eds/bin/gnu/h-x86_64-mingw32/bin/../lib/gcc/nios2-elf/5.3.0/../../../../../H-x86_64-mingw32/nios2-elf/lib\libc.a(lib_a-__atexit.o)
 .text.__register_exitproc
                0x0000000000810c64      0x118 c:/software/altera/18.1/nios2eds/bin/gnu/h-x86_64-mingw32/bin/../lib/gcc/nios2-elf/5.3.0/../../../../../H-x86_64-mingw32/nios2-elf/lib\libc.a(lib_a-__atexit.o)
                0x0000000000810c64                __register_exitproc
 .text          0x0000000000810d7c        0x0 c:/software/altera/18.1/nios2eds/bin/gnu/h-x86_64-mingw32/bin/../lib/gcc/nios2-elf/5.3.0/../../../../../H-x86_64-mingw32/nios2-elf/lib\libc.a(lib_a-__call_atexit.o)
 .text.__call_exitprocs
                0x0000000000810d7c      0x180 c:/software/altera/18.1/nios2eds/bin/gnu/h-x86_64-mingw32/bin/../lib/gcc/nios2-elf/5.3.0/../../../../../H-x86_64-mingw32/nios2-elf/lib\libc.a(lib_a-__call_atexit.o)
                0x0000000000810d7c                __call_exitprocs
 .text          0x0000000000810efc       0x34 ../Lab2_CLI_Testing_bsp/\libhal_bsp.a(alt_exit.o)
                0x0000000000810efc                _exit
 *(.gnu.warning.*)
 *(.fini)
                [!provide]                        PROVIDE (__etext, ABSOLUTE (.))
                [!provide]                        PROVIDE (_etext, ABSOLUTE (.))
                [!provide]                        PROVIDE (etext, ABSOLUTE (.))
 *(.eh_frame_hdr)
                0x0000000000810f30                . = ALIGN (0x4)
                [!provide]                        PROVIDE (__preinit_array_start, ABSOLUTE (.))
 *(.preinit_array)
                [!provide]                        PROVIDE (__preinit_array_end, ABSOLUTE (.))
                [!provide]                        PROVIDE (__init_array_start, ABSOLUTE (.))
 *(.init_array)
                [!provide]                        PROVIDE (__init_array_end, ABSOLUTE (.))
                [!provide]                        PROVIDE (__fini_array_start, ABSOLUTE (.))
 *(.fini_array)
                [!provide]                        PROVIDE (__fini_array_end, ABSOLUTE (.))
 *(.eh_frame)
 *(.gcc_except_table .gcc_except_table.*)
 *(.dynamic)
                0x0000000000810f30                PROVIDE (__CTOR_LIST__, ABSOLUTE (.))
 *(.ctors)
 *(SORT(.ctors.*))
                0x0000000000810f30                PROVIDE (__CTOR_END__, ABSOLUTE (.))
                0x0000000000810f30                PROVIDE (__DTOR_LIST__, ABSOLUTE (.))
 *(.dtors)
 *(SORT(.dtors.*))
                0x0000000000810f30                PROVIDE (__DTOR_END__, ABSOLUTE (.))
 *(.jcr)
                0x0000000000810f30                . = ALIGN (0x4)

.rodata         0x0000000000810f30      0xa58
                0x0000000000810f30                PROVIDE (__ram_rodata_start, ABSOLUTE (.))
                0x0000000000810f30                . = ALIGN (0x4)
 *(.rodata .rodata.* .gnu.linkonce.r.*)
 .rodata        0x0000000000810f30       0xf0 obj/default/ff.o
 .rodata        0x0000000000811020      0x659 obj/default/hello_world.o
 *fill*         0x0000000000811679        0x3 
 .rodata        0x000000000081167c        0xe obj/default/monitor.o
 *fill*         0x000000000081168a        0x2 
 .rodata.str1.4
                0x000000000081168c        0x4 c:/software/altera/18.1/nios2eds/bin/gnu/h-x86_64-mingw32/bin/../lib/gcc/nios2-elf/5.3.0/../../../../../H-x86_64-mingw32/nios2-elf/lib\libc.a(lib_a-impure.o)
                                          0x2 (size before relaxing)
 .rodata        0x0000000000811690        0xa ../Lab2_CLI_Testing_bsp/\libhal_bsp.a(alt_dev.o)
 *fill*         0x000000000081169a        0x2 
 .rodata        0x000000000081169c       0x11 ../Lab2_CLI_Testing_bsp/\libhal_bsp.a(alt_main.o)
 *fill*         0x00000000008116ad        0x3 
 .rodata        0x00000000008116b0       0x57 ../Lab2_CLI_Testing_bsp/\libhal_bsp.a(alt_sys_init.o)
 .rodata._ctype_
                0x0000000000811707      0x101 c:/software/altera/18.1/nios2eds/bin/gnu/h-x86_64-mingw32/bin/../lib/gcc/nios2-elf/5.3.0/../../../../../H-x86_64-mingw32/nios2-elf/lib\libc.a(lib_a-ctype_.o)
                0x0000000000811707                _ctype_
 .rodata._ctype_b
                0x0000000000811808      0x180 c:/software/altera/18.1/nios2eds/bin/gnu/h-x86_64-mingw32/bin/../lib/gcc/nios2-elf/5.3.0/../../../../../H-x86_64-mingw32/nios2-elf/lib\libc.a(lib_a-ctype_.o)
 *(.rodata1)
                0x0000000000811988                . = ALIGN (0x4)
                0x0000000000811988                PROVIDE (__ram_rodata_end, ABSOLUTE (.))
                0x0000000000810f30                PROVIDE (__flash_rodata_start, LOADADDR (.rodata))

.rwdata         0x0000000000811988      0xc8c load address 0x0000000000812614
                0x0000000000811988                PROVIDE (__ram_rwdata_start, ABSOLUTE (.))
                0x0000000000811988                . = ALIGN (0x4)
 *(.got.plt)
 *(.got)
 *(.data1)
 *(.data .data.* .gnu.linkonce.d.*)
 .data          0x0000000000811988        0x0 ../Lab2_CLI_Testing_bsp//obj/HAL/src/crt0.o
 .data          0x0000000000811988        0x0 obj/default/fatfs.o
 .data          0x0000000000811988        0x0 obj/default/fatfs_diskio.o
 .data          0x0000000000811988        0x0 obj/default/fatfs_nios2_de0_nano_spi.o
 .data          0x0000000000811988        0x0 obj/default/fatfs_nios2_de1_pio.o
 .data          0x0000000000811988        0x0 obj/default/fatfs_nios2_de1_spi.o
 .data          0x0000000000811988        0x0 obj/default/ff.o
 .data          0x0000000000811988        0x0 obj/default/hello_world.o
 .data          0x0000000000811988        0x0 obj/default/monitor.o
 .data          0x0000000000811988        0x0 obj/default/uart_nios2.o
 .data          0x0000000000811988        0x0 c:/software/altera/18.1/nios2eds/bin/gnu/h-x86_64-mingw32/bin/../lib/gcc/nios2-elf/5.3.0\libgcc.a(lib2-divmod.o)
 .data          0x0000000000811988        0x0 c:/software/altera/18.1/nios2eds/bin/gnu/h-x86_64-mingw32/bin/../lib/gcc/nios2-elf/5.3.0/../../../../../H-x86_64-mingw32/nios2-elf/lib\libc.a(lib_a-getc.o)
 .data          0x0000000000811988        0x0 c:/software/altera/18.1/nios2eds/bin/gnu/h-x86_64-mingw32/bin/../lib/gcc/nios2-elf/5.3.0/../../../../../H-x86_64-mingw32/nios2-elf/lib\libc.a(lib_a-impure.o)
 .data.impure_data
                0x0000000000811988      0x424 c:/software/altera/18.1/nios2eds/bin/gnu/h-x86_64-mingw32/bin/../lib/gcc/nios2-elf/5.3.0/../../../../../H-x86_64-mingw32/nios2-elf/lib\libc.a(lib_a-impure.o)
 .data          0x0000000000811dac        0x0 c:/software/altera/18.1/nios2eds/bin/gnu/h-x86_64-mingw32/bin/../lib/gcc/nios2-elf/5.3.0/../../../../../H-x86_64-mingw32/nios2-elf/lib\libc.a(lib_a-memset.o)
 .data          0x0000000000811dac        0x0 c:/software/altera/18.1/nios2eds/bin/gnu/h-x86_64-mingw32/bin/../lib/gcc/nios2-elf/5.3.0/../../../../../H-x86_64-mingw32/nios2-elf/lib\libc.a(lib_a-putchar.o)
 .data          0x0000000000811dac        0x0 c:/software/altera/18.1/nios2eds/bin/gnu/h-x86_64-mingw32/bin/../lib/gcc/nios2-elf/5.3.0/../../../../../H-x86_64-mingw32/nios2-elf/lib\libc.a(lib_a-rget.o)
 .data          0x0000000000811dac        0x0 c:/software/altera/18.1/nios2eds/bin/gnu/h-x86_64-mingw32/bin/../lib/gcc/nios2-elf/5.3.0/../../../../../H-x86_64-mingw32/nios2-elf/lib\libc.a(lib_a-strcpy.o)
 .data          0x0000000000811dac        0x0 c:/software/altera/18.1/nios2eds/bin/gnu/h-x86_64-mingw32/bin/../lib/gcc/nios2-elf/5.3.0/../../../../../H-x86_64-mingw32/nios2-elf/lib\libc.a(lib_a-strlen.o)
 .data          0x0000000000811dac        0x0 c:/software/altera/18.1/nios2eds/bin/gnu/h-x86_64-mingw32/bin/../lib/gcc/nios2-elf/5.3.0/../../../../../H-x86_64-mingw32/nios2-elf/lib\libc.a(lib_a-findfp.o)
 .data          0x0000000000811dac        0x0 c:/software/altera/18.1/nios2eds/bin/gnu/h-x86_64-mingw32/bin/../lib/gcc/nios2-elf/5.3.0/../../../../../H-x86_64-mingw32/nios2-elf/lib\libc.a(lib_a-fwalk.o)
 .data          0x0000000000811dac        0x0 c:/software/altera/18.1/nios2eds/bin/gnu/h-x86_64-mingw32/bin/../lib/gcc/nios2-elf/5.3.0/../../../../../H-x86_64-mingw32/nios2-elf/lib\libc.a(lib_a-mallocr.o)
 .data.__malloc_av_
                0x0000000000811dac      0x408 c:/software/altera/18.1/nios2eds/bin/gnu/h-x86_64-mingw32/bin/../lib/gcc/nios2-elf/5.3.0/../../../../../H-x86_64-mingw32/nios2-elf/lib\libc.a(lib_a-mallocr.o)
                0x0000000000811dac                __malloc_av_
 .data          0x00000000008121b4        0x0 c:/software/altera/18.1/nios2eds/bin/gnu/h-x86_64-mingw32/bin/../lib/gcc/nios2-elf/5.3.0/../../../../../H-x86_64-mingw32/nios2-elf/lib\libc.a(lib_a-putc.o)
 .data          0x00000000008121b4        0x0 c:/software/altera/18.1/nios2eds/bin/gnu/h-x86_64-mingw32/bin/../lib/gcc/nios2-elf/5.3.0/../../../../../H-x86_64-mingw32/nios2-elf/lib\libc.a(lib_a-refill.o)
 .data          0x00000000008121b4        0x0 c:/software/altera/18.1/nios2eds/bin/gnu/h-x86_64-mingw32/bin/../lib/gcc/nios2-elf/5.3.0/../../../../../H-x86_64-mingw32/nios2-elf/lib\libc.a(lib_a-sbrkr.o)
 .data          0x00000000008121b4        0x0 c:/software/altera/18.1/nios2eds/bin/gnu/h-x86_64-mingw32/bin/../lib/gcc/nios2-elf/5.3.0/../../../../../H-x86_64-mingw32/nios2-elf/lib\libc.a(lib_a-stdio.o)
 .data          0x00000000008121b4        0x0 c:/software/altera/18.1/nios2eds/bin/gnu/h-x86_64-mingw32/bin/../lib/gcc/nios2-elf/5.3.0/../../../../../H-x86_64-mingw32/nios2-elf/lib\libc.a(lib_a-wbuf.o)
 .data          0x00000000008121b4        0x0 c:/software/altera/18.1/nios2eds/bin/gnu/h-x86_64-mingw32/bin/../lib/gcc/nios2-elf/5.3.0/../../../../../H-x86_64-mingw32/nios2-elf/lib\libc.a(lib_a-writer.o)
 .data          0x00000000008121b4        0x0 c:/software/altera/18.1/nios2eds/bin/gnu/h-x86_64-mingw32/bin/../lib/gcc/nios2-elf/5.3.0/../../../../../H-x86_64-mingw32/nios2-elf/lib\libc.a(lib_a-wsetup.o)
 .data          0x00000000008121b4        0x0 c:/software/altera/18.1/nios2eds/bin/gnu/h-x86_64-mingw32/bin/../lib/gcc/nios2-elf/5.3.0/../../../../../H-x86_64-mingw32/nios2-elf/lib\libc.a(closer.o)
 .data          0x00000000008121b4        0x0 c:/software/altera/18.1/nios2eds/bin/gnu/h-x86_64-mingw32/bin/../lib/gcc/nios2-elf/5.3.0/../../../../../H-x86_64-mingw32/nios2-elf/lib\libc.a(lib_a-fclose.o)
 .data          0x00000000008121b4        0x0 c:/software/altera/18.1/nios2eds/bin/gnu/h-x86_64-mingw32/bin/../lib/gcc/nios2-elf/5.3.0/../../../../../H-x86_64-mingw32/nios2-elf/lib\libc.a(lib_a-fflush.o)
 .data          0x00000000008121b4        0x0 c:/software/altera/18.1/nios2eds/bin/gnu/h-x86_64-mingw32/bin/../lib/gcc/nios2-elf/5.3.0/../../../../../H-x86_64-mingw32/nios2-elf/lib\libc.a(lib_a-freer.o)
 .data          0x00000000008121b4        0x0 c:/software/altera/18.1/nios2eds/bin/gnu/h-x86_64-mingw32/bin/../lib/gcc/nios2-elf/5.3.0/../../../../../H-x86_64-mingw32/nios2-elf/lib\libc.a(lib_a-int_errno.o)
 .data          0x00000000008121b4        0x0 c:/software/altera/18.1/nios2eds/bin/gnu/h-x86_64-mingw32/bin/../lib/gcc/nios2-elf/5.3.0/../../../../../H-x86_64-mingw32/nios2-elf/lib\libc.a(lib_a-lseekr.o)
 .data          0x00000000008121b4        0x0 c:/software/altera/18.1/nios2eds/bin/gnu/h-x86_64-mingw32/bin/../lib/gcc/nios2-elf/5.3.0/../../../../../H-x86_64-mingw32/nios2-elf/lib\libc.a(lib_a-makebuf.o)
 .data          0x00000000008121b4        0x0 c:/software/altera/18.1/nios2eds/bin/gnu/h-x86_64-mingw32/bin/../lib/gcc/nios2-elf/5.3.0/../../../../../H-x86_64-mingw32/nios2-elf/lib\libc.a(lib_a-readr.o)
 .data          0x00000000008121b4        0x0 c:/software/altera/18.1/nios2eds/bin/gnu/h-x86_64-mingw32/bin/../lib/gcc/nios2-elf/5.3.0/../../../../../H-x86_64-mingw32/nios2-elf/lib\libc.a(lib_a-fstatr.o)
 .data          0x00000000008121b4        0x0 c:/software/altera/18.1/nios2eds/bin/gnu/h-x86_64-mingw32/bin/../lib/gcc/nios2-elf/5.3.0/../../../../../H-x86_64-mingw32/nios2-elf/lib\libc.a(lib_a-isattyr.o)
 .data          0x00000000008121b4        0x0 ../Lab2_CLI_Testing_bsp/\libhal_bsp.a(alt_alarm_start.o)
 .data          0x00000000008121b4        0x0 ../Lab2_CLI_Testing_bsp/\libhal_bsp.a(alt_close.o)
 .data          0x00000000008121b4      0x1a8 ../Lab2_CLI_Testing_bsp/\libhal_bsp.a(alt_dev.o)
                0x00000000008121b4                alt_dev_null
                0x00000000008121dc                alt_fd_list
 .data          0x000000000081235c        0x0 ../Lab2_CLI_Testing_bsp/\libhal_bsp.a(alt_errno.o)
 .data          0x000000000081235c        0x0 ../Lab2_CLI_Testing_bsp/\libhal_bsp.a(alt_fstat.o)
 .data          0x000000000081235c        0x0 ../Lab2_CLI_Testing_bsp/\libhal_bsp.a(alt_isatty.o)
 .data          0x000000000081235c        0x0 ../Lab2_CLI_Testing_bsp/\libhal_bsp.a(alt_load.o)
 .data          0x000000000081235c        0x0 ../Lab2_CLI_Testing_bsp/\libhal_bsp.a(alt_lseek.o)
 .data          0x000000000081235c        0x0 ../Lab2_CLI_Testing_bsp/\libhal_bsp.a(alt_main.o)
 .data          0x000000000081235c        0x0 ../Lab2_CLI_Testing_bsp/\libhal_bsp.a(alt_malloc_lock.o)
 .data          0x000000000081235c        0x0 ../Lab2_CLI_Testing_bsp/\libhal_bsp.a(alt_printf.o)
 .data          0x000000000081235c        0x0 ../Lab2_CLI_Testing_bsp/\libhal_bsp.a(alt_putchar.o)
 .data          0x000000000081235c        0x0 ../Lab2_CLI_Testing_bsp/\libhal_bsp.a(alt_read.o)
 .data          0x000000000081235c        0x0 ../Lab2_CLI_Testing_bsp/\libhal_bsp.a(alt_release_fd.o)
 .data          0x000000000081235c        0x0 ../Lab2_CLI_Testing_bsp/\libhal_bsp.a(alt_sbrk.o)
 .data          0x000000000081235c        0x0 ../Lab2_CLI_Testing_bsp/\libhal_bsp.a(alt_tick.o)
 .data          0x000000000081235c        0x0 ../Lab2_CLI_Testing_bsp/\libhal_bsp.a(alt_write.o)
 .data          0x000000000081235c      0x270 ../Lab2_CLI_Testing_bsp/\libhal_bsp.a(alt_sys_init.o)
 .data          0x00000000008125cc        0x0 ../Lab2_CLI_Testing_bsp/\libhal_bsp.a(altera_avalon_jtag_uart_fd.o)
 .data          0x00000000008125cc        0x0 ../Lab2_CLI_Testing_bsp/\libhal_bsp.a(altera_avalon_jtag_uart_read.o)
 .data          0x00000000008125cc        0x0 ../Lab2_CLI_Testing_bsp/\libhal_bsp.a(altera_avalon_jtag_uart_write.o)
 .data          0x00000000008125cc        0x0 ../Lab2_CLI_Testing_bsp/\libhal_bsp.a(altera_avalon_lcd_16207.o)
 .data          0x00000000008125cc        0x0 ../Lab2_CLI_Testing_bsp/\libhal_bsp.a(altera_avalon_lcd_16207_fd.o)
 .data          0x00000000008125cc        0x0 ../Lab2_CLI_Testing_bsp/\libhal_bsp.a(altera_avalon_timer_sc.o)
 .data          0x00000000008125cc        0x0 ../Lab2_CLI_Testing_bsp/\libhal_bsp.a(altera_avalon_uart_fd.o)
 .data          0x00000000008125cc        0x0 ../Lab2_CLI_Testing_bsp/\libhal_bsp.a(altera_avalon_uart_init.o)
 .data          0x00000000008125cc        0x0 ../Lab2_CLI_Testing_bsp/\libhal_bsp.a(altera_avalon_uart_read.o)
 .data          0x00000000008125cc        0x0 ../Lab2_CLI_Testing_bsp/\libhal_bsp.a(altera_avalon_uart_write.o)
 .data          0x00000000008125cc        0x0 ../Lab2_CLI_Testing_bsp/\libhal_bsp.a(altera_up_avalon_audio.o)
 .data          0x00000000008125cc        0x0 ../Lab2_CLI_Testing_bsp/\libhal_bsp.a(alt_dcache_flush_all.o)
 .data          0x00000000008125cc        0x0 ../Lab2_CLI_Testing_bsp/\libhal_bsp.a(alt_dev_llist_insert.o)
 .data          0x00000000008125cc        0x0 ../Lab2_CLI_Testing_bsp/\libhal_bsp.a(alt_do_ctors.o)
 .data          0x00000000008125cc        0x0 ../Lab2_CLI_Testing_bsp/\libhal_bsp.a(alt_do_dtors.o)
 .data          0x00000000008125cc        0x0 ../Lab2_CLI_Testing_bsp/\libhal_bsp.a(alt_find_dev.o)
 .data          0x00000000008125cc        0x0 ../Lab2_CLI_Testing_bsp/\libhal_bsp.a(alt_icache_flush_all.o)
 .data          0x00000000008125cc        0x0 ../Lab2_CLI_Testing_bsp/\libhal_bsp.a(alt_io_redirect.o)
 .data          0x00000000008125cc        0x0 ../Lab2_CLI_Testing_bsp/\libhal_bsp.a(alt_irq_register.o)
 .data          0x00000000008125cc        0x0 ../Lab2_CLI_Testing_bsp/\libhal_bsp.a(alt_irq_vars.o)
 .data          0x00000000008125cc        0x0 ../Lab2_CLI_Testing_bsp/\libhal_bsp.a(alt_open.o)
 .data          0x00000000008125cc        0x0 ../Lab2_CLI_Testing_bsp/\libhal_bsp.a(alt_usleep.o)
 .data          0x00000000008125cc        0x0 ../Lab2_CLI_Testing_bsp/\libhal_bsp.a(altera_nios2_gen2_irq.o)
 .data          0x00000000008125cc        0x0 ../Lab2_CLI_Testing_bsp/\libhal_bsp.a(alt_busy_sleep.o)
 .data          0x00000000008125cc        0x0 ../Lab2_CLI_Testing_bsp/\libhal_bsp.a(alt_find_file.o)
 .data          0x00000000008125cc        0x0 ../Lab2_CLI_Testing_bsp/\libhal_bsp.a(alt_get_fd.o)
 .data          0x00000000008125cc        0x0 ../Lab2_CLI_Testing_bsp/\libhal_bsp.a(alt_icache_flush.o)
 .data          0x00000000008125cc        0x0 ../Lab2_CLI_Testing_bsp/\libhal_bsp.a(alt_irq_entry.o)
 .data          0x00000000008125cc        0x0 ../Lab2_CLI_Testing_bsp/\libhal_bsp.a(alt_irq_handler.o)
 .data          0x00000000008125cc        0x0 ../Lab2_CLI_Testing_bsp/\libhal_bsp.a(alt_exception_entry.o)
 .data          0x00000000008125cc        0x0 ../Lab2_CLI_Testing_bsp/\libhal_bsp.a(alt_instruction_exception_entry.o)
 .data          0x00000000008125cc        0x0 c:/software/altera/18.1/nios2eds/bin/gnu/h-x86_64-mingw32/bin/../lib/gcc/nios2-elf/5.3.0/../../../../../H-x86_64-mingw32/nios2-elf/lib\libc.a(lib_a-atexit.o)
 .data          0x00000000008125cc        0x0 c:/software/altera/18.1/nios2eds/bin/gnu/h-x86_64-mingw32/bin/../lib/gcc/nios2-elf/5.3.0/../../../../../H-x86_64-mingw32/nios2-elf/lib\libc.a(lib_a-ctype_.o)
 .data          0x00000000008125cc        0x0 c:/software/altera/18.1/nios2eds/bin/gnu/h-x86_64-mingw32/bin/../lib/gcc/nios2-elf/5.3.0/../../../../../H-x86_64-mingw32/nios2-elf/lib\libc.a(lib_a-exit.o)
 .data          0x00000000008125cc        0x0 c:/software/altera/18.1/nios2eds/bin/gnu/h-x86_64-mingw32/bin/../lib/gcc/nios2-elf/5.3.0/../../../../../H-x86_64-mingw32/nios2-elf/lib\libc.a(lib_a-memcmp.o)
 .data          0x00000000008125cc        0x0 c:/software/altera/18.1/nios2eds/bin/gnu/h-x86_64-mingw32/bin/../lib/gcc/nios2-elf/5.3.0/../../../../../H-x86_64-mingw32/nios2-elf/lib\libc.a(lib_a-memcpy.o)
 .data          0x00000000008125cc        0x0 c:/software/altera/18.1/nios2eds/bin/gnu/h-x86_64-mingw32/bin/../lib/gcc/nios2-elf/5.3.0/../../../../../H-x86_64-mingw32/nios2-elf/lib\libc.a(lib_a-__atexit.o)
 .data          0x00000000008125cc        0x0 c:/software/altera/18.1/nios2eds/bin/gnu/h-x86_64-mingw32/bin/../lib/gcc/nios2-elf/5.3.0/../../../../../H-x86_64-mingw32/nios2-elf/lib\libc.a(lib_a-__call_atexit.o)
 .data          0x00000000008125cc        0x0 ../Lab2_CLI_Testing_bsp/\libhal_bsp.a(alt_exit.o)
                0x000000000081a5cc                _gp = ABSOLUTE ((. + 0x8000))
                [!provide]                        PROVIDE (gp, _gp)
 *(.rwdata .rwdata.*)
 *(.sdata .sdata.* .gnu.linkonce.s.*)
 .sdata         0x00000000008125cc        0x1 obj/default/fatfs_diskio.o
 .sdata         0x00000000008125cd        0x4 obj/default/hello_world.o
 *fill*         0x00000000008125d1        0x3 
 .sdata._global_impure_ptr
                0x00000000008125d4        0x4 c:/software/altera/18.1/nios2eds/bin/gnu/h-x86_64-mingw32/bin/../lib/gcc/nios2-elf/5.3.0/../../../../../H-x86_64-mingw32/nios2-elf/lib\libc.a(lib_a-impure.o)
                0x00000000008125d4                _global_impure_ptr
 .sdata._impure_ptr
                0x00000000008125d8        0x4 c:/software/altera/18.1/nios2eds/bin/gnu/h-x86_64-mingw32/bin/../lib/gcc/nios2-elf/5.3.0/../../../../../H-x86_64-mingw32/nios2-elf/lib\libc.a(lib_a-impure.o)
                0x00000000008125d8                _impure_ptr
 .sdata.__malloc_sbrk_base
                0x00000000008125dc        0x4 c:/software/altera/18.1/nios2eds/bin/gnu/h-x86_64-mingw32/bin/../lib/gcc/nios2-elf/5.3.0/../../../../../H-x86_64-mingw32/nios2-elf/lib\libc.a(lib_a-mallocr.o)
                0x00000000008125dc                __malloc_sbrk_base
 .sdata.__malloc_trim_threshold
                0x00000000008125e0        0x4 c:/software/altera/18.1/nios2eds/bin/gnu/h-x86_64-mingw32/bin/../lib/gcc/nios2-elf/5.3.0/../../../../../H-x86_64-mingw32/nios2-elf/lib\libc.a(lib_a-mallocr.o)
                0x00000000008125e0                __malloc_trim_threshold
 .sdata         0x00000000008125e4       0x14 ../Lab2_CLI_Testing_bsp/\libhal_bsp.a(alt_dev.o)
                0x00000000008125e4                alt_fs_list
                0x00000000008125ec                alt_dev_list
                0x00000000008125f4                alt_max_fd
 .sdata         0x00000000008125f8        0x4 ../Lab2_CLI_Testing_bsp/\libhal_bsp.a(alt_errno.o)
                0x00000000008125f8                alt_errno
 .sdata         0x00000000008125fc        0x4 ../Lab2_CLI_Testing_bsp/\libhal_bsp.a(alt_sbrk.o)
 .sdata         0x0000000000812600        0x8 ../Lab2_CLI_Testing_bsp/\libhal_bsp.a(alt_tick.o)
                0x0000000000812600                alt_alarm_list
 .sdata         0x0000000000812608        0x4 ../Lab2_CLI_Testing_bsp/\libhal_bsp.a(altera_avalon_lcd_16207.o)
 .sdata         0x000000000081260c        0x4 ../Lab2_CLI_Testing_bsp/\libhal_bsp.a(alt_irq_vars.o)
                0x000000000081260c                alt_priority_mask
 .sdata.__ctype_ptr__
                0x0000000000812610        0x4 c:/software/altera/18.1/nios2eds/bin/gnu/h-x86_64-mingw32/bin/../lib/gcc/nios2-elf/5.3.0/../../../../../H-x86_64-mingw32/nios2-elf/lib\libc.a(lib_a-ctype_.o)
                0x0000000000812610                __ctype_ptr__
 *(.sdata2 .sdata2.* .gnu.linkonce.s2.*)
                0x0000000000812614                . = ALIGN (0x4)
                0x0000000000812614                _edata = ABSOLUTE (.)
                [!provide]                        PROVIDE (edata, ABSOLUTE (.))
                0x0000000000812614                PROVIDE (__ram_rwdata_end, ABSOLUTE (.))
                0x0000000000812614                PROVIDE (__flash_rwdata_start, LOADADDR (.rwdata))

.bss            0x00000000008132a0      0xb40
                0x00000000008132a0                __bss_start = ABSOLUTE (.)
                [!provide]                        PROVIDE (__sbss_start, ABSOLUTE (.))
                [!provide]                        PROVIDE (___sbss_start, ABSOLUTE (.))
 *(.dynsbss)
 *(.sbss .sbss.* .gnu.linkonce.sb.*)
 .sbss          0x00000000008132a0       0x10 obj/default/fatfs_diskio.o
 .sbss          0x00000000008132b0        0x6 obj/default/ff.o
 *fill*         0x00000000008132b6        0x2 
 .sbss          0x00000000008132b8        0x8 obj/default/hello_world.o
 .sbss          0x00000000008132c0        0x8 obj/default/hello_world.o
                0x00000000008132c0                acc_dirs
                0x00000000008132c2                acc_files
                0x00000000008132c4                acc_size
 .sbss.__malloc_max_total_mem
                0x00000000008132c8        0x4 c:/software/altera/18.1/nios2eds/bin/gnu/h-x86_64-mingw32/bin/../lib/gcc/nios2-elf/5.3.0/../../../../../H-x86_64-mingw32/nios2-elf/lib\libc.a(lib_a-mallocr.o)
                0x00000000008132c8                __malloc_max_total_mem
 .sbss.__malloc_max_sbrked_mem
                0x00000000008132cc        0x4 c:/software/altera/18.1/nios2eds/bin/gnu/h-x86_64-mingw32/bin/../lib/gcc/nios2-elf/5.3.0/../../../../../H-x86_64-mingw32/nios2-elf/lib\libc.a(lib_a-mallocr.o)
                0x00000000008132cc                __malloc_max_sbrked_mem
 .sbss.__malloc_top_pad
                0x00000000008132d0        0x4 c:/software/altera/18.1/nios2eds/bin/gnu/h-x86_64-mingw32/bin/../lib/gcc/nios2-elf/5.3.0/../../../../../H-x86_64-mingw32/nios2-elf/lib\libc.a(lib_a-mallocr.o)
                0x00000000008132d0                __malloc_top_pad
 .sbss          0x00000000008132d4        0x4 c:/software/altera/18.1/nios2eds/bin/gnu/h-x86_64-mingw32/bin/../lib/gcc/nios2-elf/5.3.0/../../../../../H-x86_64-mingw32/nios2-elf/lib\libc.a(lib_a-int_errno.o)
                0x00000000008132d4                errno
 .sbss          0x00000000008132d8        0xc ../Lab2_CLI_Testing_bsp/\libhal_bsp.a(alt_main.o)
                0x00000000008132d8                alt_argc
                0x00000000008132dc                alt_argv
                0x00000000008132e0                alt_envp
 .sbss          0x00000000008132e4        0x8 ../Lab2_CLI_Testing_bsp/\libhal_bsp.a(alt_tick.o)
                0x00000000008132e4                _alt_tick_rate
                0x00000000008132e8                _alt_nticks
 .sbss          0x00000000008132ec        0x4 ../Lab2_CLI_Testing_bsp/\libhal_bsp.a(alt_irq_vars.o)
                0x00000000008132ec                alt_irq_active
 .sbss          0x00000000008132f0        0x4 ../Lab2_CLI_Testing_bsp/\libhal_bsp.a(alt_instruction_exception_entry.o)
                0x00000000008132f0                alt_instruction_exception_handler
 *(.sbss2 .sbss2.* .gnu.linkonce.sb2.*)
 *(.scommon)
                [!provide]                        PROVIDE (__sbss_end, ABSOLUTE (.))
                [!provide]                        PROVIDE (___sbss_end, ABSOLUTE (.))
 *(.dynbss)
 *(.bss .bss.* .gnu.linkonce.b.*)
 .bss           0x00000000008132f4        0x0 ../Lab2_CLI_Testing_bsp//obj/HAL/src/crt0.o
 .bss           0x00000000008132f4        0x0 obj/default/fatfs.o
 .bss           0x00000000008132f4        0x0 obj/default/fatfs_diskio.o
 .bss           0x00000000008132f4        0x0 obj/default/fatfs_nios2_de0_nano_spi.o
 .bss           0x00000000008132f4        0x0 obj/default/fatfs_nios2_de1_pio.o
 .bss           0x00000000008132f4        0x0 obj/default/fatfs_nios2_de1_spi.o
 .bss           0x00000000008132f4        0x0 obj/default/ff.o
 .bss           0x00000000008132f4       0x18 obj/default/hello_world.o
 .bss           0x000000000081330c        0x0 obj/default/monitor.o
 .bss           0x000000000081330c        0x0 obj/default/uart_nios2.o
 .bss           0x000000000081330c        0x0 c:/software/altera/18.1/nios2eds/bin/gnu/h-x86_64-mingw32/bin/../lib/gcc/nios2-elf/5.3.0\libgcc.a(lib2-divmod.o)
 .bss           0x000000000081330c        0x0 c:/software/altera/18.1/nios2eds/bin/gnu/h-x86_64-mingw32/bin/../lib/gcc/nios2-elf/5.3.0/../../../../../H-x86_64-mingw32/nios2-elf/lib\libc.a(lib_a-getc.o)
 .bss           0x000000000081330c        0x0 c:/software/altera/18.1/nios2eds/bin/gnu/h-x86_64-mingw32/bin/../lib/gcc/nios2-elf/5.3.0/../../../../../H-x86_64-mingw32/nios2-elf/lib\libc.a(lib_a-impure.o)
 .bss           0x000000000081330c        0x0 c:/software/altera/18.1/nios2eds/bin/gnu/h-x86_64-mingw32/bin/../lib/gcc/nios2-elf/5.3.0/../../../../../H-x86_64-mingw32/nios2-elf/lib\libc.a(lib_a-memset.o)
 .bss           0x000000000081330c        0x0 c:/software/altera/18.1/nios2eds/bin/gnu/h-x86_64-mingw32/bin/../lib/gcc/nios2-elf/5.3.0/../../../../../H-x86_64-mingw32/nios2-elf/lib\libc.a(lib_a-putchar.o)
 .bss           0x000000000081330c        0x0 c:/software/altera/18.1/nios2eds/bin/gnu/h-x86_64-mingw32/bin/../lib/gcc/nios2-elf/5.3.0/../../../../../H-x86_64-mingw32/nios2-elf/lib\libc.a(lib_a-rget.o)
 .bss           0x000000000081330c        0x0 c:/software/altera/18.1/nios2eds/bin/gnu/h-x86_64-mingw32/bin/../lib/gcc/nios2-elf/5.3.0/../../../../../H-x86_64-mingw32/nios2-elf/lib\libc.a(lib_a-strcpy.o)
 .bss           0x000000000081330c        0x0 c:/software/altera/18.1/nios2eds/bin/gnu/h-x86_64-mingw32/bin/../lib/gcc/nios2-elf/5.3.0/../../../../../H-x86_64-mingw32/nios2-elf/lib\libc.a(lib_a-strlen.o)
 .bss           0x000000000081330c        0x0 c:/software/altera/18.1/nios2eds/bin/gnu/h-x86_64-mingw32/bin/../lib/gcc/nios2-elf/5.3.0/../../../../../H-x86_64-mingw32/nios2-elf/lib\libc.a(lib_a-findfp.o)
 .bss           0x000000000081330c        0x0 c:/software/altera/18.1/nios2eds/bin/gnu/h-x86_64-mingw32/bin/../lib/gcc/nios2-elf/5.3.0/../../../../../H-x86_64-mingw32/nios2-elf/lib\libc.a(lib_a-fwalk.o)
 .bss           0x000000000081330c        0x0 c:/software/altera/18.1/nios2eds/bin/gnu/h-x86_64-mingw32/bin/../lib/gcc/nios2-elf/5.3.0/../../../../../H-x86_64-mingw32/nios2-elf/lib\libc.a(lib_a-mallocr.o)
 .bss.__malloc_current_mallinfo
                0x000000000081330c       0x28 c:/software/altera/18.1/nios2eds/bin/gnu/h-x86_64-mingw32/bin/../lib/gcc/nios2-elf/5.3.0/../../../../../H-x86_64-mingw32/nios2-elf/lib\libc.a(lib_a-mallocr.o)
                0x000000000081330c                __malloc_current_mallinfo
 .bss           0x0000000000813334        0x0 c:/software/altera/18.1/nios2eds/bin/gnu/h-x86_64-mingw32/bin/../lib/gcc/nios2-elf/5.3.0/../../../../../H-x86_64-mingw32/nios2-elf/lib\libc.a(lib_a-putc.o)
 .bss           0x0000000000813334        0x0 c:/software/altera/18.1/nios2eds/bin/gnu/h-x86_64-mingw32/bin/../lib/gcc/nios2-elf/5.3.0/../../../../../H-x86_64-mingw32/nios2-elf/lib\libc.a(lib_a-refill.o)
 .bss           0x0000000000813334        0x0 c:/software/altera/18.1/nios2eds/bin/gnu/h-x86_64-mingw32/bin/../lib/gcc/nios2-elf/5.3.0/../../../../../H-x86_64-mingw32/nios2-elf/lib\libc.a(lib_a-sbrkr.o)
 .bss           0x0000000000813334        0x0 c:/software/altera/18.1/nios2eds/bin/gnu/h-x86_64-mingw32/bin/../lib/gcc/nios2-elf/5.3.0/../../../../../H-x86_64-mingw32/nios2-elf/lib\libc.a(lib_a-stdio.o)
 .bss           0x0000000000813334        0x0 c:/software/altera/18.1/nios2eds/bin/gnu/h-x86_64-mingw32/bin/../lib/gcc/nios2-elf/5.3.0/../../../../../H-x86_64-mingw32/nios2-elf/lib\libc.a(lib_a-wbuf.o)
 .bss           0x0000000000813334        0x0 c:/software/altera/18.1/nios2eds/bin/gnu/h-x86_64-mingw32/bin/../lib/gcc/nios2-elf/5.3.0/../../../../../H-x86_64-mingw32/nios2-elf/lib\libc.a(lib_a-writer.o)
 .bss           0x0000000000813334        0x0 c:/software/altera/18.1/nios2eds/bin/gnu/h-x86_64-mingw32/bin/../lib/gcc/nios2-elf/5.3.0/../../../../../H-x86_64-mingw32/nios2-elf/lib\libc.a(lib_a-wsetup.o)
 .bss           0x0000000000813334        0x0 c:/software/altera/18.1/nios2eds/bin/gnu/h-x86_64-mingw32/bin/../lib/gcc/nios2-elf/5.3.0/../../../../../H-x86_64-mingw32/nios2-elf/lib\libc.a(closer.o)
 .bss           0x0000000000813334        0x0 c:/software/altera/18.1/nios2eds/bin/gnu/h-x86_64-mingw32/bin/../lib/gcc/nios2-elf/5.3.0/../../../../../H-x86_64-mingw32/nios2-elf/lib\libc.a(lib_a-fclose.o)
 .bss           0x0000000000813334        0x0 c:/software/altera/18.1/nios2eds/bin/gnu/h-x86_64-mingw32/bin/../lib/gcc/nios2-elf/5.3.0/../../../../../H-x86_64-mingw32/nios2-elf/lib\libc.a(lib_a-fflush.o)
 .bss           0x0000000000813334        0x0 c:/software/altera/18.1/nios2eds/bin/gnu/h-x86_64-mingw32/bin/../lib/gcc/nios2-elf/5.3.0/../../../../../H-x86_64-mingw32/nios2-elf/lib\libc.a(lib_a-freer.o)
 .bss           0x0000000000813334        0x0 c:/software/altera/18.1/nios2eds/bin/gnu/h-x86_64-mingw32/bin/../lib/gcc/nios2-elf/5.3.0/../../../../../H-x86_64-mingw32/nios2-elf/lib\libc.a(lib_a-int_errno.o)
 .bss           0x0000000000813334        0x0 c:/software/altera/18.1/nios2eds/bin/gnu/h-x86_64-mingw32/bin/../lib/gcc/nios2-elf/5.3.0/../../../../../H-x86_64-mingw32/nios2-elf/lib\libc.a(lib_a-lseekr.o)
 .bss           0x0000000000813334        0x0 c:/software/altera/18.1/nios2eds/bin/gnu/h-x86_64-mingw32/bin/../lib/gcc/nios2-elf/5.3.0/../../../../../H-x86_64-mingw32/nios2-elf/lib\libc.a(lib_a-makebuf.o)
 .bss           0x0000000000813334        0x0 c:/software/altera/18.1/nios2eds/bin/gnu/h-x86_64-mingw32/bin/../lib/gcc/nios2-elf/5.3.0/../../../../../H-x86_64-mingw32/nios2-elf/lib\libc.a(lib_a-readr.o)
 .bss           0x0000000000813334        0x0 c:/software/altera/18.1/nios2eds/bin/gnu/h-x86_64-mingw32/bin/../lib/gcc/nios2-elf/5.3.0/../../../../../H-x86_64-mingw32/nios2-elf/lib\libc.a(lib_a-fstatr.o)
 .bss           0x0000000000813334        0x0 c:/software/altera/18.1/nios2eds/bin/gnu/h-x86_64-mingw32/bin/../lib/gcc/nios2-elf/5.3.0/../../../../../H-x86_64-mingw32/nios2-elf/lib\libc.a(lib_a-isattyr.o)
 .bss           0x0000000000813334        0x0 ../Lab2_CLI_Testing_bsp/\libhal_bsp.a(alt_alarm_start.o)
 .bss           0x0000000000813334        0x0 ../Lab2_CLI_Testing_bsp/\libhal_bsp.a(alt_close.o)
 .bss           0x0000000000813334        0x0 ../Lab2_CLI_Testing_bsp/\libhal_bsp.a(alt_dev.o)
 .bss           0x0000000000813334        0x0 ../Lab2_CLI_Testing_bsp/\libhal_bsp.a(alt_errno.o)
 .bss           0x0000000000813334        0x0 ../Lab2_CLI_Testing_bsp/\libhal_bsp.a(alt_fstat.o)
 .bss           0x0000000000813334        0x0 ../Lab2_CLI_Testing_bsp/\libhal_bsp.a(alt_isatty.o)
 .bss           0x0000000000813334        0x0 ../Lab2_CLI_Testing_bsp/\libhal_bsp.a(alt_load.o)
 .bss           0x0000000000813334        0x0 ../Lab2_CLI_Testing_bsp/\libhal_bsp.a(alt_lseek.o)
 .bss           0x0000000000813334        0x0 ../Lab2_CLI_Testing_bsp/\libhal_bsp.a(alt_main.o)
 .bss           0x0000000000813334        0x0 ../Lab2_CLI_Testing_bsp/\libhal_bsp.a(alt_malloc_lock.o)
 .bss           0x0000000000813334        0x0 ../Lab2_CLI_Testing_bsp/\libhal_bsp.a(alt_printf.o)
 .bss           0x0000000000813334        0x0 ../Lab2_CLI_Testing_bsp/\libhal_bsp.a(alt_putchar.o)
 .bss           0x0000000000813334        0x0 ../Lab2_CLI_Testing_bsp/\libhal_bsp.a(alt_read.o)
 .bss           0x0000000000813334        0x0 ../Lab2_CLI_Testing_bsp/\libhal_bsp.a(alt_release_fd.o)
 .bss           0x0000000000813334        0x0 ../Lab2_CLI_Testing_bsp/\libhal_bsp.a(alt_sbrk.o)
 .bss           0x0000000000813334        0x0 ../Lab2_CLI_Testing_bsp/\libhal_bsp.a(alt_tick.o)
 .bss           0x0000000000813334        0x0 ../Lab2_CLI_Testing_bsp/\libhal_bsp.a(alt_write.o)
 .bss           0x0000000000813334        0x0 ../Lab2_CLI_Testing_bsp/\libhal_bsp.a(alt_sys_init.o)
 .bss           0x0000000000813334        0x0 ../Lab2_CLI_Testing_bsp/\libhal_bsp.a(altera_avalon_jtag_uart_fd.o)
 .bss           0x0000000000813334        0x0 ../Lab2_CLI_Testing_bsp/\libhal_bsp.a(altera_avalon_jtag_uart_read.o)
 .bss           0x0000000000813334        0x0 ../Lab2_CLI_Testing_bsp/\libhal_bsp.a(altera_avalon_jtag_uart_write.o)
 .bss           0x0000000000813334        0x0 ../Lab2_CLI_Testing_bsp/\libhal_bsp.a(altera_avalon_lcd_16207.o)
 .bss           0x0000000000813334        0x0 ../Lab2_CLI_Testing_bsp/\libhal_bsp.a(altera_avalon_lcd_16207_fd.o)
 .bss           0x0000000000813334        0x0 ../Lab2_CLI_Testing_bsp/\libhal_bsp.a(altera_avalon_timer_sc.o)
 .bss           0x0000000000813334        0x0 ../Lab2_CLI_Testing_bsp/\libhal_bsp.a(altera_avalon_uart_fd.o)
 .bss           0x0000000000813334        0x0 ../Lab2_CLI_Testing_bsp/\libhal_bsp.a(altera_avalon_uart_init.o)
 .bss           0x0000000000813334        0x0 ../Lab2_CLI_Testing_bsp/\libhal_bsp.a(altera_avalon_uart_read.o)
 .bss           0x0000000000813334        0x0 ../Lab2_CLI_Testing_bsp/\libhal_bsp.a(altera_avalon_uart_write.o)
 .bss           0x0000000000813334        0x0 ../Lab2_CLI_Testing_bsp/\libhal_bsp.a(altera_up_avalon_audio.o)
 .bss           0x0000000000813334        0x0 ../Lab2_CLI_Testing_bsp/\libhal_bsp.a(alt_dcache_flush_all.o)
 .bss           0x0000000000813334        0x0 ../Lab2_CLI_Testing_bsp/\libhal_bsp.a(alt_dev_llist_insert.o)
 .bss           0x0000000000813334        0x0 ../Lab2_CLI_Testing_bsp/\libhal_bsp.a(alt_do_ctors.o)
 .bss           0x0000000000813334        0x0 ../Lab2_CLI_Testing_bsp/\libhal_bsp.a(alt_do_dtors.o)
 .bss           0x0000000000813334        0x0 ../Lab2_CLI_Testing_bsp/\libhal_bsp.a(alt_find_dev.o)
 .bss           0x0000000000813334        0x0 ../Lab2_CLI_Testing_bsp/\libhal_bsp.a(alt_icache_flush_all.o)
 .bss           0x0000000000813334        0x0 ../Lab2_CLI_Testing_bsp/\libhal_bsp.a(alt_io_redirect.o)
 .bss           0x0000000000813334        0x0 ../Lab2_CLI_Testing_bsp/\libhal_bsp.a(alt_irq_register.o)
 .bss           0x0000000000813334        0x0 ../Lab2_CLI_Testing_bsp/\libhal_bsp.a(alt_irq_vars.o)
 .bss           0x0000000000813334        0x0 ../Lab2_CLI_Testing_bsp/\libhal_bsp.a(alt_open.o)
 .bss           0x0000000000813334        0x0 ../Lab2_CLI_Testing_bsp/\libhal_bsp.a(alt_usleep.o)
 .bss           0x0000000000813334        0x0 ../Lab2_CLI_Testing_bsp/\libhal_bsp.a(altera_nios2_gen2_irq.o)
 .bss           0x0000000000813334        0x0 ../Lab2_CLI_Testing_bsp/\libhal_bsp.a(alt_busy_sleep.o)
 .bss           0x0000000000813334        0x0 ../Lab2_CLI_Testing_bsp/\libhal_bsp.a(alt_find_file.o)
 .bss           0x0000000000813334        0x0 ../Lab2_CLI_Testing_bsp/\libhal_bsp.a(alt_get_fd.o)
 .bss           0x0000000000813334        0x0 ../Lab2_CLI_Testing_bsp/\libhal_bsp.a(alt_icache_flush.o)
 .bss           0x0000000000813334        0x0 ../Lab2_CLI_Testing_bsp/\libhal_bsp.a(alt_irq_entry.o)
 .bss           0x0000000000813334        0x0 ../Lab2_CLI_Testing_bsp/\libhal_bsp.a(alt_irq_handler.o)
 .bss           0x0000000000813334        0x0 ../Lab2_CLI_Testing_bsp/\libhal_bsp.a(alt_exception_entry.o)
 .bss           0x0000000000813334        0x0 ../Lab2_CLI_Testing_bsp/\libhal_bsp.a(alt_instruction_exception_entry.o)
 .bss           0x0000000000813334        0x0 c:/software/altera/18.1/nios2eds/bin/gnu/h-x86_64-mingw32/bin/../lib/gcc/nios2-elf/5.3.0/../../../../../H-x86_64-mingw32/nios2-elf/lib\libc.a(lib_a-atexit.o)
 .bss           0x0000000000813334        0x0 c:/software/altera/18.1/nios2eds/bin/gnu/h-x86_64-mingw32/bin/../lib/gcc/nios2-elf/5.3.0/../../../../../H-x86_64-mingw32/nios2-elf/lib\libc.a(lib_a-ctype_.o)
 .bss           0x0000000000813334        0x0 c:/software/altera/18.1/nios2eds/bin/gnu/h-x86_64-mingw32/bin/../lib/gcc/nios2-elf/5.3.0/../../../../../H-x86_64-mingw32/nios2-elf/lib\libc.a(lib_a-exit.o)
 .bss           0x0000000000813334        0x0 c:/software/altera/18.1/nios2eds/bin/gnu/h-x86_64-mingw32/bin/../lib/gcc/nios2-elf/5.3.0/../../../../../H-x86_64-mingw32/nios2-elf/lib\libc.a(lib_a-memcmp.o)
 .bss           0x0000000000813334        0x0 c:/software/altera/18.1/nios2eds/bin/gnu/h-x86_64-mingw32/bin/../lib/gcc/nios2-elf/5.3.0/../../../../../H-x86_64-mingw32/nios2-elf/lib\libc.a(lib_a-memcpy.o)
 .bss           0x0000000000813334        0x0 c:/software/altera/18.1/nios2eds/bin/gnu/h-x86_64-mingw32/bin/../lib/gcc/nios2-elf/5.3.0/../../../../../H-x86_64-mingw32/nios2-elf/lib\libc.a(lib_a-__atexit.o)
 .bss           0x0000000000813334        0x0 c:/software/altera/18.1/nios2eds/bin/gnu/h-x86_64-mingw32/bin/../lib/gcc/nios2-elf/5.3.0/../../../../../H-x86_64-mingw32/nios2-elf/lib\libc.a(lib_a-__call_atexit.o)
 .bss           0x0000000000813334        0x0 ../Lab2_CLI_Testing_bsp/\libhal_bsp.a(alt_exit.o)
 *(COMMON)
 COMMON         0x0000000000813334      0x9ac obj/default/hello_world.o
                0x0000000000813334                Fatfs
                0x0000000000813564                File1
                0x0000000000813788                Finfo
                0x00000000008137a0                Buff
                0x00000000008139a0                File2
                0x0000000000813bc4                Dir
                0x0000000000813be0                Line
 COMMON         0x0000000000813ce0      0x100 ../Lab2_CLI_Testing_bsp/\libhal_bsp.a(alt_irq_handler.o)
                0x0000000000813ce0                alt_irq
                0x0000000000813de0                . = ALIGN (0x4)
                0x0000000000813de0                __bss_end = ABSOLUTE (.)

.sdram_0        0x0000000000813de0        0x0
                [!provide]                        PROVIDE (_alt_partition_sdram_0_start, ABSOLUTE (.))
 *(.sdram_0 .sdram_0. sdram_0.*)
                0x0000000000813de0                . = ALIGN (0x4)
                [!provide]                        PROVIDE (_alt_partition_sdram_0_end, ABSOLUTE (.))
                0x0000000000813de0                _end = ABSOLUTE (.)
                0x0000000000813de0                end = ABSOLUTE (.)
                0x0000000000813de0                __alt_stack_base = ABSOLUTE (.)
                [!provide]                        PROVIDE (_alt_partition_sdram_0_load_addr, LOADADDR (.sdram_0))

.stab
 *(.stab)

.stabstr
 *(.stabstr)

.stab.excl
 *(.stab.excl)

.stab.exclstr
 *(.stab.exclstr)

.stab.index
 *(.stab.index)

.stab.indexstr
 *(.stab.indexstr)

.comment        0x0000000000000000       0x23
 *(.comment)
 .comment       0x0000000000000000       0x23 obj/default/fatfs.o
                                         0x24 (size before relaxing)
 .comment       0x0000000000000023       0x24 obj/default/fatfs_diskio.o
 .comment       0x0000000000000023       0x24 obj/default/fatfs_nios2_de0_nano_spi.o
 .comment       0x0000000000000023       0x24 obj/default/fatfs_nios2_de1_pio.o
 .comment       0x0000000000000023       0x24 obj/default/fatfs_nios2_de1_spi.o
 .comment       0x0000000000000023       0x24 obj/default/ff.o
 .comment       0x0000000000000023       0x24 obj/default/hello_world.o
 .comment       0x0000000000000023       0x24 obj/default/monitor.o
 .comment       0x0000000000000023       0x24 obj/default/uart_nios2.o
 .comment       0x0000000000000023       0x24 c:/software/altera/18.1/nios2eds/bin/gnu/h-x86_64-mingw32/bin/../lib/gcc/nios2-elf/5.3.0\libgcc.a(lib2-divmod.o)
 .comment       0x0000000000000023       0x24 c:/software/altera/18.1/nios2eds/bin/gnu/h-x86_64-mingw32/bin/../lib/gcc/nios2-elf/5.3.0/../../../../../H-x86_64-mingw32/nios2-elf/lib\libc.a(lib_a-getc.o)
 .comment       0x0000000000000023       0x24 c:/software/altera/18.1/nios2eds/bin/gnu/h-x86_64-mingw32/bin/../lib/gcc/nios2-elf/5.3.0/../../../../../H-x86_64-mingw32/nios2-elf/lib\libc.a(lib_a-impure.o)
 .comment       0x0000000000000023       0x24 c:/software/altera/18.1/nios2eds/bin/gnu/h-x86_64-mingw32/bin/../lib/gcc/nios2-elf/5.3.0/../../../../../H-x86_64-mingw32/nios2-elf/lib\libc.a(lib_a-memset.o)
 .comment       0x0000000000000023       0x24 c:/software/altera/18.1/nios2eds/bin/gnu/h-x86_64-mingw32/bin/../lib/gcc/nios2-elf/5.3.0/../../../../../H-x86_64-mingw32/nios2-elf/lib\libc.a(lib_a-putchar.o)
 .comment       0x0000000000000023       0x24 c:/software/altera/18.1/nios2eds/bin/gnu/h-x86_64-mingw32/bin/../lib/gcc/nios2-elf/5.3.0/../../../../../H-x86_64-mingw32/nios2-elf/lib\libc.a(lib_a-rget.o)
 .comment       0x0000000000000023       0x24 c:/software/altera/18.1/nios2eds/bin/gnu/h-x86_64-mingw32/bin/../lib/gcc/nios2-elf/5.3.0/../../../../../H-x86_64-mingw32/nios2-elf/lib\libc.a(lib_a-strcpy.o)
 .comment       0x0000000000000023       0x24 c:/software/altera/18.1/nios2eds/bin/gnu/h-x86_64-mingw32/bin/../lib/gcc/nios2-elf/5.3.0/../../../../../H-x86_64-mingw32/nios2-elf/lib\libc.a(lib_a-strlen.o)
 .comment       0x0000000000000023       0x24 c:/software/altera/18.1/nios2eds/bin/gnu/h-x86_64-mingw32/bin/../lib/gcc/nios2-elf/5.3.0/../../../../../H-x86_64-mingw32/nios2-elf/lib\libc.a(lib_a-findfp.o)
 .comment       0x0000000000000023       0x24 c:/software/altera/18.1/nios2eds/bin/gnu/h-x86_64-mingw32/bin/../lib/gcc/nios2-elf/5.3.0/../../../../../H-x86_64-mingw32/nios2-elf/lib\libc.a(lib_a-fwalk.o)
 .comment       0x0000000000000023       0x24 c:/software/altera/18.1/nios2eds/bin/gnu/h-x86_64-mingw32/bin/../lib/gcc/nios2-elf/5.3.0/../../../../../H-x86_64-mingw32/nios2-elf/lib\libc.a(lib_a-mallocr.o)
 .comment       0x0000000000000023       0x24 c:/software/altera/18.1/nios2eds/bin/gnu/h-x86_64-mingw32/bin/../lib/gcc/nios2-elf/5.3.0/../../../../../H-x86_64-mingw32/nios2-elf/lib\libc.a(lib_a-putc.o)
 .comment       0x0000000000000023       0x24 c:/software/altera/18.1/nios2eds/bin/gnu/h-x86_64-mingw32/bin/../lib/gcc/nios2-elf/5.3.0/../../../../../H-x86_64-mingw32/nios2-elf/lib\libc.a(lib_a-refill.o)
 .comment       0x0000000000000023       0x24 c:/software/altera/18.1/nios2eds/bin/gnu/h-x86_64-mingw32/bin/../lib/gcc/nios2-elf/5.3.0/../../../../../H-x86_64-mingw32/nios2-elf/lib\libc.a(lib_a-sbrkr.o)
 .comment       0x0000000000000023       0x24 c:/software/altera/18.1/nios2eds/bin/gnu/h-x86_64-mingw32/bin/../lib/gcc/nios2-elf/5.3.0/../../../../../H-x86_64-mingw32/nios2-elf/lib\libc.a(lib_a-stdio.o)
 .comment       0x0000000000000023       0x24 c:/software/altera/18.1/nios2eds/bin/gnu/h-x86_64-mingw32/bin/../lib/gcc/nios2-elf/5.3.0/../../../../../H-x86_64-mingw32/nios2-elf/lib\libc.a(lib_a-wbuf.o)
 .comment       0x0000000000000023       0x24 c:/software/altera/18.1/nios2eds/bin/gnu/h-x86_64-mingw32/bin/../lib/gcc/nios2-elf/5.3.0/../../../../../H-x86_64-mingw32/nios2-elf/lib\libc.a(lib_a-writer.o)
 .comment       0x0000000000000023       0x24 c:/software/altera/18.1/nios2eds/bin/gnu/h-x86_64-mingw32/bin/../lib/gcc/nios2-elf/5.3.0/../../../../../H-x86_64-mingw32/nios2-elf/lib\libc.a(lib_a-wsetup.o)
 .comment       0x0000000000000023       0x24 c:/software/altera/18.1/nios2eds/bin/gnu/h-x86_64-mingw32/bin/../lib/gcc/nios2-elf/5.3.0/../../../../../H-x86_64-mingw32/nios2-elf/lib\libc.a(closer.o)
 .comment       0x0000000000000023       0x24 c:/software/altera/18.1/nios2eds/bin/gnu/h-x86_64-mingw32/bin/../lib/gcc/nios2-elf/5.3.0/../../../../../H-x86_64-mingw32/nios2-elf/lib\libc.a(lib_a-fclose.o)
 .comment       0x0000000000000023       0x24 c:/software/altera/18.1/nios2eds/bin/gnu/h-x86_64-mingw32/bin/../lib/gcc/nios2-elf/5.3.0/../../../../../H-x86_64-mingw32/nios2-elf/lib\libc.a(lib_a-fflush.o)
 .comment       0x0000000000000023       0x24 c:/software/altera/18.1/nios2eds/bin/gnu/h-x86_64-mingw32/bin/../lib/gcc/nios2-elf/5.3.0/../../../../../H-x86_64-mingw32/nios2-elf/lib\libc.a(lib_a-freer.o)
 .comment       0x0000000000000023       0x24 c:/software/altera/18.1/nios2eds/bin/gnu/h-x86_64-mingw32/bin/../lib/gcc/nios2-elf/5.3.0/../../../../../H-x86_64-mingw32/nios2-elf/lib\libc.a(lib_a-int_errno.o)
 .comment       0x0000000000000023       0x24 c:/software/altera/18.1/nios2eds/bin/gnu/h-x86_64-mingw32/bin/../lib/gcc/nios2-elf/5.3.0/../../../../../H-x86_64-mingw32/nios2-elf/lib\libc.a(lib_a-lseekr.o)
 .comment       0x0000000000000023       0x24 c:/software/altera/18.1/nios2eds/bin/gnu/h-x86_64-mingw32/bin/../lib/gcc/nios2-elf/5.3.0/../../../../../H-x86_64-mingw32/nios2-elf/lib\libc.a(lib_a-makebuf.o)
 .comment       0x0000000000000023       0x24 c:/software/altera/18.1/nios2eds/bin/gnu/h-x86_64-mingw32/bin/../lib/gcc/nios2-elf/5.3.0/../../../../../H-x86_64-mingw32/nios2-elf/lib\libc.a(lib_a-readr.o)
 .comment       0x0000000000000023       0x24 c:/software/altera/18.1/nios2eds/bin/gnu/h-x86_64-mingw32/bin/../lib/gcc/nios2-elf/5.3.0/../../../../../H-x86_64-mingw32/nios2-elf/lib\libc.a(lib_a-fstatr.o)
 .comment       0x0000000000000023       0x24 c:/software/altera/18.1/nios2eds/bin/gnu/h-x86_64-mingw32/bin/../lib/gcc/nios2-elf/5.3.0/../../../../../H-x86_64-mingw32/nios2-elf/lib\libc.a(lib_a-isattyr.o)
 .comment       0x0000000000000023       0x24 ../Lab2_CLI_Testing_bsp/\libhal_bsp.a(alt_alarm_start.o)
 .comment       0x0000000000000023       0x24 ../Lab2_CLI_Testing_bsp/\libhal_bsp.a(alt_close.o)
 .comment       0x0000000000000023       0x24 ../Lab2_CLI_Testing_bsp/\libhal_bsp.a(alt_dev.o)
 .comment       0x0000000000000023       0x24 ../Lab2_CLI_Testing_bsp/\libhal_bsp.a(alt_errno.o)
 .comment       0x0000000000000023       0x24 ../Lab2_CLI_Testing_bsp/\libhal_bsp.a(alt_fstat.o)
 .comment       0x0000000000000023       0x24 ../Lab2_CLI_Testing_bsp/\libhal_bsp.a(alt_isatty.o)
 .comment       0x0000000000000023       0x24 ../Lab2_CLI_Testing_bsp/\libhal_bsp.a(alt_load.o)
 .comment       0x0000000000000023       0x24 ../Lab2_CLI_Testing_bsp/\libhal_bsp.a(alt_lseek.o)
 .comment       0x0000000000000023       0x24 ../Lab2_CLI_Testing_bsp/\libhal_bsp.a(alt_main.o)
 .comment       0x0000000000000023       0x24 ../Lab2_CLI_Testing_bsp/\libhal_bsp.a(alt_malloc_lock.o)
 .comment       0x0000000000000023       0x24 ../Lab2_CLI_Testing_bsp/\libhal_bsp.a(alt_printf.o)
 .comment       0x0000000000000023       0x24 ../Lab2_CLI_Testing_bsp/\libhal_bsp.a(alt_putchar.o)
 .comment       0x0000000000000023       0x24 ../Lab2_CLI_Testing_bsp/\libhal_bsp.a(alt_read.o)
 .comment       0x0000000000000023       0x24 ../Lab2_CLI_Testing_bsp/\libhal_bsp.a(alt_release_fd.o)
 .comment       0x0000000000000023       0x24 ../Lab2_CLI_Testing_bsp/\libhal_bsp.a(alt_sbrk.o)
 .comment       0x0000000000000023       0x24 ../Lab2_CLI_Testing_bsp/\libhal_bsp.a(alt_tick.o)
 .comment       0x0000000000000023       0x24 ../Lab2_CLI_Testing_bsp/\libhal_bsp.a(alt_write.o)
 .comment       0x0000000000000023       0x24 ../Lab2_CLI_Testing_bsp/\libhal_bsp.a(alt_sys_init.o)
 .comment       0x0000000000000023       0x24 ../Lab2_CLI_Testing_bsp/\libhal_bsp.a(altera_avalon_jtag_uart_fd.o)
 .comment       0x0000000000000023       0x24 ../Lab2_CLI_Testing_bsp/\libhal_bsp.a(altera_avalon_jtag_uart_read.o)
 .comment       0x0000000000000023       0x24 ../Lab2_CLI_Testing_bsp/\libhal_bsp.a(altera_avalon_jtag_uart_write.o)
 .comment       0x0000000000000023       0x24 ../Lab2_CLI_Testing_bsp/\libhal_bsp.a(altera_avalon_lcd_16207.o)
 .comment       0x0000000000000023       0x24 ../Lab2_CLI_Testing_bsp/\libhal_bsp.a(altera_avalon_lcd_16207_fd.o)
 .comment       0x0000000000000023       0x24 ../Lab2_CLI_Testing_bsp/\libhal_bsp.a(altera_avalon_timer_sc.o)
 .comment       0x0000000000000023       0x24 ../Lab2_CLI_Testing_bsp/\libhal_bsp.a(altera_avalon_uart_fd.o)
 .comment       0x0000000000000023       0x24 ../Lab2_CLI_Testing_bsp/\libhal_bsp.a(altera_avalon_uart_init.o)
 .comment       0x0000000000000023       0x24 ../Lab2_CLI_Testing_bsp/\libhal_bsp.a(altera_avalon_uart_read.o)
 .comment       0x0000000000000023       0x24 ../Lab2_CLI_Testing_bsp/\libhal_bsp.a(altera_avalon_uart_write.o)
 .comment       0x0000000000000023       0x24 ../Lab2_CLI_Testing_bsp/\libhal_bsp.a(altera_up_avalon_audio.o)
 .comment       0x0000000000000023       0x24 ../Lab2_CLI_Testing_bsp/\libhal_bsp.a(alt_dcache_flush_all.o)
 .comment       0x0000000000000023       0x24 ../Lab2_CLI_Testing_bsp/\libhal_bsp.a(alt_dev_llist_insert.o)
 .comment       0x0000000000000023       0x24 ../Lab2_CLI_Testing_bsp/\libhal_bsp.a(alt_do_ctors.o)
 .comment       0x0000000000000023       0x24 ../Lab2_CLI_Testing_bsp/\libhal_bsp.a(alt_do_dtors.o)
 .comment       0x0000000000000023       0x24 ../Lab2_CLI_Testing_bsp/\libhal_bsp.a(alt_find_dev.o)
 .comment       0x0000000000000023       0x24 ../Lab2_CLI_Testing_bsp/\libhal_bsp.a(alt_icache_flush_all.o)
 .comment       0x0000000000000023       0x24 ../Lab2_CLI_Testing_bsp/\libhal_bsp.a(alt_io_redirect.o)
 .comment       0x0000000000000023       0x24 ../Lab2_CLI_Testing_bsp/\libhal_bsp.a(alt_irq_register.o)
 .comment       0x0000000000000023       0x24 ../Lab2_CLI_Testing_bsp/\libhal_bsp.a(alt_irq_vars.o)
 .comment       0x0000000000000023       0x24 ../Lab2_CLI_Testing_bsp/\libhal_bsp.a(alt_open.o)
 .comment       0x0000000000000023       0x24 ../Lab2_CLI_Testing_bsp/\libhal_bsp.a(alt_usleep.o)
 .comment       0x0000000000000023       0x24 ../Lab2_CLI_Testing_bsp/\libhal_bsp.a(altera_nios2_gen2_irq.o)
 .comment       0x0000000000000023       0x24 ../Lab2_CLI_Testing_bsp/\libhal_bsp.a(alt_busy_sleep.o)
 .comment       0x0000000000000023       0x24 ../Lab2_CLI_Testing_bsp/\libhal_bsp.a(alt_find_file.o)
 .comment       0x0000000000000023       0x24 ../Lab2_CLI_Testing_bsp/\libhal_bsp.a(alt_get_fd.o)
 .comment       0x0000000000000023       0x24 ../Lab2_CLI_Testing_bsp/\libhal_bsp.a(alt_icache_flush.o)
 .comment       0x0000000000000023       0x24 ../Lab2_CLI_Testing_bsp/\libhal_bsp.a(alt_irq_handler.o)
 .comment       0x0000000000000023       0x24 ../Lab2_CLI_Testing_bsp/\libhal_bsp.a(alt_instruction_exception_entry.o)
 .comment       0x0000000000000023       0x24 c:/software/altera/18.1/nios2eds/bin/gnu/h-x86_64-mingw32/bin/../lib/gcc/nios2-elf/5.3.0/../../../../../H-x86_64-mingw32/nios2-elf/lib\libc.a(lib_a-atexit.o)
 .comment       0x0000000000000023       0x24 c:/software/altera/18.1/nios2eds/bin/gnu/h-x86_64-mingw32/bin/../lib/gcc/nios2-elf/5.3.0/../../../../../H-x86_64-mingw32/nios2-elf/lib\libc.a(lib_a-ctype_.o)
 .comment       0x0000000000000023       0x24 c:/software/altera/18.1/nios2eds/bin/gnu/h-x86_64-mingw32/bin/../lib/gcc/nios2-elf/5.3.0/../../../../../H-x86_64-mingw32/nios2-elf/lib\libc.a(lib_a-exit.o)