Archive member included to satisfy reference by file (symbol)

c:/software/altera/18.1/nios2eds/bin/gnu/h-x86_64-mingw32/bin/../lib/gcc/nios2-elf/5.3.0\libgcc.a(lib2-divmod.o)
                              obj/default/ff.o (__udivsi3)
c:/software/altera/18.1/nios2eds/bin/gnu/h-x86_64-mingw32/bin/../lib/gcc/nios2-elf/5.3.0/../../../../../H-x86_64-mingw32/nios2-elf/lib\libc.a(lib_a-getc.o)
                              obj/default/uart_nios2.o (getc)
c:/software/altera/18.1/nios2eds/bin/gnu/h-x86_64-mingw32/bin/../lib/gcc/nios2-elf/5.3.0/../../../../../H-x86_64-mingw32/nios2-elf/lib\libc.a(lib_a-impure.o)
                              obj/default/uart_nios2.o (_impure_ptr)
c:/software/altera/18.1/nios2eds/bin/gnu/h-x86_64-mingw32/bin/../lib/gcc/nios2-elf/5.3.0/../../../../../H-x86_64-mingw32/nios2-elf/lib\libc.a(lib_a-putchar.o)
                              obj/default/uart_nios2.o (putchar)
c:/software/altera/18.1/nios2eds/bin/gnu/h-x86_64-mingw32/bin/../lib/gcc/nios2-elf/5.3.0/../../../../../H-x86_64-mingw32/nios2-elf/lib\libc.a(lib_a-rget.o)
                              c:/software/altera/18.1/nios2eds/bin/gnu/h-x86_64-mingw32/bin/../lib/gcc/nios2-elf/5.3.0/../../../../../H-x86_64-mingw32/nios2-elf/lib\libc.a(lib_a-getc.o) (__srget_r)
c:/software/altera/18.1/nios2eds/bin/gnu/h-x86_64-mingw32/bin/../lib/gcc/nios2-elf/5.3.0/../../../../../H-x86_64-mingw32/nios2-elf/lib\libc.a(lib_a-findfp.o)
                              c:/software/altera/18.1/nios2eds/bin/gnu/h-x86_64-mingw32/bin/../lib/gcc/nios2-elf/5.3.0/../../../../../H-x86_64-mingw32/nios2-elf/lib\libc.a(lib_a-getc.o) (__sinit)
c:/software/altera/18.1/nios2eds/bin/gnu/h-x86_64-mingw32/bin/../lib/gcc/nios2-elf/5.3.0/../../../../../H-x86_64-mingw32/nios2-elf/lib\libc.a(lib_a-fwalk.o)
                              c:/software/altera/18.1/nios2eds/bin/gnu/h-x86_64-mingw32/bin/../lib/gcc/nios2-elf/5.3.0/../../../../../H-x86_64-mingw32/nios2-elf/lib\libc.a(lib_a-findfp.o) (_fwalk)
c:/software/altera/18.1/nios2eds/bin/gnu/h-x86_64-mingw32/bin/../lib/gcc/nios2-elf/5.3.0/../../../../../H-x86_64-mingw32/nios2-elf/lib\libc.a(lib_a-mallocr.o)
                              c:/software/altera/18.1/nios2eds/bin/gnu/h-x86_64-mingw32/bin/../lib/gcc/nios2-elf/5.3.0/../../../../../H-x86_64-mingw32/nios2-elf/lib\libc.a(lib_a-findfp.o) (_malloc_r)
c:/software/altera/18.1/nios2eds/bin/gnu/h-x86_64-mingw32/bin/../lib/gcc/nios2-elf/5.3.0/../../../../../H-x86_64-mingw32/nios2-elf/lib\libc.a(lib_a-memset.o)
                              c:/software/altera/18.1/nios2eds/bin/gnu/h-x86_64-mingw32/bin/../lib/gcc/nios2-elf/5.3.0/../../../../../H-x86_64-mingw32/nios2-elf/lib\libc.a(lib_a-findfp.o) (memset)
c:/software/altera/18.1/nios2eds/bin/gnu/h-x86_64-mingw32/bin/../lib/gcc/nios2-elf/5.3.0/../../../../../H-x86_64-mingw32/nios2-elf/lib\libc.a(lib_a-putc.o)
                              c:/software/altera/18.1/nios2eds/bin/gnu/h-x86_64-mingw32/bin/../lib/gcc/nios2-elf/5.3.0/../../../../../H-x86_64-mingw32/nios2-elf/lib\libc.a(lib_a-putchar.o) (_putc_r)
c:/software/altera/18.1/nios2eds/bin/gnu/h-x86_64-mingw32/bin/../lib/gcc/nios2-elf/5.3.0/../../../../../H-x86_64-mingw32/nios2-elf/lib\libc.a(lib_a-refill.o)
                              c:/software/altera/18.1/nios2eds/bin/gnu/h-x86_64-mingw32/bin/../lib/gcc/nios2-elf/5.3.0/../../../../../H-x86_64-mingw32/nios2-elf/lib\libc.a(lib_a-rget.o) (__srefill_r)
c:/software/altera/18.1/nios2eds/bin/gnu/h-x86_64-mingw32/bin/../lib/gcc/nios2-elf/5.3.0/../../../../../H-x86_64-mingw32/nios2-elf/lib\libc.a(lib_a-sbrkr.o)
                              c:/software/altera/18.1/nios2eds/bin/gnu/h-x86_64-mingw32/bin/../lib/gcc/nios2-elf/5.3.0/../../../../../H-x86_64-mingw32/nios2-elf/lib\libc.a(lib_a-mallocr.o) (_sbrk_r)
c:/software/altera/18.1/nios2eds/bin/gnu/h-x86_64-mingw32/bin/../lib/gcc/nios2-elf/5.3.0/../../../../../H-x86_64-mingw32/nios2-elf/lib\libc.a(lib_a-stdio.o)
                              c:/software/altera/18.1/nios2eds/bin/gnu/h-x86_64-mingw32/bin/../lib/gcc/nios2-elf/5.3.0/../../../../../H-x86_64-mingw32/nios2-elf/lib\libc.a(lib_a-findfp.o) (__sread)
c:/software/altera/18.1/nios2eds/bin/gnu/h-x86_64-mingw32/bin/../lib/gcc/nios2-elf/5.3.0/../../../../../H-x86_64-mingw32/nios2-elf/lib\libc.a(lib_a-wbuf.o)
                              c:/software/altera/18.1/nios2eds/bin/gnu/h-x86_64-mingw32/bin/../lib/gcc/nios2-elf/5.3.0/../../../../../H-x86_64-mingw32/nios2-elf/lib\libc.a(lib_a-putc.o) (__swbuf_r)
c:/software/altera/18.1/nios2eds/bin/gnu/h-x86_64-mingw32/bin/../lib/gcc/nios2-elf/5.3.0/../../../../../H-x86_64-mingw32/nios2-elf/lib\libc.a(lib_a-writer.o)
                              c:/software/altera/18.1/nios2eds/bin/gnu/h-x86_64-mingw32/bin/../lib/gcc/nios2-elf/5.3.0/../../../../../H-x86_64-mingw32/nios2-elf/lib\libc.a(lib_a-stdio.o) (_write_r)
[...]
Memory Configuration

Name             Origin             Length             Attributes
reset            0x0000000000800000 0x0000000000000020
sdram_0          0x0000000000800020 0x00000000007fffe0
*default*        0x0000000000000000 0xffffffffffffffff

Linker script and memory map

LOAD ../lab2_loop_audio_test_bsp//obj/HAL/src/crt0.o
LOAD obj/default/fatfs.o
LOAD obj/default/fatfs_diskio.o
LOAD obj/default/fatfs_nios2_de0_nano_spi.o
LOAD obj/default/fatfs_nios2_de1_pio.o
LOAD obj/default/fatfs_nios2_de1_spi.o
LOAD obj/default/ff.o
LOAD obj/default/hello_world.o
LOAD obj/default/monitor.o
LOAD obj/default/uart_nios2.o
LOAD c:/software/altera/18.1/nios2eds/bin/gnu/h-x86_64-mingw32/bin/../lib/gcc/nios2-elf/5.3.0/../../../../../H-x86_64-mingw32/nios2-elf/lib\libstdc++.a
LOAD c:/software/altera/18.1/nios2eds/bin/gnu/h-x86_64-mingw32/bin/../lib/gcc/nios2-elf/5.3.0/../../../../../H-x86_64-mingw32/nios2-elf/lib\libm.a
LOAD c:/software/altera/18.1/nios2eds/bin/gnu/h-x86_64-mingw32/bin/../lib/gcc/nios2-elf/5.3.0\libgcc.a
START GROUP
LOAD c:/software/altera/18.1/nios2eds/bin/gnu/h-x86_64-mingw32/bin/../lib/gcc/nios2-elf/5.3.0/../../../../../H-x86_64-mingw32/nios2-elf/lib\libc.a
LOAD c:/software/altera/18.1/nios2eds/bin/gnu/h-x86_64-mingw32/bin/../lib/gcc/nios2-elf/5.3.0\libgcc.a
LOAD ../lab2_loop_audio_test_bsp/\libhal_bsp.a
LOAD c:/software/altera/18.1/nios2eds/bin/gnu/h-x86_64-mingw32/bin/../lib/gcc/nios2-elf/5.3.0/../../../../../H-x86_64-mingw32/nios2-elf/lib\libm.a
END GROUP
LOAD c:/software/altera/18.1/nios2eds/bin/gnu/h-x86_64-mingw32/bin/../lib/gcc/nios2-elf/5.3.0\libgcc.a
                0x0000000000800000                __alt_mem_sdram_0 = 0x800000

.entry          0x0000000000800000       0x20
 *(.entry)
 .entry         0x0000000000800000       0x20 ../lab2_loop_audio_test_bsp//obj/HAL/src/crt0.o
                0x0000000000800000                __reset

.exceptions     0x0000000000800020      0x228
                0x0000000000800020                PROVIDE (__ram_exceptions_start, ABSOLUTE (.))
                0x0000000000800020                . = ALIGN (0x20)
 *(.irq)
 *(.exceptions.entry.label)
 .exceptions.entry.label
                0x0000000000800020        0x0 ../lab2_loop_audio_test_bsp/\libhal_bsp.a(alt_irq_entry.o)
                0x0000000000800020                alt_irq_entry
 .exceptions.entry.label
                0x0000000000800020        0x0 ../lab2_loop_audio_test_bsp/\libhal_bsp.a(alt_exception_entry.o)
                0x0000000000800020                alt_exception
 *(.exceptions.entry.user)
 *(.exceptions.entry.ecc_fatal)
 *(.exceptions.entry)
 .exceptions.entry
                0x0000000000800020       0x54 ../lab2_loop_audio_test_bsp/\libhal_bsp.a(alt_exception_entry.o)
 *(.exceptions.irqtest.user)
 *(.exceptions.irqtest)
 .exceptions.irqtest
                0x0000000000800074       0x10 ../lab2_loop_audio_test_bsp/\libhal_bsp.a(alt_irq_entry.o)
 *(.exceptions.irqhandler.user)
 *(.exceptions.irqhandler)
 .exceptions.irqhandler
                0x0000000000800084        0x4 ../lab2_loop_audio_test_bsp/\libhal_bsp.a(alt_irq_entry.o)
 *(.exceptions.irqreturn.user)
 *(.exceptions.irqreturn)
 .exceptions.irqreturn
                0x0000000000800088        0x4 ../lab2_loop_audio_test_bsp/\libhal_bsp.a(alt_irq_entry.o)
 *(.exceptions.notirq.label)
 .exceptions.notirq.label
                0x000000000080008c        0x0 ../lab2_loop_audio_test_bsp/\libhal_bsp.a(alt_irq_entry.o)
 *(.exceptions.notirq.user)
 *(.exceptions.notirq)
 .exceptions.notirq
                0x000000000080008c        0x8 ../lab2_loop_audio_test_bsp/\libhal_bsp.a(alt_exception_entry.o)
 *(.exceptions.soft.user)
 *(.exceptions.soft)
 *(.exceptions.unknown.user)
 *(.exceptions.unknown)
 .exceptions.unknown
                0x0000000000800094       0x14 ../lab2_loop_audio_test_bsp/\libhal_bsp.a(alt_exception_entry.o)
 *(.exceptions.exit.label)
 .exceptions.exit.label
                0x00000000008000a8        0x0 ../lab2_loop_audio_test_bsp/\libhal_bsp.a(alt_irq_entry.o)
 .exceptions.exit.label
                0x00000000008000a8        0x0 ../lab2_loop_audio_test_bsp/\libhal_bsp.a(alt_exception_entry.o)
 *(.exceptions.exit.user)
 *(.exceptions.exit)
 .exceptions.exit
                0x00000000008000a8       0x54 ../lab2_loop_audio_test_bsp/\libhal_bsp.a(alt_exception_entry.o)
 *(.exceptions)
 .exceptions    0x00000000008000fc       0xd8 ../lab2_loop_audio_test_bsp/\libhal_bsp.a(alt_irq_handler.o)
                0x00000000008000fc                alt_irq_handler
 .exceptions    0x00000000008001d4       0x74 ../lab2_loop_audio_test_bsp/\libhal_bsp.a(alt_instruction_exception_entry.o)
                0x00000000008001d4                alt_instruction_exception_entry
                0x0000000000800248                PROVIDE (__ram_exceptions_end, ABSOLUTE (.))
                0x0000000000800020                PROVIDE (__flash_exceptions_start, LOADADDR (.exceptions))

.text           0x0000000000800248     0xf290
                [!provide]                        PROVIDE (stext, ABSOLUTE (.))
 *(.interp)
 *(.hash)
 *(.dynsym)
 *(.dynstr)
 *(.gnu.version)
 *(.gnu.version_d)
 *(.gnu.version_r)
 *(.rel.init)
 *(.rela.init)
 *(.rel.text .rel.text.* .rel.gnu.linkonce.t.*)
 *(.rela.text .rela.text.* .rela.gnu.linkonce.t.*)
 *(.rel.fini)
 *(.rela.fini)
 *(.rel.rodata .rel.rodata.* .rel.gnu.linkonce.r.*)
 *(.rela.rodata .rela.rodata.* .rela.gnu.linkonce.r.*)
 *(.rel.data .rel.data.* .rel.gnu.linkonce.d.*)
 *(.rela.data .rela.data.* .rela.gnu.linkonce.d.*)
 *(.rel.tdata .rel.tdata.* .rel.gnu.linkonce.td.*)
 *(.rela.tdata .rela.tdata.* .rela.gnu.linkonce.td.*)
 *(.rel.tbss .rel.tbss.* .rel.gnu.linkonce.tb.*)
 *(.rela.tbss .rela.tbss.* .rela.gnu.linkonce.tb.*)
 *(.rel.ctors)
 *(.rela.ctors)
 *(.rel.dtors)
 *(.rela.dtors)
 *(.rel.got)
 *(.rela.got)
 *(.rel.sdata .rel.sdata.* .rel.gnu.linkonce.s.*)
 *(.rela.sdata .rela.sdata.* .rela.gnu.linkonce.s.*)
 *(.rel.sbss .rel.sbss.* .rel.gnu.linkonce.sb.*)
 *(.rela.sbss .rela.sbss.* .rela.gnu.linkonce.sb.*)
 *(.rel.sdata2 .rel.sdata2.* .rel.gnu.linkonce.s2.*)
 *(.rela.sdata2 .rela.sdata2.* .rela.gnu.linkonce.s2.*)
 *(.rel.sbss2 .rel.sbss2.* .rel.gnu.linkonce.sb2.*)
 *(.rela.sbss2 .rela.sbss2.* .rela.gnu.linkonce.sb2.*)
 *(.rel.bss .rel.bss.* .rel.gnu.linkonce.b.*)
 *(.rela.bss .rela.bss.* .rela.gnu.linkonce.b.*)
 *(.rel.plt)
 *(.rela.plt)
 *(.rel.dyn)
 *(.init)
 *(.plt)
 *(.text .stub .text.* .gnu.linkonce.t.*)
 .text          0x0000000000800248       0x4c ../lab2_loop_audio_test_bsp//obj/HAL/src/crt0.o
                0x0000000000800248                _start
 .text          0x0000000000800294       0x24 obj/default/fatfs.o
                0x0000000000800294                ffs_Init
 .text          0x00000000008002b8     0x12d0 obj/default/fatfs_diskio.o
                0x0000000000800a4c                ffs_DiskIOInit
                0x0000000000800a78                ffs_DiskIOTimerproc
                0x0000000000800b84                ffs_DiskIOInitialize
                0x0000000000800de0                ffs_DiskIOStatus
                0x0000000000800e08                ffs_DiskIORead
                0x0000000000800f28                ffs_DiskIOWrite
                0x0000000000801098                ffs_DiskIOIoctl
                0x000000000080155c                get_fattime
 .text          0x0000000000801588        0x0 obj/default/fatfs_nios2_de0_nano_spi.o
 .text          0x0000000000801588        0x0 obj/default/fatfs_nios2_de1_pio.o
 .text          0x0000000000801588        0x0 obj/default/fatfs_nios2_de1_spi.o
 .text          0x0000000000801588     0x6b6c obj/default/ff.o
                0x0000000000801ad8                clust2sect
                0x0000000000801b44                get_fat
                0x0000000000801dd4                put_fat
                0x0000000000803f60                f_mount
                0x0000000000803ff4                f_open
                0x0000000000804478                f_read
                0x0000000000804960                f_write
                0x0000000000804ee4                f_sync
                0x000000000080516c                f_close
                0x00000000008051b4                f_lseek
                0x00000000008056a4                f_opendir
                0x0000000000805814                f_readdir
                0x00000000008058f8                f_stat
                0x0000000000805998                f_getfree
                0x0000000000805c84                f_truncate
                0x0000000000805e6c                f_unlink
                0x0000000000806084                f_mkdir
                0x00000000008064bc                f_chmod
                0x00000000008065c8                f_utime
                0x00000000008066dc                f_rename
                0x00000000008069f0                f_mkfs
                0x00000000008078b0                f_gets
                0x0000000000807988                f_putc
                0x00000000008079fc                f_puts
                0x0000000000807a94                f_printf
 .text          0x00000000008080f4       0xc0 obj/default/hello_world.o
                0x00000000008080f4                main
 .text          0x00000000008081b4      0x9a8 obj/default/monitor.o
                0x00000000008081b4                xatoi
                0x0000000000808438                xputc
                0x000000000080848c                xputs
                0x00000000008084f8                xitoa
                0x00000000008086b8                xprintf
                0x000000000080897c                put_dump
                0x0000000000808a9c                get_line
 .text          0x0000000000808b5c       0xb0 obj/default/uart_nios2.o
                0x0000000000808b5c                uart0_init
                0x0000000000808b80                uart0_put
                0x0000000000808bbc                uart0_get
 .text          0x0000000000808c0c      0x1b4 c:/software/altera/18.1/nios2eds/bin/gnu/h-x86_64-mingw32/bin/../lib/gcc/nios2-elf/5.3.0\libgcc.a(lib2-divmod.o)
                0x0000000000808c0c                __divsi3
                0x0000000000808c90                __modsi3
                0x0000000000808d04                __udivsi3
                0x0000000000808d68                __umodsi3
 .text          0x0000000000808dc0        0x0 c:/software/altera/18.1/nios2eds/bin/gnu/h-x86_64-mingw32/bin/../lib/gcc/nios2-elf/5.3.0/../../../../../H-x86_64-mingw32/nios2-elf/lib\libc.a(lib_a-getc.o)
 .text._getc_r  0x0000000000808dc0       0x70 c:/software/altera/18.1/nios2eds/bin/gnu/h-x86_64-mingw32/bin/../lib/gcc/nios2-elf/5.3.0/../../../../../H-x86_64-mingw32/nios2-elf/lib\libc.a(lib_a-getc.o)
                0x0000000000808dc0                _getc_r
 .text.getc     0x0000000000808e30       0x88 c:/software/altera/18.1/nios2eds/bin/gnu/h-x86_64-mingw32/bin/../lib/gcc/nios2-elf/5.3.0/../../../../../H-x86_64-mingw32/nios2-elf/lib\libc.a(lib_a-getc.o)
                0x0000000000808e30                getc
 .text          0x0000000000808eb8        0x0 c:/software/altera/18.1/nios2eds/bin/gnu/h-x86_64-mingw32/bin/../lib/gcc/nios2-elf/5.3.0/../../../../../H-x86_64-mingw32/nios2-elf/lib\libc.a(lib_a-impure.o)
 .text          0x0000000000808eb8        0x0 c:/software/altera/18.1/nios2eds/bin/gnu/h-x86_64-mingw32/bin/../lib/gcc/nios2-elf/5.3.0/../../../../../H-x86_64-mingw32/nios2-elf/lib\libc.a(lib_a-putchar.o)
 .text._putchar_r
                0x0000000000808eb8        0x8 c:/software/altera/18.1/nios2eds/bin/gnu/h-x86_64-mingw32/bin/../lib/gcc/nios2-elf/5.3.0/../../../../../H-x86_64-mingw32/nios2-elf/lib\libc.a(lib_a-putchar.o)
                0x0000000000808eb8                _putchar_r
 .text.putchar  0x0000000000808ec0       0x18 c:/software/altera/18.1/nios2eds/bin/gnu/h-x86_64-mingw32/bin/../lib/gcc/nios2-elf/5.3.0/../../../../../H-x86_64-mingw32/nios2-elf/lib\libc.a(lib_a-putchar.o)
                0x0000000000808ec0                putchar
 .text          0x0000000000808ed8        0x0 c:/software/altera/18.1/nios2eds/bin/gnu/h-x86_64-mingw32/bin/../lib/gcc/nios2-elf/5.3.0/../../../../../H-x86_64-mingw32/nios2-elf/lib\libc.a(lib_a-rget.o)
 .text.__srget_r
                0x0000000000808ed8       0x74 c:/software/altera/18.1/nios2eds/bin/gnu/h-x86_64-mingw32/bin/../lib/gcc/nios2-elf/5.3.0/../../../../../H-x86_64-mingw32/nios2-elf/lib\libc.a(lib_a-rget.o)
                0x0000000000808ed8                __srget_r
 .text.__srget  0x0000000000808f4c       0x14 c:/software/altera/18.1/nios2eds/bin/gnu/h-x86_64-mingw32/bin/../lib/gcc/nios2-elf/5.3.0/../../../../../H-x86_64-mingw32/nios2-elf/lib\libc.a(lib_a-rget.o)
                0x0000000000808f4c                __srget
 .text          0x0000000000808f60        0x0 c:/software/altera/18.1/nios2eds/bin/gnu/h-x86_64-mingw32/bin/../lib/gcc/nios2-elf/5.3.0/../../../../../H-x86_64-mingw32/nios2-elf/lib\libc.a(lib_a-findfp.o)
 .text.__fp_unlock
                0x0000000000808f60        0x8 c:/software/altera/18.1/nios2eds/bin/gnu/h-x86_64-mingw32/bin/../lib/gcc/nios2-elf/5.3.0/../../../../../H-x86_64-mingw32/nios2-elf/lib\libc.a(lib_a-findfp.o)
 .text._cleanup_r
                0x0000000000808f68        0xc c:/software/altera/18.1/nios2eds/bin/gnu/h-x86_64-mingw32/bin/../lib/gcc/nios2-elf/5.3.0/../../../../../H-x86_64-mingw32/nios2-elf/lib\libc.a(lib_a-findfp.o)
                0x0000000000808f68                _cleanup_r
 .text.__sinit.part.1
                0x0000000000808f74      0x19c c:/software/altera/18.1/nios2eds/bin/gnu/h-x86_64-mingw32/bin/../lib/gcc/nios2-elf/5.3.0/../../../../../H-x86_64-mingw32/nios2-elf/lib\libc.a(lib_a-findfp.o)
 .text.__fp_lock
                0x0000000000809110        0x8 c:/software/altera/18.1/nios2eds/bin/gnu/h-x86_64-mingw32/bin/../lib/gcc/nios2-elf/5.3.0/../../../../../H-x86_64-mingw32/nios2-elf/lib\libc.a(lib_a-findfp.o)
 .text.__sfmoreglue
                0x0000000000809118       0x68 c:/software/altera/18.1/nios2eds/bin/gnu/h-x86_64-mingw32/bin/../lib/gcc/nios2-elf/5.3.0/../../../../../H-x86_64-mingw32/nios2-elf/lib\libc.a(lib_a-findfp.o)
                0x0000000000809118                __sfmoreglue
 .text.__sfp    0x0000000000809180      0x118 c:/software/altera/18.1/nios2eds/bin/gnu/h-x86_64-mingw32/bin/../lib/gcc/nios2-elf/5.3.0/../../../../../H-x86_64-mingw32/nios2-elf/lib\libc.a(lib_a-findfp.o)
                0x0000000000809180                __sfp
 .text._cleanup
                0x0000000000809298       0x18 c:/software/altera/18.1/nios2eds/bin/gnu/h-x86_64-mingw32/bin/../lib/gcc/nios2-elf/5.3.0/../../../../../H-x86_64-mingw32/nios2-elf/lib\libc.a(lib_a-findfp.o)
                0x0000000000809298                _cleanup
 .text.__sinit  0x00000000008092b0       0x10 c:/software/altera/18.1/nios2eds/bin/gnu/h-x86_64-mingw32/bin/../lib/gcc/nios2-elf/5.3.0/../../../../../H-x86_64-mingw32/nios2-elf/lib\libc.a(lib_a-findfp.o)
                0x00000000008092b0                __sinit
 .text.__sfp_lock_acquire
                0x00000000008092c0        0x4 c:/software/altera/18.1/nios2eds/bin/gnu/h-x86_64-mingw32/bin/../lib/gcc/nios2-elf/5.3.0/../../../../../H-x86_64-mingw32/nios2-elf/lib\libc.a(lib_a-findfp.o)
                0x00000000008092c0                __sfp_lock_acquire
 .text.__sfp_lock_release
                0x00000000008092c4        0x4 c:/software/altera/18.1/nios2eds/bin/gnu/h-x86_64-mingw32/bin/../lib/gcc/nios2-elf/5.3.0/../../../../../H-x86_64-mingw32/nios2-elf/lib\libc.a(lib_a-findfp.o)
                0x00000000008092c4                __sfp_lock_release
 .text.__sinit_lock_acquire
                0x00000000008092c8        0x4 c:/software/altera/18.1/nios2eds/bin/gnu/h-x86_64-mingw32/bin/../lib/gcc/nios2-elf/5.3.0/../../../../../H-x86_64-mingw32/nios2-elf/lib\libc.a(lib_a-findfp.o)
                0x00000000008092c8                __sinit_lock_acquire
 .text.__sinit_lock_release
                0x00000000008092cc        0x4 c:/software/altera/18.1/nios2eds/bin/gnu/h-x86_64-mingw32/bin/../lib/gcc/nios2-elf/5.3.0/../../../../../H-x86_64-mingw32/nios2-elf/lib\libc.a(lib_a-findfp.o)
                0x00000000008092cc                __sinit_lock_release
 .text.__fp_lock_all
                0x00000000008092d0       0x18 c:/software/altera/18.1/nios2eds/bin/gnu/h-x86_64-mingw32/bin/../lib/gcc/nios2-elf/5.3.0/../../../../../H-x86_64-mingw32/nios2-elf/lib\libc.a(lib_a-findfp.o)
                0x00000000008092d0                __fp_lock_all
 .text.__fp_unlock_all
                0x00000000008092e8       0x18 c:/software/altera/18.1/nios2eds/bin/gnu/h-x86_64-mingw32/bin/../lib/gcc/nios2-elf/5.3.0/../../../../../H-x86_64-mingw32/nios2-elf/lib\libc.a(lib_a-findfp.o)
                0x00000000008092e8                __fp_unlock_all
 .text          0x0000000000809300        0x0 c:/software/altera/18.1/nios2eds/bin/gnu/h-x86_64-mingw32/bin/../lib/gcc/nios2-elf/5.3.0/../../../../../H-x86_64-mingw32/nios2-elf/lib\libc.a(lib_a-fwalk.o)
 .text._fwalk   0x0000000000809300       0xc4 c:/software/altera/18.1/nios2eds/bin/gnu/h-x86_64-mingw32/bin/../lib/gcc/nios2-elf/5.3.0/../../../../../H-x86_64-mingw32/nios2-elf/lib\libc.a(lib_a-fwalk.o)
                0x0000000000809300                _fwalk
 .text._fwalk_reent
                0x00000000008093c4       0xc4 c:/software/altera/18.1/nios2eds/bin/gnu/h-x86_64-mingw32/bin/../lib/gcc/nios2-elf/5.3.0/../../../../../H-x86_64-mingw32/nios2-elf/lib\libc.a(lib_a-fwalk.o)
                0x00000000008093c4                _fwalk_reent
 .text          0x0000000000809488        0x0 c:/software/altera/18.1/nios2eds/bin/gnu/h-x86_64-mingw32/bin/../lib/gcc/nios2-elf/5.3.0/../../../../../H-x86_64-mingw32/nios2-elf/lib\libc.a(lib_a-mallocr.o)
 .text._malloc_r
                0x0000000000809488      0x80c c:/software/altera/18.1/nios2eds/bin/gnu/h-x86_64-mingw32/bin/../lib/gcc/nios2-elf/5.3.0/../../../../../H-x86_64-mingw32/nios2-elf/lib\libc.a(lib_a-mallocr.o)
                0x0000000000809488                _malloc_r
 .text          0x0000000000809c94        0x0 c:/software/altera/18.1/nios2eds/bin/gnu/h-x86_64-mingw32/bin/../lib/gcc/nios2-elf/5.3.0/../../../../../H-x86_64-mingw32/nios2-elf/lib\libc.a(lib_a-memset.o)
 .text.memset   0x0000000000809c94      0x128 c:/software/altera/18.1/nios2eds/bin/gnu/h-x86_64-mingw32/bin/../lib/gcc/nios2-elf/5.3.0/../../../../../H-x86_64-mingw32/nios2-elf/lib\libc.a(lib_a-memset.o)
                0x0000000000809c94                memset
 .text          0x0000000000809dbc        0x0 c:/software/altera/18.1/nios2eds/bin/gnu/h-x86_64-mingw32/bin/../lib/gcc/nios2-elf/5.3.0/../../../../../H-x86_64-mingw32/nios2-elf/lib\libc.a(lib_a-putc.o)
 .text._putc_r  0x0000000000809dbc       0xa0 c:/software/altera/18.1/nios2eds/bin/gnu/h-x86_64-mingw32/bin/../lib/gcc/nios2-elf/5.3.0/../../../../../H-x86_64-mingw32/nios2-elf/lib\libc.a(lib_a-putc.o)
                0x0000000000809dbc                _putc_r
 .text.putc     0x0000000000809e5c       0xc8 c:/software/altera/18.1/nios2eds/bin/gnu/h-x86_64-mingw32/bin/../lib/gcc/nios2-elf/5.3.0/../../../../../H-x86_64-mingw32/nios2-elf/lib\libc.a(lib_a-putc.o)
                0x0000000000809e5c                putc
 .text          0x0000000000809f24        0x0 c:/software/altera/18.1/nios2eds/bin/gnu/h-x86_64-mingw32/bin/../lib/gcc/nios2-elf/5.3.0/../../../../../H-x86_64-mingw32/nios2-elf/lib\libc.a(lib_a-refill.o)
 .text.lflush   0x0000000000809f24       0x1c c:/software/altera/18.1/nios2eds/bin/gnu/h-x86_64-mingw32/bin/../lib/gcc/nios2-elf/5.3.0/../../../../../H-x86_64-mingw32/nios2-elf/lib\libc.a(lib_a-refill.o)
 .text.__srefill_r
                0x0000000000809f40      0x1d4 c:/software/altera/18.1/nios2eds/bin/gnu/h-x86_64-mingw32/bin/../lib/gcc/nios2-elf/5.3.0/../../../../../H-x86_64-mingw32/nios2-elf/lib\libc.a(lib_a-refill.o)
                0x0000000000809f40                __srefill_r
 .text          0x000000000080a114        0x0 c:/software/altera/18.1/nios2eds/bin/gnu/h-x86_64-mingw32/bin/../lib/gcc/nios2-elf/5.3.0/../../../../../H-x86_64-mingw32/nios2-elf/lib\libc.a(lib_a-sbrkr.o)
 .text._sbrk_r  0x000000000080a114       0x54 c:/software/altera/18.1/nios2eds/bin/gnu/h-x86_64-mingw32/bin/../lib/gcc/nios2-elf/5.3.0/../../../../../H-x86_64-mingw32/nios2-elf/lib\libc.a(lib_a-sbrkr.o)
                0x000000000080a114                _sbrk_r
 .text          0x000000000080a168        0x0 c:/software/altera/18.1/nios2eds/bin/gnu/h-x86_64-mingw32/bin/../lib/gcc/nios2-elf/5.3.0/../../../../../H-x86_64-mingw32/nios2-elf/lib\libc.a(lib_a-stdio.o)
 .text.__sread  0x000000000080a168       0x54 c:/software/altera/18.1/nios2eds/bin/gnu/h-x86_64-mingw32/bin/../lib/gcc/nios2-elf/5.3.0/../../../../../H-x86_64-mingw32/nios2-elf/lib\libc.a(lib_a-stdio.o)
                0x000000000080a168                __sread
 .text.__seofread
                0x000000000080a1bc        0x8 c:/software/altera/18.1/nios2eds/bin/gnu/h-x86_64-mingw32/bin/../lib/gcc/nios2-elf/5.3.0/../../../../../H-x86_64-mingw32/nios2-elf/lib\libc.a(lib_a-stdio.o)
                0x000000000080a1bc                __seofread
 .text.__swrite
                0x000000000080a1c4       0x7c c:/software/altera/18.1/nios2eds/bin/gnu/h-x86_64-mingw32/bin/../lib/gcc/nios2-elf/5.3.0/../../../../../H-x86_64-mingw32/nios2-elf/lib\libc.a(lib_a-stdio.o)
                0x000000000080a1c4                __swrite
 .text.__sseek  0x000000000080a240       0x5c c:/software/altera/18.1/nios2eds/bin/gnu/h-x86_64-mingw32/bin/../lib/gcc/nios2-elf/5.3.0/../../../../../H-x86_64-mingw32/nios2-elf/lib\libc.a(lib_a-stdio.o)
                0x000000000080a240                __sseek
 .text.__sclose
                0x000000000080a29c        0x8 c:/software/altera/18.1/nios2eds/bin/gnu/h-x86_64-mingw32/bin/../lib/gcc/nios2-elf/5.3.0/../../../../../H-x86_64-mingw32/nios2-elf/lib\libc.a(lib_a-stdio.o)
                0x000000000080a29c                __sclose
 .text          0x000000000080a2a4        0x0 c:/software/altera/18.1/nios2eds/bin/gnu/h-x86_64-mingw32/bin/../lib/gcc/nios2-elf/5.3.0/../../../../../H-x86_64-mingw32/nios2-elf/lib\libc.a(lib_a-wbuf.o)
 .text.__swbuf_r
                0x000000000080a2a4      0x140 c:/software/altera/18.1/nios2eds/bin/gnu/h-x86_64-mingw32/bin/../lib/gcc/nios2-elf/5.3.0/../../../../../H-x86_64-mingw32/nios2-elf/lib\libc.a(lib_a-wbuf.o)
                0x000000000080a2a4                __swbuf_r
 .text.__swbuf  0x000000000080a3e4       0x18 c:/software/altera/18.1/nios2eds/bin/gnu/h-x86_64-mingw32/bin/../lib/gcc/nios2-elf/5.3.0/../../../../../H-x86_64-mingw32/nios2-elf/lib\libc.a(lib_a-wbuf.o)
                0x000000000080a3e4                __swbuf
 .text          0x000000000080a3fc        0x0 c:/software/altera/18.1/nios2eds/bin/gnu/h-x86_64-mingw32/bin/../lib/gcc/nios2-elf/5.3.0/../../../../../H-x86_64-mingw32/nios2-elf/lib\libc.a(lib_a-writer.o)
 .text._write_r
                0x000000000080a3fc       0x60 c:/software/altera/18.1/nios2eds/bin/gnu/h-x86_64-mingw32/bin/../lib/gcc/nios2-elf/5.3.0/../../../../../H-x86_64-mingw32/nios2-elf/lib\libc.a(lib_a-writer.o)
                0x000000000080a3fc                _write_r
 .text          0x000000000080a45c        0x0 c:/software/altera/18.1/nios2eds/bin/gnu/h-x86_64-mingw32/bin/../lib/gcc/nios2-elf/5.3.0/../../../../../H-x86_64-mingw32/nios2-elf/lib\libc.a(lib_a-wsetup.o)
 .text.__swsetup_r
                0x000000000080a45c      0x154 c:/software/altera/18.1/nios2eds/bin/gnu/h-x86_64-mingw32/bin/../lib/gcc/nios2-elf/5.3.0/../../../../../H-x86_64-mingw32/nios2-elf/lib\libc.a(lib_a-wsetup.o)
                0x000000000080a45c                __swsetup_r
 .text          0x000000000080a5b0        0x0 c:/software/altera/18.1/nios2eds/bin/gnu/h-x86_64-mingw32/bin/../lib/gcc/nios2-elf/5.3.0/../../../../../H-x86_64-mingw32/nios2-elf/lib\libc.a(closer.o)
 .text._close_r
                0x000000000080a5b0       0x54 c:/software/altera/18.1/nios2eds/bin/gnu/h-x86_64-mingw32/bin/../lib/gcc/nios2-elf/5.3.0/../../../../../H-x86_64-mingw32/nios2-elf/lib\libc.a(closer.o)
                0x000000000080a5b0                _close_r
 .text          0x000000000080a604        0x0 c:/software/altera/18.1/nios2eds/bin/gnu/h-x86_64-mingw32/bin/../lib/gcc/nios2-elf/5.3.0/../../../../../H-x86_64-mingw32/nios2-elf/lib\libc.a(lib_a-fclose.o)
 .text._fclose_r
                0x000000000080a604       0xf0 c:/software/altera/18.1/nios2eds/bin/gnu/h-x86_64-mingw32/bin/../lib/gcc/nios2-elf/5.3.0/../../../../../H-x86_64-mingw32/nios2-elf/lib\libc.a(lib_a-fclose.o)
                0x000000000080a604                _fclose_r
 .text.fclose   0x000000000080a6f4       0x14 c:/software/altera/18.1/nios2eds/bin/gnu/h-x86_64-mingw32/bin/../lib/gcc/nios2-elf/5.3.0/../../../../../H-x86_64-mingw32/nios2-elf/lib\libc.a(lib_a-fclose.o)
                0x000000000080a6f4                fclose
 .text          0x000000000080a708        0x0 c:/software/altera/18.1/nios2eds/bin/gnu/h-x86_64-mingw32/bin/../lib/gcc/nios2-elf/5.3.0/../../../../../H-x86_64-mingw32/nios2-elf/lib\libc.a(lib_a-fflush.o)
 .text.__sflush_r
                0x000000000080a708      0x21c c:/software/altera/18.1/nios2eds/bin/gnu/h-x86_64-mingw32/bin/../lib/gcc/nios2-elf/5.3.0/../../../../../H-x86_64-mingw32/nios2-elf/lib\libc.a(lib_a-fflush.o)
                0x000000000080a708                __sflush_r
 .text._fflush_r
                0x000000000080a924       0x5c c:/software/altera/18.1/nios2eds/bin/gnu/h-x86_64-mingw32/bin/../lib/gcc/nios2-elf/5.3.0/../../../../../H-x86_64-mingw32/nios2-elf/lib\libc.a(lib_a-fflush.o)
                0x000000000080a924                _fflush_r
 .text.fflush   0x000000000080a980       0x30 c:/software/altera/18.1/nios2eds/bin/gnu/h-x86_64-mingw32/bin/../lib/gcc/nios2-elf/5.3.0/../../../../../H-x86_64-mingw32/nios2-elf/lib\libc.a(lib_a-fflush.o)
                0x000000000080a980                fflush
 .text          0x000000000080a9b0        0x0 c:/software/altera/18.1/nios2eds/bin/gnu/h-x86_64-mingw32/bin/../lib/gcc/nios2-elf/5.3.0/../../../../../H-x86_64-mingw32/nios2-elf/lib\libc.a(lib_a-freer.o)
 .text._malloc_trim_r
                0x000000000080a9b0      0x124 c:/software/altera/18.1/nios2eds/bin/gnu/h-x86_64-mingw32/bin/../lib/gcc/nios2-elf/5.3.0/../../../../../H-x86_64-mingw32/nios2-elf/lib\libc.a(lib_a-freer.o)
                0x000000000080a9b0                _malloc_trim_r
 .text._free_r  0x000000000080aad4      0x310 c:/software/altera/18.1/nios2eds/bin/gnu/h-x86_64-mingw32/bin/../lib/gcc/nios2-elf/5.3.0/../../../../../H-x86_64-mingw32/nios2-elf/lib\libc.a(lib_a-freer.o)
                0x000000000080aad4                _free_r
 .text          0x000000000080ade4        0x0 c:/software/altera/18.1/nios2eds/bin/gnu/h-x86_64-mingw32/bin/../lib/gcc/nios2-elf/5.3.0/../../../../../H-x86_64-mingw32/nios2-elf/lib\libc.a(lib_a-int_errno.o)
 .text          0x000000000080ade4        0x0 c:/software/altera/18.1/nios2eds/bin/gnu/h-x86_64-mingw32/bin/../lib/gcc/nios2-elf/5.3.0/../../../../../H-x86_64-mingw32/nios2-elf/lib\libc.a(lib_a-lseekr.o)
 .text._lseek_r
                0x000000000080ade4       0x60 c:/software/altera/18.1/nios2eds/bin/gnu/h-x86_64-mingw32/bin/../lib/gcc/nios2-elf/5.3.0/../../../../../H-x86_64-mingw32/nios2-elf/lib\libc.a(lib_a-lseekr.o)
                0x000000000080ade4                _lseek_r
 .text          0x000000000080ae44        0x0 c:/software/altera/18.1/nios2eds/bin/gnu/h-x86_64-mingw32/bin/../lib/gcc/nios2-elf/5.3.0/../../../../../H-x86_64-mingw32/nios2-elf/lib\libc.a(lib_a-makebuf.o)
 .text.__smakebuf_r
                0x000000000080ae44      0x1bc c:/software/altera/18.1/nios2eds/bin/gnu/h-x86_64-mingw32/bin/../lib/gcc/nios2-elf/5.3.0/../../../../../H-x86_64-mingw32/nios2-elf/lib\libc.a(lib_a-makebuf.o)
                0x000000000080ae44                __smakebuf_r
 .text          0x000000000080b000        0x0 c:/software/altera/18.1/nios2eds/bin/gnu/h-x86_64-mingw32/bin/../lib/gcc/nios2-elf/5.3.0/../../../../../H-x86_64-mingw32/nios2-elf/lib\libc.a(lib_a-readr.o)
 .text._read_r  0x000000000080b000       0x60 c:/software/altera/18.1/nios2eds/bin/gnu/h-x86_64-mingw32/bin/../lib/gcc/nios2-elf/5.3.0/../../../../../H-x86_64-mingw32/nios2-elf/lib\libc.a(lib_a-readr.o)
                0x000000000080b000                _read_r
 .text          0x000000000080b060        0x0 c:/software/altera/18.1/nios2eds/bin/gnu/h-x86_64-mingw32/bin/../lib/gcc/nios2-elf/5.3.0/../../../../../H-x86_64-mingw32/nios2-elf/lib\libc.a(lib_a-fstatr.o)
 .text._fstat_r
                0x000000000080b060       0x5c c:/software/altera/18.1/nios2eds/bin/gnu/h-x86_64-mingw32/bin/../lib/gcc/nios2-elf/5.3.0/../../../../../H-x86_64-mingw32/nios2-elf/lib\libc.a(lib_a-fstatr.o)
                0x000000000080b060                _fstat_r
 .text          0x000000000080b0bc        0x0 c:/software/altera/18.1/nios2eds/bin/gnu/h-x86_64-mingw32/bin/../lib/gcc/nios2-elf/5.3.0/../../../../../H-x86_64-mingw32/nios2-elf/lib\libc.a(lib_a-isattyr.o)
 .text._isatty_r
                0x000000000080b0bc       0x54 c:/software/altera/18.1/nios2eds/bin/gnu/h-x86_64-mingw32/bin/../lib/gcc/nios2-elf/5.3.0/../../../../../H-x86_64-mingw32/nios2-elf/lib\libc.a(lib_a-isattyr.o)
                0x000000000080b0bc                _isatty_r
 .text          0x000000000080b110      0x10c ../lab2_loop_audio_test_bsp/\libhal_bsp.a(alt_close.o)
                0x000000000080b14c                close
 .text          0x000000000080b21c       0x2c ../lab2_loop_audio_test_bsp/\libhal_bsp.a(alt_dev.o)
 .text          0x000000000080b248        0x0 ../lab2_loop_audio_test_bsp/\libhal_bsp.a(alt_errno.o)
 .text          0x000000000080b248       0xec ../lab2_loop_audio_test_bsp/\libhal_bsp.a(alt_fstat.o)
                0x000000000080b284                fstat
 .text          0x000000000080b334       0xe0 ../lab2_loop_audio_test_bsp/\libhal_bsp.a(alt_isatty.o)
                0x000000000080b370                isatty
 .text          0x000000000080b414       0xec ../lab2_loop_audio_test_bsp/\libhal_bsp.a(alt_load.o)
                0x000000000080b47c                alt_load
 .text          0x000000000080b500      0x110 ../lab2_loop_audio_test_bsp/\libhal_bsp.a(alt_lseek.o)
                0x000000000080b53c                lseek
 .text          0x000000000080b610       0x7c ../lab2_loop_audio_test_bsp/\libhal_bsp.a(alt_main.o)
                0x000000000080b610                alt_main
 .text          0x000000000080b68c       0x48 ../lab2_loop_audio_test_bsp/\libhal_bsp.a(alt_malloc_lock.o)
                0x000000000080b68c                __malloc_lock
                0x000000000080b6b0                __malloc_unlock
 .text          0x000000000080b6d4      0x22c ../lab2_loop_audio_test_bsp/\libhal_bsp.a(alt_printf.o)
                0x000000000080b6d4                alt_printf
 .text          0x000000000080b900       0x3c ../lab2_loop_audio_test_bsp/\libhal_bsp.a(alt_putchar.o)
                0x000000000080b900                alt_putchar
 .text          0x000000000080b93c      0x138 ../lab2_loop_audio_test_bsp/\libhal_bsp.a(alt_read.o)
                0x000000000080b978                read
 .text          0x000000000080ba74       0x64 ../lab2_loop_audio_test_bsp/\libhal_bsp.a(alt_release_fd.o)
                0x000000000080ba74                alt_release_fd
 .text          0x000000000080bad8       0xb0 ../lab2_loop_audio_test_bsp/\libhal_bsp.a(alt_sbrk.o)
                0x000000000080bad8                sbrk
 .text          0x000000000080bb88      0x134 ../lab2_loop_audio_test_bsp/\libhal_bsp.a(alt_write.o)
                0x000000000080bbc4                write
 .text          0x000000000080bcbc      0x10c ../lab2_loop_audio_test_bsp/\libhal_bsp.a(alt_sys_init.o)
                0x000000000080bcf0                alt_irq_init
                0x000000000080bd28                alt_sys_init
 .text          0x000000000080bdc8       0xc0 ../lab2_loop_audio_test_bsp/\libhal_bsp.a(altera_avalon_jtag_uart_fd.o)
                0x000000000080bdc8                altera_avalon_jtag_uart_read_fd
                0x000000000080be28                altera_avalon_jtag_uart_write_fd
 .text          0x000000000080be88       0xec ../lab2_loop_audio_test_bsp/\libhal_bsp.a(altera_avalon_jtag_uart_read.o)
                0x000000000080be88                altera_avalon_jtag_uart_read
 .text          0x000000000080bf74       0x94 ../lab2_loop_audio_test_bsp/\libhal_bsp.a(altera_avalon_jtag_uart_write.o)
                0x000000000080bf74                altera_avalon_jtag_uart_write
 .text          0x000000000080c008      0xe7c ../lab2_loop_audio_test_bsp/\libhal_bsp.a(altera_avalon_lcd_16207.o)
                0x000000000080c7cc                altera_avalon_lcd_16207_write
                0x000000000080cd50                altera_avalon_lcd_16207_init
 .text          0x000000000080ce84       0x60 ../lab2_loop_audio_test_bsp/\libhal_bsp.a(altera_avalon_lcd_16207_fd.o)
                0x000000000080ce84                altera_avalon_lcd_16207_write_fd
 .text          0x000000000080cee4       0xf0 ../lab2_loop_audio_test_bsp/\libhal_bsp.a(altera_avalon_timer_sc.o)
                0x000000000080cf60                alt_avalon_timer_sc_init
 .text          0x000000000080cfd4      0x110 ../lab2_loop_audio_test_bsp/\libhal_bsp.a(altera_avalon_uart_fd.o)
                0x000000000080cfd4                altera_avalon_uart_read_fd
                0x000000000080d034                altera_avalon_uart_write_fd
                0x000000000080d094                altera_avalon_uart_close_fd
 .text          0x000000000080d0e4      0x3c4 ../lab2_loop_audio_test_bsp/\libhal_bsp.a(altera_avalon_uart_init.o)
                0x000000000080d0e4                altera_avalon_uart_init
                0x000000000080d454                altera_avalon_uart_close
 .text          0x000000000080d4a8      0x218 ../lab2_loop_audio_test_bsp/\libhal_bsp.a(altera_avalon_uart_read.o)
                0x000000000080d4e4                altera_avalon_uart_read
 .text          0x000000000080d6c0      0x1e8 ../lab2_loop_audio_test_bsp/\libhal_bsp.a(altera_avalon_uart_write.o)
                0x000000000080d6fc                altera_avalon_uart_write
 .text          0x000000000080d8a8      0x7a8 ../lab2_loop_audio_test_bsp/\libhal_bsp.a(altera_up_avalon_audio.o)
                0x000000000080d8a8                alt_up_audio_open_dev
                0x000000000080d8e4                alt_up_audio_enable_read_interrupt
                0x000000000080d938                alt_up_audio_disable_read_interrupt
                0x000000000080d990                alt_up_audio_enable_write_interrupt
                0x000000000080d9e4                alt_up_audio_disable_write_interrupt
                0x000000000080da3c                alt_up_audio_read_interrupt_pending
                0x000000000080da7c                alt_up_audio_write_interrupt_pending
                0x000000000080dabc                alt_up_audio_reset_audio_core
                0x000000000080db50                alt_up_audio_read_fifo_avail
                0x000000000080dbb0                alt_up_audio_record_r
                0x000000000080dc18                alt_up_audio_record_l
                0x000000000080dc80                alt_up_audio_write_fifo_space
                0x000000000080dce0                alt_up_audio_play_r
                0x000000000080dd48                alt_up_audio_play_l
                0x000000000080ddb0                alt_up_audio_read_fifo
                0x000000000080de90                alt_up_audio_write_fifo
                0x000000000080df98                alt_up_audio_read_fifo_head
                0x000000000080dfe8                alt_up_audio_write_fifo_head
 .text          0x000000000080e050      0x12c ../lab2_loop_audio_test_bsp/\libhal_bsp.a(alt_alarm_start.o)
                0x000000000080e050                alt_alarm_start
 .text          0x000000000080e17c       0x48 ../lab2_loop_audio_test_bsp/\libhal_bsp.a(alt_dcache_flush_all.o)
                0x000000000080e17c                alt_dcache_flush_all
 .text          0x000000000080e1c4       0xe0 ../lab2_loop_audio_test_bsp/\libhal_bsp.a(alt_dev_llist_insert.o)
                0x000000000080e200                alt_dev_llist_insert
 .text          0x000000000080e2a4       0x60 ../lab2_loop_audio_test_bsp/\libhal_bsp.a(alt_do_ctors.o)
                0x000000000080e2a4                _do_ctors
 .text          0x000000000080e304       0x60 ../lab2_loop_audio_test_bsp/\libhal_bsp.a(alt_do_dtors.o)
                0x000000000080e304                _do_dtors
 .text          0x000000000080e364       0x90 ../lab2_loop_audio_test_bsp/\libhal_bsp.a(alt_find_dev.o)
                0x000000000080e364                alt_find_dev
 .text          0x000000000080e3f4       0x34 ../lab2_loop_audio_test_bsp/\libhal_bsp.a(alt_icache_flush_all.o)
                0x000000000080e3f4                alt_icache_flush_all
 .text          0x000000000080e428      0x140 ../lab2_loop_audio_test_bsp/\libhal_bsp.a(alt_io_redirect.o)
                0x000000000080e4ec                alt_io_redirect
 .text          0x000000000080e568      0x180 ../lab2_loop_audio_test_bsp/\libhal_bsp.a(alt_irq_register.o)
                0x000000000080e568                alt_irq_register
 .text          0x000000000080e6e8        0x0 ../lab2_loop_audio_test_bsp/\libhal_bsp.a(alt_irq_vars.o)
 .text          0x000000000080e6e8      0x254 ../lab2_loop_audio_test_bsp/\libhal_bsp.a(alt_open.o)
                0x000000000080e7e8                open
 .text          0x000000000080e93c      0x1a4 ../lab2_loop_audio_test_bsp/\libhal_bsp.a(alt_tick.o)
                0x000000000080e93c                alt_alarm_stop
                0x000000000080e9d8                alt_tick
 .text          0x000000000080eae0       0x30 ../lab2_loop_audio_test_bsp/\libhal_bsp.a(alt_usleep.o)
                0x000000000080eae0                usleep
 .text          0x000000000080eb10       0x24 ../lab2_loop_audio_test_bsp/\libhal_bsp.a(altera_nios2_gen2_irq.o)
                0x000000000080eb10                altera_nios2_gen2_irq_init
 .text          0x000000000080eb34      0x158 ../lab2_loop_audio_test_bsp/\libhal_bsp.a(alt_busy_sleep.o)
                0x000000000080eb34                alt_busy_sleep
 .text          0x000000000080ec8c      0x108 ../lab2_loop_audio_test_bsp/\libhal_bsp.a(alt_find_file.o)
                0x000000000080ec8c                alt_find_file
 .text          0x000000000080ed94       0xa4 ../lab2_loop_audio_test_bsp/\libhal_bsp.a(alt_get_fd.o)
                0x000000000080ed94                alt_get_fd
 .text          0x000000000080ee38       0x90 ../lab2_loop_audio_test_bsp/\libhal_bsp.a(alt_icache_flush.o)
                0x000000000080ee38                alt_icache_flush
 .text          0x000000000080eec8        0x0 ../lab2_loop_audio_test_bsp/\libhal_bsp.a(alt_irq_entry.o)
 .text          0x000000000080eec8        0x0 ../lab2_loop_audio_test_bsp/\libhal_bsp.a(alt_irq_handler.o)
 .text          0x000000000080eec8        0x0 ../lab2_loop_audio_test_bsp/\libhal_bsp.a(alt_exception_entry.o)
 .text          0x000000000080eec8       0x9c ../lab2_loop_audio_test_bsp/\libhal_bsp.a(alt_instruction_exception_entry.o)
                0x000000000080eec8                alt_exception_cause_generated_bad_addr
 .text          0x000000000080ef64        0x0 c:/software/altera/18.1/nios2eds/bin/gnu/h-x86_64-mingw32/bin/../lib/gcc/nios2-elf/5.3.0/../../../../../H-x86_64-mingw32/nios2-elf/lib\libc.a(lib_a-atexit.o)
 .text.atexit   0x000000000080ef64       0x14 c:/software/altera/18.1/nios2eds/bin/gnu/h-x86_64-mingw32/bin/../lib/gcc/nios2-elf/5.3.0/../../../../../H-x86_64-mingw32/nios2-elf/lib\libc.a(lib_a-atexit.o)
                0x000000000080ef64                atexit
 .text          0x000000000080ef78        0x0 c:/software/altera/18.1/nios2eds/bin/gnu/h-x86_64-mingw32/bin/../lib/gcc/nios2-elf/5.3.0/../../../../../H-x86_64-mingw32/nios2-elf/lib\libc.a(lib_a-ctype_.o)
 .text          0x000000000080ef78        0x0 c:/software/altera/18.1/nios2eds/bin/gnu/h-x86_64-mingw32/bin/../lib/gcc/nios2-elf/5.3.0/../../../../../H-x86_64-mingw32/nios2-elf/lib\libc.a(lib_a-exit.o)
 .text.exit     0x000000000080ef78       0x38 c:/software/altera/18.1/nios2eds/bin/gnu/h-x86_64-mingw32/bin/../lib/gcc/nios2-elf/5.3.0/../../../../../H-x86_64-mingw32/nios2-elf/lib\libc.a(lib_a-exit.o)
                0x000000000080ef78                exit
 .text          0x000000000080efb0        0x0 c:/software/altera/18.1/nios2eds/bin/gnu/h-x86_64-mingw32/bin/../lib/gcc/nios2-elf/5.3.0/../../../../../H-x86_64-mingw32/nios2-elf/lib\libc.a(lib_a-memcmp.o)
 .text.memcmp   0x000000000080efb0       0x7c c:/software/altera/18.1/nios2eds/bin/gnu/h-x86_64-mingw32/bin/../lib/gcc/nios2-elf/5.3.0/../../../../../H-x86_64-mingw32/nios2-elf/lib\libc.a(lib_a-memcmp.o)
                0x000000000080efb0                memcmp
 .text          0x000000000080f02c        0x0 c:/software/altera/18.1/nios2eds/bin/gnu/h-x86_64-mingw32/bin/../lib/gcc/nios2-elf/5.3.0/../../../../../H-x86_64-mingw32/nios2-elf/lib\libc.a(lib_a-memcpy.o)
 .text.memcpy   0x000000000080f02c      0x148 c:/software/altera/18.1/nios2eds/bin/gnu/h-x86_64-mingw32/bin/../lib/gcc/nios2-elf/5.3.0/../../../../../H-x86_64-mingw32/nios2-elf/lib\libc.a(lib_a-memcpy.o)
                0x000000000080f02c                memcpy
 .text          0x000000000080f174        0x0 c:/software/altera/18.1/nios2eds/bin/gnu/h-x86_64-mingw32/bin/../lib/gcc/nios2-elf/5.3.0/../../../../../H-x86_64-mingw32/nios2-elf/lib\libc.a(lib_a-strlen.o)
 .text.strlen   0x000000000080f174       0x98 c:/software/altera/18.1/nios2eds/bin/gnu/h-x86_64-mingw32/bin/../lib/gcc/nios2-elf/5.3.0/../../../../../H-x86_64-mingw32/nios2-elf/lib\libc.a(lib_a-strlen.o)
                0x000000000080f174                strlen
 .text          0x000000000080f20c        0x0 c:/software/altera/18.1/nios2eds/bin/gnu/h-x86_64-mingw32/bin/../lib/gcc/nios2-elf/5.3.0/../../../../../H-x86_64-mingw32/nios2-elf/lib\libc.a(lib_a-__atexit.o)
 .text.__register_exitproc
                0x000000000080f20c      0x118 c:/software/altera/18.1/nios2eds/bin/gnu/h-x86_64-mingw32/bin/../lib/gcc/nios2-elf/5.3.0/../../../../../H-x86_64-mingw32/nios2-elf/lib\libc.a(lib_a-__atexit.o)
                0x000000000080f20c                __register_exitproc
 .text          0x000000000080f324        0x0 c:/software/altera/18.1/nios2eds/bin/gnu/h-x86_64-mingw32/bin/../lib/gcc/nios2-elf/5.3.0/../../../../../H-x86_64-mingw32/nios2-elf/lib\libc.a(lib_a-__call_atexit.o)
 .text.__call_exitprocs
                0x000000000080f324      0x180 c:/software/altera/18.1/nios2eds/bin/gnu/h-x86_64-mingw32/bin/../lib/gcc/nios2-elf/5.3.0/../../../../../H-x86_64-mingw32/nios2-elf/lib\libc.a(lib_a-__call_atexit.o)
                0x000000000080f324                __call_exitprocs
 .text          0x000000000080f4a4       0x34 ../lab2_loop_audio_test_bsp/\libhal_bsp.a(alt_exit.o)
                0x000000000080f4a4                _exit
 *(.gnu.warning.*)
 *(.fini)
                [!provide]                        PROVIDE (__etext, ABSOLUTE (.))
                [!provide]                        PROVIDE (_etext, ABSOLUTE (.))
                [!provide]                        PROVIDE (etext, ABSOLUTE (.))
 *(.eh_frame_hdr)
                0x000000000080f4d8                . = ALIGN (0x4)
                [!provide]                        PROVIDE (__preinit_array_start, ABSOLUTE (.))
 *(.preinit_array)
                [!provide]                        PROVIDE (__preinit_array_end, ABSOLUTE (.))
                [!provide]                        PROVIDE (__init_array_start, ABSOLUTE (.))
 *(.init_array)
                [!provide]                        PROVIDE (__init_array_end, ABSOLUTE (.))
                [!provide]                        PROVIDE (__fini_array_start, ABSOLUTE (.))
 *(.fini_array)
                [!provide]                        PROVIDE (__fini_array_end, ABSOLUTE (.))
 *(.eh_frame)
 *(.gcc_except_table .gcc_except_table.*)
 *(.dynamic)
                0x000000000080f4d8                PROVIDE (__CTOR_LIST__, ABSOLUTE (.))
 *(.ctors)
 *(SORT(.ctors.*))
                0x000000000080f4d8                PROVIDE (__CTOR_END__, ABSOLUTE (.))
                0x000000000080f4d8                PROVIDE (__DTOR_LIST__, ABSOLUTE (.))
 *(.dtors)
 *(SORT(.dtors.*))
                0x000000000080f4d8                PROVIDE (__DTOR_END__, ABSOLUTE (.))
 *(.jcr)
                0x000000000080f4d8                . = ALIGN (0x4)

.rodata         0x000000000080f4d8      0x448
                0x000000000080f4d8                PROVIDE (__ram_rodata_start, ABSOLUTE (.))
                0x000000000080f4d8                . = ALIGN (0x4)
 *(.rodata .rodata.* .gnu.linkonce.r.*)
 .rodata        0x000000000080f4d8       0xf0 obj/default/ff.o
 .rodata        0x000000000080f5c8       0x4a obj/default/hello_world.o
 *fill*         0x000000000080f612        0x2 
 .rodata        0x000000000080f614        0xe obj/default/monitor.o
 *fill*         0x000000000080f622        0x2 
 .rodata.str1.4
                0x000000000080f624        0x4 c:/software/altera/18.1/nios2eds/bin/gnu/h-x86_64-mingw32/bin/../lib/gcc/nios2-elf/5.3.0/../../../../../H-x86_64-mingw32/nios2-elf/lib\libc.a(lib_a-impure.o)
                                          0x2 (size before relaxing)
 .rodata        0x000000000080f628        0xa ../lab2_loop_audio_test_bsp/\libhal_bsp.a(alt_dev.o)
 *fill*         0x000000000080f632        0x2 
 .rodata        0x000000000080f634       0x11 ../lab2_loop_audio_test_bsp/\libhal_bsp.a(alt_main.o)
 *fill*         0x000000000080f645        0x3 
 .rodata        0x000000000080f648       0x57 ../lab2_loop_audio_test_bsp/\libhal_bsp.a(alt_sys_init.o)
 .rodata._ctype_
                0x000000000080f69f      0x101 c:/software/altera/18.1/nios2eds/bin/gnu/h-x86_64-mingw32/bin/../lib/gcc/nios2-elf/5.3.0/../../../../../H-x86_64-mingw32/nios2-elf/lib\libc.a(lib_a-ctype_.o)
                0x000000000080f69f                _ctype_
 .rodata._ctype_b
                0x000000000080f7a0      0x180 c:/software/altera/18.1/nios2eds/bin/gnu/h-x86_64-mingw32/bin/../lib/gcc/nios2-elf/5.3.0/../../../../../H-x86_64-mingw32/nios2-elf/lib\libc.a(lib_a-ctype_.o)
 *(.rodata1)
                0x000000000080f920                . = ALIGN (0x4)
                0x000000000080f920                PROVIDE (__ram_rodata_end, ABSOLUTE (.))
                0x000000000080f4d8                PROVIDE (__flash_rodata_start, LOADADDR (.rodata))

.rwdata         0x000000000080f920      0xc88 load address 0x00000000008105a8
                0x000000000080f920                PROVIDE (__ram_rwdata_start, ABSOLUTE (.))
                0x000000000080f920                . = ALIGN (0x4)
 *(.got.plt)
 *(.got)
 *(.data1)
 *(.data .data.* .gnu.linkonce.d.*)
 .data          0x000000000080f920        0x0 ../lab2_loop_audio_test_bsp//obj/HAL/src/crt0.o
 .data          0x000000000080f920        0x0 obj/default/fatfs.o
 .data          0x000000000080f920        0x0 obj/default/fatfs_diskio.o
 .data          0x000000000080f920        0x0 obj/default/fatfs_nios2_de0_nano_spi.o
 .data          0x000000000080f920        0x0 obj/default/fatfs_nios2_de1_pio.o
 .data          0x000000000080f920        0x0 obj/default/fatfs_nios2_de1_spi.o
 .data          0x000000000080f920        0x0 obj/default/ff.o
 .data          0x000000000080f920        0x0 obj/default/hello_world.o
 .data          0x000000000080f920        0x0 obj/default/monitor.o
 .data          0x000000000080f920        0x0 obj/default/uart_nios2.o
 .data          0x000000000080f920        0x0 c:/software/altera/18.1/nios2eds/bin/gnu/h-x86_64-mingw32/bin/../lib/gcc/nios2-elf/5.3.0\libgcc.a(lib2-divmod.o)
 .data          0x000000000080f920        0x0 c:/software/altera/18.1/nios2eds/bin/gnu/h-x86_64-mingw32/bin/../lib/gcc/nios2-elf/5.3.0/../../../../../H-x86_64-mingw32/nios2-elf/lib\libc.a(lib_a-getc.o)
 .data          0x000000000080f920        0x0 c:/software/altera/18.1/nios2eds/bin/gnu/h-x86_64-mingw32/bin/../lib/gcc/nios2-elf/5.3.0/../../../../../H-x86_64-mingw32/nios2-elf/lib\libc.a(lib_a-impure.o)
 .data.impure_data
                0x000000000080f920      0x424 c:/software/altera/18.1/nios2eds/bin/gnu/h-x86_64-mingw32/bin/../lib/gcc/nios2-elf/5.3.0/../../../../../H-x86_64-mingw32/nios2-elf/lib\libc.a(lib_a-impure.o)
 .data          0x000000000080fd44        0x0 c:/software/altera/18.1/nios2eds/bin/gnu/h-x86_64-mingw32/bin/../lib/gcc/nios2-elf/5.3.0/../../../../../H-x86_64-mingw32/nios2-elf/lib\libc.a(lib_a-putchar.o)
 .data          0x000000000080fd44        0x0 c:/software/altera/18.1/nios2eds/bin/gnu/h-x86_64-mingw32/bin/../lib/gcc/nios2-elf/5.3.0/../../../../../H-x86_64-mingw32/nios2-elf/lib\libc.a(lib_a-rget.o)
 .data          0x000000000080fd44        0x0 c:/software/altera/18.1/nios2eds/bin/gnu/h-x86_64-mingw32/bin/../lib/gcc/nios2-elf/5.3.0/../../../../../H-x86_64-mingw32/nios2-elf/lib\libc.a(lib_a-findfp.o)
 .data          0x000000000080fd44        0x0 c:/software/altera/18.1/nios2eds/bin/gnu/h-x86_64-mingw32/bin/../lib/gcc/nios2-elf/5.3.0/../../../../../H-x86_64-mingw32/nios2-elf/lib\libc.a(lib_a-fwalk.o)
 .data          0x000000000080fd44        0x0 c:/software/altera/18.1/nios2eds/bin/gnu/h-x86_64-mingw32/bin/../lib/gcc/nios2-elf/5.3.0/../../../../../H-x86_64-mingw32/nios2-elf/lib\libc.a(lib_a-mallocr.o)
 .data.__malloc_av_
                0x000000000080fd44      0x408 c:/software/altera/18.1/nios2eds/bin/gnu/h-x86_64-mingw32/bin/../lib/gcc/nios2-elf/5.3.0/../../../../../H-x86_64-mingw32/nios2-elf/lib\libc.a(lib_a-mallocr.o)
                0x000000000080fd44                __malloc_av_
 .data          0x000000000081014c        0x0 c:/software/altera/18.1/nios2eds/bin/gnu/h-x86_64-mingw32/bin/../lib/gcc/nios2-elf/5.3.0/../../../../../H-x86_64-mingw32/nios2-elf/lib\libc.a(lib_a-memset.o)
 .data          0x000000000081014c        0x0 c:/software/altera/18.1/nios2eds/bin/gnu/h-x86_64-mingw32/bin/../lib/gcc/nios2-elf/5.3.0/../../../../../H-x86_64-mingw32/nios2-elf/lib\libc.a(lib_a-putc.o)
 .data          0x000000000081014c        0x0 c:/software/altera/18.1/nios2eds/bin/gnu/h-x86_64-mingw32/bin/../lib/gcc/nios2-elf/5.3.0/../../../../../H-x86_64-mingw32/nios2-elf/lib\libc.a(lib_a-refill.o)
 .data          0x000000000081014c        0x0 c:/software/altera/18.1/nios2eds/bin/gnu/h-x86_64-mingw32/bin/../lib/gcc/nios2-elf/5.3.0/../../../../../H-x86_64-mingw32/nios2-elf/lib\libc.a(lib_a-sbrkr.o)
 .data          0x000000000081014c        0x0 c:/software/altera/18.1/nios2eds/bin/gnu/h-x86_64-mingw32/bin/../lib/gcc/nios2-elf/5.3.0/../../../../../H-x86_64-mingw32/nios2-elf/lib\libc.a(lib_a-stdio.o)
 .data          0x000000000081014c        0x0 c:/software/altera/18.1/nios2eds/bin/gnu/h-x86_64-mingw32/bin/../lib/gcc/nios2-elf/5.3.0/../../../../../H-x86_64-mingw32/nios2-elf/lib\libc.a(lib_a-wbuf.o)
 .data          0x000000000081014c        0x0 c:/software/altera/18.1/nios2eds/bin/gnu/h-x86_64-mingw32/bin/../lib/gcc/nios2-elf/5.3.0/../../../../../H-x86_64-mingw32/nios2-elf/lib\libc.a(lib_a-writer.o)
 .data          0x000000000081014c        0x0 c:/software/altera/18.1/nios2eds/bin/gnu/h-x86_64-mingw32/bin/../lib/gcc/nios2-elf/5.3.0/../../../../../H-x86_64-mingw32/nios2-elf/lib\libc.a(lib_a-wsetup.o)
 .data          0x000000000081014c        0x0 c:/software/altera/18.1/nios2eds/bin/gnu/h-x86_64-mingw32/bin/../lib/gcc/nios2-elf/5.3.0/../../../../../H-x86_64-mingw32/nios2-elf/lib\libc.a(closer.o)
 .data          0x000000000081014c        0x0 c:/software/altera/18.1/nios2eds/bin/gnu/h-x86_64-mingw32/bin/../lib/gcc/nios2-elf/5.3.0/../../../../../H-x86_64-mingw32/nios2-elf/lib\libc.a(lib_a-fclose.o)
 .data          0x000000000081014c        0x0 c:/software/altera/18.1/nios2eds/bin/gnu/h-x86_64-mingw32/bin/../lib/gcc/nios2-elf/5.3.0/../../../../../H-x86_64-mingw32/nios2-elf/lib\libc.a(lib_a-fflush.o)
 .data          0x000000000081014c        0x0 c:/software/altera/18.1/nios2eds/bin/gnu/h-x86_64-mingw32/bin/../lib/gcc/nios2-elf/5.3.0/../../../../../H-x86_64-mingw32/nios2-elf/lib\libc.a(lib_a-freer.o)
 .data          0x000000000081014c        0x0 c:/software/altera/18.1/nios2eds/bin/gnu/h-x86_64-mingw32/bin/../lib/gcc/nios2-elf/5.3.0/../../../../../H-x86_64-mingw32/nios2-elf/lib\libc.a(lib_a-int_errno.o)
 .data          0x000000000081014c        0x0 c:/software/altera/18.1/nios2eds/bin/gnu/h-x86_64-mingw32/bin/../lib/gcc/nios2-elf/5.3.0/../../../../../H-x86_64-mingw32/nios2-elf/lib\libc.a(lib_a-lseekr.o)
 .data          0x000000000081014c        0x0 c:/software/altera/18.1/nios2eds/bin/gnu/h-x86_64-mingw32/bin/../lib/gcc/nios2-elf/5.3.0/../../../../../H-x86_64-mingw32/nios2-elf/lib\libc.a(lib_a-makebuf.o)
 .data          0x000000000081014c        0x0 c:/software/altera/18.1/nios2eds/bin/gnu/h-x86_64-mingw32/bin/../lib/gcc/nios2-elf/5.3.0/../../../../../H-x86_64-mingw32/nios2-elf/lib\libc.a(lib_a-readr.o)
 .data          0x000000000081014c        0x0 c:/software/altera/18.1/nios2eds/bin/gnu/h-x86_64-mingw32/bin/../lib/gcc/nios2-elf/5.3.0/../../../../../H-x86_64-mingw32/nios2-elf/lib\libc.a(lib_a-fstatr.o)
 .data          0x000000000081014c        0x0 c:/software/altera/18.1/nios2eds/bin/gnu/h-x86_64-mingw32/bin/../lib/gcc/nios2-elf/5.3.0/../../../../../H-x86_64-mingw32/nios2-elf/lib\libc.a(lib_a-isattyr.o)
 .data          0x000000000081014c        0x0 ../lab2_loop_audio_test_bsp/\libhal_bsp.a(alt_close.o)
 .data          0x000000000081014c      0x1a8 ../lab2_loop_audio_test_bsp/\libhal_bsp.a(alt_dev.o)
                0x000000000081014c                alt_dev_null
                0x0000000000810174                alt_fd_list
 .data          0x00000000008102f4        0x0 ../lab2_loop_audio_test_bsp/\libhal_bsp.a(alt_errno.o)
 .data          0x00000000008102f4        0x0 ../lab2_loop_audio_test_bsp/\libhal_bsp.a(alt_fstat.o)
 .data          0x00000000008102f4        0x0 ../lab2_loop_audio_test_bsp/\libhal_bsp.a(alt_isatty.o)
 .data          0x00000000008102f4        0x0 ../lab2_loop_audio_test_bsp/\libhal_bsp.a(alt_load.o)
 .data          0x00000000008102f4        0x0 ../lab2_loop_audio_test_bsp/\libhal_bsp.a(alt_lseek.o)
 .data          0x00000000008102f4        0x0 ../lab2_loop_audio_test_bsp/\libhal_bsp.a(alt_main.o)
 .data          0x00000000008102f4        0x0 ../lab2_loop_audio_test_bsp/\libhal_bsp.a(alt_malloc_lock.o)
 .data          0x00000000008102f4        0x0 ../lab2_loop_audio_test_bsp/\libhal_bsp.a(alt_printf.o)
 .data          0x00000000008102f4        0x0 ../lab2_loop_audio_test_bsp/\libhal_bsp.a(alt_putchar.o)
 .data          0x00000000008102f4        0x0 ../lab2_loop_audio_test_bsp/\libhal_bsp.a(alt_read.o)
 .data          0x00000000008102f4        0x0 ../lab2_loop_audio_test_bsp/\libhal_bsp.a(alt_release_fd.o)
 .data          0x00000000008102f4        0x0 ../lab2_loop_audio_test_bsp/\libhal_bsp.a(alt_sbrk.o)
 .data          0x00000000008102f4        0x0 ../lab2_loop_audio_test_bsp/\libhal_bsp.a(alt_write.o)
 .data          0x00000000008102f4      0x270 ../lab2_loop_audio_test_bsp/\libhal_bsp.a(alt_sys_init.o)
 .data          0x0000000000810564        0x0 ../lab2_loop_audio_test_bsp/\libhal_bsp.a(altera_avalon_jtag_uart_fd.o)
 .data          0x0000000000810564        0x0 ../lab2_loop_audio_test_bsp/\libhal_bsp.a(altera_avalon_jtag_uart_read.o)
 .data          0x0000000000810564        0x0 ../lab2_loop_audio_test_bsp/\libhal_bsp.a(altera_avalon_jtag_uart_write.o)
 .data          0x0000000000810564        0x0 ../lab2_loop_audio_test_bsp/\libhal_bsp.a(altera_avalon_lcd_16207.o)
 .data          0x0000000000810564        0x0 ../lab2_loop_audio_test_bsp/\libhal_bsp.a(altera_avalon_lcd_16207_fd.o)
 .data          0x0000000000810564        0x0 ../lab2_loop_audio_test_bsp/\libhal_bsp.a(altera_avalon_timer_sc.o)
 .data          0x0000000000810564        0x0 ../lab2_loop_audio_test_bsp/\libhal_bsp.a(altera_avalon_uart_fd.o)
 .data          0x0000000000810564        0x0 ../lab2_loop_audio_test_bsp/\libhal_bsp.a(altera_avalon_uart_init.o)
 .data          0x0000000000810564        0x0 ../lab2_loop_audio_test_bsp/\libhal_bsp.a(altera_avalon_uart_read.o)
 .data          0x0000000000810564        0x0 ../lab2_loop_audio_test_bsp/\libhal_bsp.a(altera_avalon_uart_write.o)
 .data          0x0000000000810564        0x0 ../lab2_loop_audio_test_bsp/\libhal_bsp.a(altera_up_avalon_audio.o)
 .data          0x0000000000810564        0x0 ../lab2_loop_audio_test_bsp/\libhal_bsp.a(alt_alarm_start.o)
 .data          0x0000000000810564        0x0 ../lab2_loop_audio_test_bsp/\libhal_bsp.a(alt_dcache_flush_all.o)
 .data          0x0000000000810564        0x0 ../lab2_loop_audio_test_bsp/\libhal_bsp.a(alt_dev_llist_insert.o)
 .data          0x0000000000810564        0x0 ../lab2_loop_audio_test_bsp/\libhal_bsp.a(alt_do_ctors.o)
 .data          0x0000000000810564        0x0 ../lab2_loop_audio_test_bsp/\libhal_bsp.a(alt_do_dtors.o)
 .data          0x0000000000810564        0x0 ../lab2_loop_audio_test_bsp/\libhal_bsp.a(alt_find_dev.o)
 .data          0x0000000000810564        0x0 ../lab2_loop_audio_test_bsp/\libhal_bsp.a(alt_icache_flush_all.o)
 .data          0x0000000000810564        0x0 ../lab2_loop_audio_test_bsp/\libhal_bsp.a(alt_io_redirect.o)
 .data          0x0000000000810564        0x0 ../lab2_loop_audio_test_bsp/\libhal_bsp.a(alt_irq_register.o)
 .data          0x0000000000810564        0x0 ../lab2_loop_audio_test_bsp/\libhal_bsp.a(alt_irq_vars.o)
 .data          0x0000000000810564        0x0 ../lab2_loop_audio_test_bsp/\libhal_bsp.a(alt_open.o)
 .data          0x0000000000810564        0x0 ../lab2_loop_audio_test_bsp/\libhal_bsp.a(alt_tick.o)
 .data          0x0000000000810564        0x0 ../lab2_loop_audio_test_bsp/\libhal_bsp.a(alt_usleep.o)
 .data          0x0000000000810564        0x0 ../lab2_loop_audio_test_bsp/\libhal_bsp.a(altera_nios2_gen2_irq.o)
 .data          0x0000000000810564        0x0 ../lab2_loop_audio_test_bsp/\libhal_bsp.a(alt_busy_sleep.o)
 .data          0x0000000000810564        0x0 ../lab2_loop_audio_test_bsp/\libhal_bsp.a(alt_find_file.o)
 .data          0x0000000000810564        0x0 ../lab2_loop_audio_test_bsp/\libhal_bsp.a(alt_get_fd.o)
 .data          0x0000000000810564        0x0 ../lab2_loop_audio_test_bsp/\libhal_bsp.a(alt_icache_flush.o)
 .data          0x0000000000810564        0x0 ../lab2_loop_audio_test_bsp/\libhal_bsp.a(alt_irq_entry.o)
 .data          0x0000000000810564        0x0 ../lab2_loop_audio_test_bsp/\libhal_bsp.a(alt_irq_handler.o)
 .data          0x0000000000810564        0x0 ../lab2_loop_audio_test_bsp/\libhal_bsp.a(alt_exception_entry.o)
 .data          0x0000000000810564        0x0 ../lab2_loop_audio_test_bsp/\libhal_bsp.a(alt_instruction_exception_entry.o)
 .data          0x0000000000810564        0x0 c:/software/altera/18.1/nios2eds/bin/gnu/h-x86_64-mingw32/bin/../lib/gcc/nios2-elf/5.3.0/../../../../../H-x86_64-mingw32/nios2-elf/lib\libc.a(lib_a-atexit.o)
 .data          0x0000000000810564        0x0 c:/software/altera/18.1/nios2eds/bin/gnu/h-x86_64-mingw32/bin/../lib/gcc/nios2-elf/5.3.0/../../../../../H-x86_64-mingw32/nios2-elf/lib\libc.a(lib_a-ctype_.o)
 .data          0x0000000000810564        0x0 c:/software/altera/18.1/nios2eds/bin/gnu/h-x86_64-mingw32/bin/../lib/gcc/nios2-elf/5.3.0/../../../../../H-x86_64-mingw32/nios2-elf/lib\libc.a(lib_a-exit.o)
 .data          0x0000000000810564        0x0 c:/software/altera/18.1/nios2eds/bin/gnu/h-x86_64-mingw32/bin/../lib/gcc/nios2-elf/5.3.0/../../../../../H-x86_64-mingw32/nios2-elf/lib\libc.a(lib_a-memcmp.o)
 .data          0x0000000000810564        0x0 c:/software/altera/18.1/nios2eds/bin/gnu/h-x86_64-mingw32/bin/../lib/gcc/nios2-elf/5.3.0/../../../../../H-x86_64-mingw32/nios2-elf/lib\libc.a(lib_a-memcpy.o)
 .data          0x0000000000810564        0x0 c:/software/altera/18.1/nios2eds/bin/gnu/h-x86_64-mingw32/bin/../lib/gcc/nios2-elf/5.3.0/../../../../../H-x86_64-mingw32/nios2-elf/lib\libc.a(lib_a-strlen.o)
 .data          0x0000000000810564        0x0 c:/software/altera/18.1/nios2eds/bin/gnu/h-x86_64-mingw32/bin/../lib/gcc/nios2-elf/5.3.0/../../../../../H-x86_64-mingw32/nios2-elf/lib\libc.a(lib_a-__atexit.o)
 .data          0x0000000000810564        0x0 c:/software/altera/18.1/nios2eds/bin/gnu/h-x86_64-mingw32/bin/../lib/gcc/nios2-elf/5.3.0/../../../../../H-x86_64-mingw32/nios2-elf/lib\libc.a(lib_a-__call_atexit.o)
 .data          0x0000000000810564        0x0 ../lab2_loop_audio_test_bsp/\libhal_bsp.a(alt_exit.o)
                0x0000000000818564                _gp = ABSOLUTE ((. + 0x8000))
                [!provide]                        PROVIDE (gp, _gp)
 *(.rwdata .rwdata.*)
 *(.sdata .sdata.* .gnu.linkonce.s.*)
 .sdata         0x0000000000810564        0x1 obj/default/fatfs_diskio.o
 *fill*         0x0000000000810565        0x3 
 .sdata._global_impure_ptr
                0x0000000000810568        0x4 c:/software/altera/18.1/nios2eds/bin/gnu/h-x86_64-mingw32/bin/../lib/gcc/nios2-elf/5.3.0/../../../../../H-x86_64-mingw32/nios2-elf/lib\libc.a(lib_a-impure.o)
                0x0000000000810568                _global_impure_ptr
 .sdata._impure_ptr
                0x000000000081056c        0x4 c:/software/altera/18.1/nios2eds/bin/gnu/h-x86_64-mingw32/bin/../lib/gcc/nios2-elf/5.3.0/../../../../../H-x86_64-mingw32/nios2-elf/lib\libc.a(lib_a-impure.o)
                0x000000000081056c                _impure_ptr
 .sdata.__malloc_sbrk_base
                0x0000000000810570        0x4 c:/software/altera/18.1/nios2eds/bin/gnu/h-x86_64-mingw32/bin/../lib/gcc/nios2-elf/5.3.0/../../../../../H-x86_64-mingw32/nios2-elf/lib\libc.a(lib_a-mallocr.o)
                0x0000000000810570                __malloc_sbrk_base
 .sdata.__malloc_trim_threshold
                0x0000000000810574        0x4 c:/software/altera/18.1/nios2eds/bin/gnu/h-x86_64-mingw32/bin/../lib/gcc/nios2-elf/5.3.0/../../../../../H-x86_64-mingw32/nios2-elf/lib\libc.a(lib_a-mallocr.o)
                0x0000000000810574                __malloc_trim_threshold
 .sdata         0x0000000000810578       0x14 ../lab2_loop_audio_test_bsp/\libhal_bsp.a(alt_dev.o)
                0x0000000000810578                alt_fs_list
                0x0000000000810580                alt_dev_list
                0x0000000000810588                alt_max_fd
 .sdata         0x000000000081058c        0x4 ../lab2_loop_audio_test_bsp/\libhal_bsp.a(alt_errno.o)
                0x000000000081058c                alt_errno
 .sdata         0x0000000000810590        0x4 ../lab2_loop_audio_test_bsp/\libhal_bsp.a(alt_sbrk.o)
 .sdata         0x0000000000810594        0x4 ../lab2_loop_audio_test_bsp/\libhal_bsp.a(altera_avalon_lcd_16207.o)
 .sdata         0x0000000000810598        0x4 ../lab2_loop_audio_test_bsp/\libhal_bsp.a(alt_irq_vars.o)
                0x0000000000810598                alt_priority_mask
 .sdata         0x000000000081059c        0x8 ../lab2_loop_audio_test_bsp/\libhal_bsp.a(alt_tick.o)
                0x000000000081059c                alt_alarm_list
 .sdata.__ctype_ptr__
                0x00000000008105a4        0x4 c:/software/altera/18.1/nios2eds/bin/gnu/h-x86_64-mingw32/bin/../lib/gcc/nios2-elf/5.3.0/../../../../../H-x86_64-mingw32/nios2-elf/lib\libc.a(lib_a-ctype_.o)
                0x00000000008105a4                __ctype_ptr__
 *(.sdata2 .sdata2.* .gnu.linkonce.s2.*)
                0x00000000008105a8                . = ALIGN (0x4)
                0x00000000008105a8                _edata = ABSOLUTE (.)
                [!provide]                        PROVIDE (edata, ABSOLUTE (.))
                0x00000000008105a8                PROVIDE (__ram_rwdata_end, ABSOLUTE (.))
                0x00000000008105a8                PROVIDE (__flash_rwdata_start, LOADADDR (.rwdata))

.bss            0x0000000000811230      0x16c
                0x0000000000811230                __bss_start = ABSOLUTE (.)
                [!provide]                        PROVIDE (__sbss_start, ABSOLUTE (.))
                [!provide]                        PROVIDE (___sbss_start, ABSOLUTE (.))
 *(.dynsbss)
 *(.sbss .sbss.* .gnu.linkonce.sb.*)
 .sbss          0x0000000000811230       0x10 obj/default/fatfs_diskio.o
 .sbss          0x0000000000811240        0x6 obj/default/ff.o
 *fill*         0x0000000000811246        0x2 
 .sbss.__malloc_max_total_mem
                0x0000000000811248        0x4 c:/software/altera/18.1/nios2eds/bin/gnu/h-x86_64-mingw32/bin/../lib/gcc/nios2-elf/5.3.0/../../../../../H-x86_64-mingw32/nios2-elf/lib\libc.a(lib_a-mallocr.o)
                0x0000000000811248                __malloc_max_total_mem
 .sbss.__malloc_max_sbrked_mem
                0x000000000081124c        0x4 c:/software/altera/18.1/nios2eds/bin/gnu/h-x86_64-mingw32/bin/../lib/gcc/nios2-elf/5.3.0/../../../../../H-x86_64-mingw32/nios2-elf/lib\libc.a(lib_a-mallocr.o)
                0x000000000081124c                __malloc_max_sbrked_mem
 .sbss.__malloc_top_pad
                0x0000000000811250        0x4 c:/software/altera/18.1/nios2eds/bin/gnu/h-x86_64-mingw32/bin/../lib/gcc/nios2-elf/5.3.0/../../../../../H-x86_64-mingw32/nios2-elf/lib\libc.a(lib_a-mallocr.o)
                0x0000000000811250                __malloc_top_pad
 .sbss          0x0000000000811254        0x4 c:/software/altera/18.1/nios2eds/bin/gnu/h-x86_64-mingw32/bin/../lib/gcc/nios2-elf/5.3.0/../../../../../H-x86_64-mingw32/nios2-elf/lib\libc.a(lib_a-int_errno.o)
                0x0000000000811254                errno
 .sbss          0x0000000000811258        0xc ../lab2_loop_audio_test_bsp/\libhal_bsp.a(alt_main.o)
                0x0000000000811258                alt_argc
                0x000000000081125c                alt_argv
                0x0000000000811260                alt_envp
 .sbss          0x0000000000811264        0x4 ../lab2_loop_audio_test_bsp/\libhal_bsp.a(alt_irq_vars.o)
                0x0000000000811264                alt_irq_active
 .sbss          0x0000000000811268        0x8 ../lab2_loop_audio_test_bsp/\libhal_bsp.a(alt_tick.o)
                0x0000000000811268                _alt_tick_rate
                0x000000000081126c                _alt_nticks
 .sbss          0x0000000000811270        0x4 ../lab2_loop_audio_test_bsp/\libhal_bsp.a(alt_instruction_exception_entry.o)
                0x0000000000811270                alt_instruction_exception_handler
 *(.sbss2 .sbss2.* .gnu.linkonce.sb2.*)
 *(.scommon)
                [!provide]                        PROVIDE (__sbss_end, ABSOLUTE (.))
                [!provide]                        PROVIDE (___sbss_end, ABSOLUTE (.))
 *(.dynbss)
 *(.bss .bss.* .gnu.linkonce.b.*)
 .bss           0x0000000000811274        0x0 ../lab2_loop_audio_test_bsp//obj/HAL/src/crt0.o
 .bss           0x0000000000811274        0x0 obj/default/fatfs.o
 .bss           0x0000000000811274        0x0 obj/default/fatfs_diskio.o
 .bss           0x0000000000811274        0x0 obj/default/fatfs_nios2_de0_nano_spi.o
 .bss           0x0000000000811274        0x0 obj/default/fatfs_nios2_de1_pio.o
 .bss           0x0000000000811274        0x0 obj/default/fatfs_nios2_de1_spi.o
 .bss           0x0000000000811274        0x0 obj/default/ff.o
 .bss           0x0000000000811274        0x0 obj/default/hello_world.o
 .bss           0x0000000000811274        0x0 obj/default/monitor.o
 .bss           0x0000000000811274        0x0 obj/default/uart_nios2.o
 .bss           0x0000000000811274        0x0 c:/software/altera/18.1/nios2eds/bin/gnu/h-x86_64-mingw32/bin/../lib/gcc/nios2-elf/5.3.0\libgcc.a(lib2-divmod.o)
 .bss           0x0000000000811274        0x0 c:/software/altera/18.1/nios2eds/bin/gnu/h-x86_64-mingw32/bin/../lib/gcc/nios2-elf/5.3.0/../../../../../H-x86_64-mingw32/nios2-elf/lib\libc.a(lib_a-getc.o)
 .bss           0x0000000000811274        0x0 c:/software/altera/18.1/nios2eds/bin/gnu/h-x86_64-mingw32/bin/../lib/gcc/nios2-elf/5.3.0/../../../../../H-x86_64-mingw32/nios2-elf/lib\libc.a(lib_a-impure.o)
 .bss           0x0000000000811274        0x0 c:/software/altera/18.1/nios2eds/bin/gnu/h-x86_64-mingw32/bin/../lib/gcc/nios2-elf/5.3.0/../../../../../H-x86_64-mingw32/nios2-elf/lib\libc.a(lib_a-putchar.o)
 .bss           0x0000000000811274        0x0 c:/software/altera/18.1/nios2eds/bin/gnu/h-x86_64-mingw32/bin/../lib/gcc/nios2-elf/5.3.0/../../../../../H-x86_64-mingw32/nios2-elf/lib\libc.a(lib_a-rget.o)
 .bss           0x0000000000811274        0x0 c:/software/altera/18.1/nios2eds/bin/gnu/h-x86_64-mingw32/bin/../lib/gcc/nios2-elf/5.3.0/../../../../../H-x86_64-mingw32/nios2-elf/lib\libc.a(lib_a-findfp.o)
 .bss           0x0000000000811274        0x0 c:/software/altera/18.1/nios2eds/bin/gnu/h-x86_64-mingw32/bin/../lib/gcc/nios2-elf/5.3.0/../../../../../H-x86_64-mingw32/nios2-elf/lib\libc.a(lib_a-fwalk.o)
 .bss           0x0000000000811274        0x0 c:/software/altera/18.1/nios2eds/bin/gnu/h-x86_64-mingw32/bin/../lib/gcc/nios2-elf/5.3.0/../../../../../H-x86_64-mingw32/nios2-elf/lib\libc.a(lib_a-mallocr.o)
 .bss.__malloc_current_mallinfo
                0x0000000000811274       0x28 c:/software/altera/18.1/nios2eds/bin/gnu/h-x86_64-mingw32/bin/../lib/gcc/nios2-elf/5.3.0/../../../../../H-x86_64-mingw32/nios2-elf/lib\libc.a(lib_a-mallocr.o)
                0x0000000000811274                __malloc_current_mallinfo
 .bss           0x000000000081129c        0x0 c:/software/altera/18.1/nios2eds/bin/gnu/h-x86_64-mingw32/bin/../lib/gcc/nios2-elf/5.3.0/../../../../../H-x86_64-mingw32/nios2-elf/lib\libc.a(lib_a-memset.o)
 .bss           0x000000000081129c        0x0 c:/software/altera/18.1/nios2eds/bin/gnu/h-x86_64-mingw32/bin/../lib/gcc/nios2-elf/5.3.0/../../../../../H-x86_64-mingw32/nios2-elf/lib\libc.a(lib_a-putc.o)
 .bss           0x000000000081129c        0x0 c:/software/altera/18.1/nios2eds/bin/gnu/h-x86_64-mingw32/bin/../lib/gcc/nios2-elf/5.3.0/../../../../../H-x86_64-mingw32/nios2-elf/lib\libc.a(lib_a-refill.o)
 .bss           0x000000000081129c        0x0 c:/software/altera/18.1/nios2eds/bin/gnu/h-x86_64-mingw32/bin/../lib/gcc/nios2-elf/5.3.0/../../../../../H-x86_64-mingw32/nios2-elf/lib\libc.a(lib_a-sbrkr.o)
 .bss           0x000000000081129c        0x0 c:/software/altera/18.1/nios2eds/bin/gnu/h-x86_64-mingw32/bin/../lib/gcc/nios2-elf/5.3.0/../../../../../H-x86_64-mingw32/nios2-elf/lib\libc.a(lib_a-stdio.o)
 .bss           0x000000000081129c        0x0 c:/software/altera/18.1/nios2eds/bin/gnu/h-x86_64-mingw32/bin/../lib/gcc/nios2-elf/5.3.0/../../../../../H-x86_64-mingw32/nios2-elf/lib\libc.a(lib_a-wbuf.o)
 .bss           0x000000000081129c        0x0 c:/software/altera/18.1/nios2eds/bin/gnu/h-x86_64-mingw32/bin/../lib/gcc/nios2-elf/5.3.0/../../../../../H-x86_64-mingw32/nios2-elf/lib\libc.a(lib_a-writer.o)
 .bss           0x000000000081129c        0x0 c:/software/altera/18.1/nios2eds/bin/gnu/h-x86_64-mingw32/bin/../lib/gcc/nios2-elf/5.3.0/../../../../../H-x86_64-mingw32/nios2-elf/lib\libc.a(lib_a-wsetup.o)
 .bss           0x000000000081129c        0x0 c:/software/altera/18.1/nios2eds/bin/gnu/h-x86_64-mingw32/bin/../lib/gcc/nios2-elf/5.3.0/../../../../../H-x86_64-mingw32/nios2-elf/lib\libc.a(closer.o)
 .bss           0x000000000081129c        0x0 c:/software/altera/18.1/nios2eds/bin/gnu/h-x86_64-mingw32/bin/../lib/gcc/nios2-elf/5.3.0/../../../../../H-x86_64-mingw32/nios2-elf/lib\libc.a(lib_a-fclose.o)
 .bss           0x000000000081129c        0x0 c:/software/altera/18.1/nios2eds/bin/gnu/h-x86_64-mingw32/bin/../lib/gcc/nios2-elf/5.3.0/../../../../../H-x86_64-mingw32/nios2-elf/lib\libc.a(lib_a-fflush.o)
 .bss           0x000000000081129c        0x0 c:/software/altera/18.1/nios2eds/bin/gnu/h-x86_64-mingw32/bin/../lib/gcc/nios2-elf/5.3.0/../../../../../H-x86_64-mingw32/nios2-elf/lib\libc.a(lib_a-freer.o)
 .bss           0x000000000081129c        0x0 c:/software/altera/18.1/nios2eds/bin/gnu/h-x86_64-mingw32/bin/../lib/gcc/nios2-elf/5.3.0/../../../../../H-x86_64-mingw32/nios2-elf/lib\libc.a(lib_a-int_errno.o)
 .bss           0x000000000081129c        0x0 c:/software/altera/18.1/nios2eds/bin/gnu/h-x86_64-mingw32/bin/../lib/gcc/nios2-elf/5.3.0/../../../../../H-x86_64-mingw32/nios2-elf/lib\libc.a(lib_a-lseekr.o)
 .bss           0x000000000081129c        0x0 c:/software/altera/18.1/nios2eds/bin/gnu/h-x86_64-mingw32/bin/../lib/gcc/nios2-elf/5.3.0/../../../../../H-x86_64-mingw32/nios2-elf/lib\libc.a(lib_a-makebuf.o)
 .bss           0x000000000081129c        0x0 c:/software/altera/18.1/nios2eds/bin/gnu/h-x86_64-mingw32/bin/../lib/gcc/nios2-elf/5.3.0/../../../../../H-x86_64-mingw32/nios2-elf/lib\libc.a(lib_a-readr.o)
 .bss           0x000000000081129c        0x0 c:/software/altera/18.1/nios2eds/bin/gnu/h-x86_64-mingw32/bin/../lib/gcc/nios2-elf/5.3.0/../../../../../H-x86_64-mingw32/nios2-elf/lib\libc.a(lib_a-fstatr.o)
 .bss           0x000000000081129c        0x0 c:/software/altera/18.1/nios2eds/bin/gnu/h-x86_64-mingw32/bin/../lib/gcc/nios2-elf/5.3.0/../../../../../H-x86_64-mingw32/nios2-elf/lib\libc.a(lib_a-isattyr.o)
 .bss           0x000000000081129c        0x0 ../lab2_loop_audio_test_bsp/\libhal_bsp.a(alt_close.o)
 .bss           0x000000000081129c        0x0 ../lab2_loop_audio_test_bsp/\libhal_bsp.a(alt_dev.o)
 .bss           0x000000000081129c        0x0 ../lab2_loop_audio_test_bsp/\libhal_bsp.a(alt_errno.o)
 .bss           0x000000000081129c        0x0 ../lab2_loop_audio_test_bsp/\libhal_bsp.a(alt_fstat.o)
 .bss           0x000000000081129c        0x0 ../lab2_loop_audio_test_bsp/\libhal_bsp.a(alt_isatty.o)
 .bss           0x000000000081129c        0x0 ../lab2_loop_audio_test_bsp/\libhal_bsp.a(alt_load.o)
 .bss           0x000000000081129c        0x0 ../lab2_loop_audio_test_bsp/\libhal_bsp.a(alt_lseek.o)
 .bss           0x000000000081129c        0x0 ../lab2_loop_audio_test_bsp/\libhal_bsp.a(alt_main.o)
 .bss           0x000000000081129c        0x0 ../lab2_loop_audio_test_bsp/\libhal_bsp.a(alt_malloc_lock.o)
 .bss           0x000000000081129c        0x0 ../lab2_loop_audio_test_bsp/\libhal_bsp.a(alt_printf.o)
 .bss           0x000000000081129c        0x0 ../lab2_loop_audio_test_bsp/\libhal_bsp.a(alt_putchar.o)
 .bss           0x000000000081129c        0x0 ../lab2_loop_audio_test_bsp/\libhal_bsp.a(alt_read.o)
 .bss           0x000000000081129c        0x0 ../lab2_loop_audio_test_bsp/\libhal_bsp.a(alt_release_fd.o)
 .bss           0x000000000081129c        0x0 ../lab2_loop_audio_test_bsp/\libhal_bsp.a(alt_sbrk.o)
 .bss           0x000000000081129c        0x0 ../lab2_loop_audio_test_bsp/\libhal_bsp.a(alt_write.o)
 .bss           0x000000000081129c        0x0 ../lab2_loop_audio_test_bsp/\libhal_bsp.a(alt_sys_init.o)
 .bss           0x000000000081129c        0x0 ../lab2_loop_audio_test_bsp/\libhal_bsp.a(altera_avalon_jtag_uart_fd.o)
 .bss           0x000000000081129c        0x0 ../lab2_loop_audio_test_bsp/\libhal_bsp.a(altera_avalon_jtag_uart_read.o)
 .bss           0x000000000081129c        0x0 ../lab2_loop_audio_test_bsp/\libhal_bsp.a(altera_avalon_jtag_uart_write.o)
 .bss           0x000000000081129c        0x0 ../lab2_loop_audio_test_bsp/\libhal_bsp.a(altera_avalon_lcd_16207.o)
 .bss           0x000000000081129c        0x0 ../lab2_loop_audio_test_bsp/\libhal_bsp.a(altera_avalon_lcd_16207_fd.o)
 .bss           0x000000000081129c        0x0 ../lab2_loop_audio_test_bsp/\libhal_bsp.a(altera_avalon_timer_sc.o)
 .bss           0x000000000081129c        0x0 ../lab2_loop_audio_test_bsp/\libhal_bsp.a(altera_avalon_uart_fd.o)
 .bss           0x000000000081129c        0x0 ../lab2_loop_audio_test_bsp/\libhal_bsp.a(altera_avalon_uart_init.o)
 .bss           0x000000000081129c        0x0 ../lab2_loop_audio_test_bsp/\libhal_bsp.a(altera_avalon_uart_read.o)
 .bss           0x000000000081129c        0x0 ../lab2_loop_audio_test_bsp/\libhal_bsp.a(altera_avalon_uart_write.o)
 .bss           0x000000000081129c        0x0 ../lab2_loop_audio_test_bsp/\libhal_bsp.a(altera_up_avalon_audio.o)
 .bss           0x000000000081129c        0x0 ../lab2_loop_audio_test_bsp/\libhal_bsp.a(alt_alarm_start.o)
 .bss           0x000000000081129c        0x0 ../lab2_loop_audio_test_bsp/\libhal_bsp.a(alt_dcache_flush_all.o)
 .bss           0x000000000081129c        0x0 ../lab2_loop_audio_test_bsp/\libhal_bsp.a(alt_dev_llist_insert.o)
 .bss           0x000000000081129c        0x0 ../lab2_loop_audio_test_bsp/\libhal_bsp.a(alt_do_ctors.o)
 .bss           0x000000000081129c        0x0 ../lab2_loop_audio_test_bsp/\libhal_bsp.a(alt_do_dtors.o)
 .bss           0x000000000081129c        0x0 ../lab2_loop_audio_test_bsp/\libhal_bsp.a(alt_find_dev.o)
 .bss           0x000000000081129c        0x0 ../lab2_loop_audio_test_bsp/\libhal_bsp.a(alt_icache_flush_all.o)
 .bss           0x000000000081129c        0x0 ../lab2_loop_audio_test_bsp/\libhal_bsp.a(alt_io_redirect.o)
 .bss           0x000000000081129c        0x0 ../lab2_loop_audio_test_bsp/\libhal_bsp.a(alt_irq_register.o)
 .bss           0x000000000081129c        0x0 ../lab2_loop_audio_test_bsp/\libhal_bsp.a(alt_irq_vars.o)
 .bss           0x000000000081129c        0x0 ../lab2_loop_audio_test_bsp/\libhal_bsp.a(alt_open.o)
 .bss           0x000000000081129c        0x0 ../lab2_loop_audio_test_bsp/\libhal_bsp.a(alt_tick.o)
 .bss           0x000000000081129c        0x0 ../lab2_loop_audio_test_bsp/\libhal_bsp.a(alt_usleep.o)
 .bss           0x000000000081129c        0x0 ../lab2_loop_audio_test_bsp/\libhal_bsp.a(altera_nios2_gen2_irq.o)
 .bss           0x000000000081129c        0x0 ../lab2_loop_audio_test_bsp/\libhal_bsp.a(alt_busy_sleep.o)
 .bss           0x000000000081129c        0x0 ../lab2_loop_audio_test_bsp/\libhal_bsp.a(alt_find_file.o)
 .bss           0x000000000081129c        0x0 ../lab2_loop_audio_test_bsp/\libhal_bsp.a(alt_get_fd.o)
 .bss           0x000000000081129c        0x0 ../lab2_loop_audio_test_bsp/\libhal_bsp.a(alt_icache_flush.o)
 .bss           0x000000000081129c        0x0 ../lab2_loop_audio_test_bsp/\libhal_bsp.a(alt_irq_entry.o)
 .bss           0x000000000081129c        0x0 ../lab2_loop_audio_test_bsp/\libhal_bsp.a(alt_irq_handler.o)
 .bss           0x000000000081129c        0x0 ../lab2_loop_audio_test_bsp/\libhal_bsp.a(alt_exception_entry.o)
 .bss           0x000000000081129c        0x0 ../lab2_loop_audio_test_bsp/\libhal_bsp.a(alt_instruction_exception_entry.o)
 .bss           0x000000000081129c        0x0 c:/software/altera/18.1/nios2eds/bin/gnu/h-x86_64-mingw32/bin/../lib/gcc/nios2-elf/5.3.0/../../../../../H-x86_64-mingw32/nios2-elf/lib\libc.a(lib_a-atexit.o)
 .bss           0x000000000081129c        0x0 c:/software/altera/18.1/nios2eds/bin/gnu/h-x86_64-mingw32/bin/../lib/gcc/nios2-elf/5.3.0/../../../../../H-x86_64-mingw32/nios2-elf/lib\libc.a(lib_a-ctype_.o)
 .bss           0x000000000081129c        0x0 c:/software/altera/18.1/nios2eds/bin/gnu/h-x86_64-mingw32/bin/../lib/gcc/nios2-elf/5.3.0/../../../../../H-x86_64-mingw32/nios2-elf/lib\libc.a(lib_a-exit.o)
 .bss           0x000000000081129c        0x0 c:/software/altera/18.1/nios2eds/bin/gnu/h-x86_64-mingw32/bin/../lib/gcc/nios2-elf/5.3.0/../../../../../H-x86_64-mingw32/nios2-elf/lib\libc.a(lib_a-memcmp.o)
 .bss           0x000000000081129c        0x0 c:/software/altera/18.1/nios2eds/bin/gnu/h-x86_64-mingw32/bin/../lib/gcc/nios2-elf/5.3.0/../../../../../H-x86_64-mingw32/nios2-elf/lib\libc.a(lib_a-memcpy.o)
 .bss           0x000000000081129c        0x0 c:/software/altera/18.1/nios2eds/bin/gnu/h-x86_64-mingw32/bin/../lib/gcc/nios2-elf/5.3.0/../../../../../H-x86_64-mingw32/nios2-elf/lib\libc.a(lib_a-strlen.o)
 .bss           0x000000000081129c        0x0 c:/software/altera/18.1/nios2eds/bin/gnu/h-x86_64-mingw32/bin/../lib/gcc/nios2-elf/5.3.0/../../../../../H-x86_64-mingw32/nios2-elf/lib\libc.a(lib_a-__atexit.o)
 .bss           0x000000000081129c        0x0 c:/software/altera/18.1/nios2eds/bin/gnu/h-x86_64-mingw32/bin/../lib/gcc/nios2-elf/5.3.0/../../../../../H-x86_64-mingw32/nios2-elf/lib\libc.a(lib_a-__call_atexit.o)
 .bss           0x000000000081129c        0x0 ../lab2_loop_audio_test_bsp/\libhal_bsp.a(alt_exit.o)
 *(COMMON)
 COMMON         0x000000000081129c      0x100 ../lab2_loop_audio_test_bsp/\libhal_bsp.a(alt_irq_handler.o)
                0x000000000081129c                alt_irq
                0x000000000081139c                . = ALIGN (0x4)
                0x000000000081139c                __bss_end = ABSOLUTE (.)

.sdram_0        0x000000000081139c        0x0
                [!provide]                        PROVIDE (_alt_partition_sdram_0_start, ABSOLUTE (.))
 *(.sdram_0 .sdram_0. sdram_0.*)
                0x000000000081139c                . = ALIGN (0x4)
                [!provide]                        PROVIDE (_alt_partition_sdram_0_end, ABSOLUTE (.))
                0x000000000081139c                _end = ABSOLUTE (.)
                0x000000000081139c                end = ABSOLUTE (.)
                0x000000000081139c                __alt_stack_base = ABSOLUTE (.)
                [!provide]                        PROVIDE (_alt_partition_sdram_0_load_addr, LOADADDR (.sdram_0))

.stab
 *(.stab)

.stabstr
 *(.stabstr)

.stab.excl
 *(.stab.excl)

.stab.exclstr
 *(.stab.exclstr)

.stab.index
 *(.stab.index)

.stab.indexstr
 *(.stab.indexstr)

.comment        0x0000000000000000       0x23
 *(.comment)
 .comment       0x0000000000000000       0x23 obj/default/fatfs.o
                                         0x24 (size before relaxing)
 .comment       0x0000000000000023       0x24 obj/default/fatfs_diskio.o
 .comment       0x0000000000000023       0x24 obj/default/fatfs_nios2_de0_nano_spi.o
 .comment       0x0000000000000023       0x24 obj/default/fatfs_nios2_de1_pio.o
 .comment       0x0000000000000023       0x24 obj/default/fatfs_nios2_de1_spi.o
 .comment       0x0000000000000023       0x24 obj/default/ff.o
 .comment       0x0000000000000023       0x24 obj/default/hello_world.o
 .comment       0x0000000000000023       0x24 obj/default/monitor.o
 .comment       0x0000000000000023       0x24 obj/default/uart_nios2.o
 .comment       0x0000000000000023       0x24 c:/software/altera/18.1/nios2eds/bin/gnu/h-x86_64-mingw32/bin/../lib/gcc/nios2-elf/5.3.0\libgcc.a(lib2-divmod.o)
 .comment       0x0000000000000023       0x24 c:/software/altera/18.1/nios2eds/bin/gnu/h-x86_64-mingw32/bin/../lib/gcc/nios2-elf/5.3.0/../../../../../H-x86_64-mingw32/nios2-elf/lib\libc.a(lib_a-getc.o)
 .comment       0x0000000000000023       0x24 c:/software/altera/18.1/nios2eds/bin/gnu/h-x86_64-mingw32/bin/../lib/gcc/nios2-elf/5.3.0/../../../../../H-x86_64-mingw32/nios2-elf/lib\libc.a(lib_a-impure.o)
 .comment       0x0000000000000023       0x24 c:/software/altera/18.1/nios2eds/bin/gnu/h-x86_64-mingw32/bin/../lib/gcc/nios2-elf/5.3.0/../../../../../H-x86_64-mingw32/nios2-elf/lib\libc.a(lib_a-putchar.o)
 .comment       0x0000000000000023       0x24 c:/software/altera/18.1/nios2eds/bin/gnu/h-x86_64-mingw32/bin/../lib/gcc/nios2-elf/5.3.0/../../../../../H-x86_64-mingw32/nios2-elf/lib\libc.a(lib_a-rget.o)
 .comment       0x0000000000000023       0x24 c:/software/altera/18.1/nios2eds/bin/gnu/h-x86_64-mingw32/bin/../lib/gcc/nios2-elf/5.3.0/../../../../../H-x86_64-mingw32/nios2-elf/lib\libc.a(lib_a-findfp.o)
 .comment       0x0000000000000023       0x24 c:/software/altera/18.1/nios2eds/bin/gnu/h-x86_64-mingw32/bin/../lib/gcc/nios2-elf/5.3.0/../../../../../H-x86_64-mingw32/nios2-elf/lib\libc.a(lib_a-fwalk.o)
 .comment       0x0000000000000023       0x24 c:/software/altera/18.1/nios2eds/bin/gnu/h-x86_64-mingw32/bin/../lib/gcc/nios2-elf/5.3.0/../../../../../H-x86_64-mingw32/nios2-elf/lib\libc.a(lib_a-mallocr.o)
 .comment       0x0000000000000023       0x24 c:/software/altera/18.1/nios2eds/bin/gnu/h-x86_64-mingw32/bin/../lib/gcc/nios2-elf/5.3.0/../../../../../H-x86_64-mingw32/nios2-elf/lib\libc.a(lib_a-memset.o)
 .comment       0x0000000000000023       0x24 c:/software/altera/18.1/nios2eds/bin/gnu/h-x86_64-mingw32/bin/../lib/gcc/nios2-elf/5.3.0/../../../../../H-x86_64-mingw32/nios2-elf/lib\libc.a(lib_a-putc.o)
 .comment       0x0000000000000023       0x24 c:/software/altera/18.1/nios2eds/bin/gnu/h-x86_64-mingw32/bin/../lib/gcc/nios2-elf/5.3.0/../../../../../H-x86_64-mingw32/nios2-elf/lib\libc.a(lib_a-refill.o)
 .comment       0x0000000000000023       0x24 c:/software/altera/18.1/nios2eds/bin/gnu/h-x86_64-mingw32/bin/../lib/gcc/nios2-elf/5.3.0/../../../../../H-x86_64-mingw32/nios2-elf/lib\libc.a(lib_a-sbrkr.o)
 .comment       0x0000000000000023       0x24 c:/software/altera/18.1/nios2eds/bin/gnu/h-x86_64-mingw32/bin/../lib/gcc/nios2-elf/5.3.0/../../../../../H-x86_64-mingw32/nios2-elf/lib\libc.a(lib_a-stdio.o)
 .comment       0x0000000000000023       0x24 c:/software/altera/18.1/nios2eds/bin/gnu/h-x86_64-mingw32/bin/../lib/gcc/nios2-elf/5.3.0/../../../../../H-x86_64-mingw32/nios2-elf/lib\libc.a(lib_a-wbuf.o)
 .comment       0x0000000000000023       0x24 c:/software/altera/18.1/nios2eds/bin/gnu/h-x86_64-mingw32/bin/../lib/gcc/nios2-elf/5.3.0/../../../../../H-x86_64-mingw32/nios2-elf/lib\libc.a(lib_a-writer.o)
 .comment       0x0000000000000023       0x24 c:/software/altera/18.1/nios2eds/bin/gnu/h-x86_64-mingw32/bin/../lib/gcc/nios2-elf/5.3.0/../../../../../H-x86_64-mingw32/nios2-elf/lib\libc.a(lib_a-wsetup.o)
 .comment       0x0000000000000023       0x24 c:/software/altera/18.1/nios2eds/bin/gnu/h-x86_64-mingw32/bin/../lib/gcc/nios2-elf/5.3.0/../../../../../H-x86_64-mingw32/nios2-elf/lib\libc.a(closer.o)
 .comment       0x0000000000000023       0x24 c:/software/altera/18.1/nios2eds/bin/gnu/h-x86_64-mingw32/bin/../lib/gcc/nios2-elf/5.3.0/../../../../../H-x86_64-mingw32/nios2-elf/lib\libc.a(lib_a-fclose.o)
 .comment       0x0000000000000023       0x24 c:/software/altera/18.1/nios2eds/bin/gnu/h-x86_64-mingw32/bin/../lib/gcc/nios2-elf/5.3.0/../../../../../H-x86_64-mingw32/nios2-elf/lib\libc.a(lib_a-fflush.o)
 .comment       0x0000000000000023       0x24 c:/software/altera/18.1/nios2eds/bin/gnu/h-x86_64-mingw32/bin/../lib/gcc/nios2-elf/5.3.0/../../../../../H-x86_64-mingw32/nios2-elf/lib\libc.a(lib_a-freer.o)
 .comment       0x0000000000000023       0x24 c:/software/altera/18.1/nios2eds/bin/gnu/h-x86_64-mingw32/bin/../lib/gcc/nios2-elf/5.3.0/../../../../../H-x86_64-mingw32/nios2-elf/lib\libc.a(lib_a-int_errno.o)
 .comment       0x0000000000000023       0x24 c:/software/altera/18.1/nios2eds/bin/gnu/h-x86_64-mingw32/bin/../lib/gcc/nios2-elf/5.3.0/../../../../../H-x86_64-mingw32/nios2-elf/lib\libc.a(lib_a-lseekr.o)
 .comment       0x0000000000000023       0x24 c:/software/altera/18.1/nios2eds/bin/gnu/h-x86_64-mingw32/bin/../lib/gcc/nios2-elf/5.3.0/../../../../../H-x86_64-mingw32/nios2-elf/lib\libc.a(lib_a-makebuf.o)
 .comment       0x0000000000000023       0x24 c:/software/altera/18.1/nios2eds/bin/gnu/h-x86_64-mingw32/bin/../lib/gcc/nios2-elf/5.3.0/../../../../../H-x86_64-mingw32/nios2-elf/lib\libc.a(lib_a-readr.o)
 .comment       0x0000000000000023       0x24 c:/software/altera/18.1/nios2eds/bin/gnu/h-x86_64-mingw32/bin/../lib/gcc/nios2-elf/5.3.0/../../../../../H-x86_64-mingw32/nios2-elf/lib\libc.a(lib_a-fstatr.o)
 .comment       0x0000000000000023       0x24 c:/software/altera/18.1/nios2eds/bin/gnu/h-x86_64-mingw32/bin/../lib/gcc/nios2-elf/5.3.0/../../../../../H-x86_64-mingw32/nios2-elf/lib\libc.a(lib_a-isattyr.o)
 .comment       0x0000000000000023       0x24 ../lab2_loop_audio_test_bsp/\libhal_bsp.a(alt_close.o)
 .comment       0x0000000000000023       0x24 ../lab2_loop_audio_test_bsp/\libhal_bsp.a(alt_dev.o)
 .comment       0x0000000000000023       0x24 ../lab2_loop_audio_test_bsp/\libhal_bsp.a(alt_errno.o)
 .comment       0x0000000000000023       0x24 ../lab2_loop_audio_test_bsp/\libhal_bsp.a(alt_fstat.o)
 .comment       0x0000000000000023       0x24 ../lab2_loop_audio_test_bsp/\libhal_bsp.a(alt_isatty.o)
 .comment       0x0000000000000023       0x24 ../lab2_loop_audio_test_bsp/\libhal_bsp.a(alt_load.o)
 .comment       0x0000000000000023       0x24 ../lab2_loop_audio_test_bsp/\libhal_bsp.a(alt_lseek.o)
 .comment       0x0000000000000023       0x24 ../lab2_loop_audio_test_bsp/\libhal_bsp.a(alt_main.o)
 .comment       0x0000000000000023       0x24 ../lab2_loop_audio_test_bsp/\libhal_bsp.a(alt_malloc_lock.o)
 .comment       0x0000000000000023       0x24 ../lab2_loop_audio_test_bsp/\libhal_bsp.a(alt_printf.o)
 .comment       0x0000000000000023       0x24 ../lab2_loop_audio_test_bsp/\libhal_bsp.a(alt_putchar.o)
 .comment       0x0000000000000023       0x24 ../lab2_loop_audio_test_bsp/\libhal_bsp.a(alt_read.o)
 .comment       0x0000000000000023       0x24 ../lab2_loop_audio_test_bsp/\libhal_bsp.a(alt_release_fd.o)
 .comment       0x0000000000000023       0x24 ../lab2_loop_audio_test_bsp/\libhal_bsp.a(alt_sbrk.o)
 .comment       0x0000000000000023       0x24 ../lab2_loop_audio_test_bsp/\libhal_bsp.a(alt_write.o)
 .comment       0x0000000000000023       0x24 ../lab2_loop_audio_test_bsp/\libhal_bsp.a(alt_sys_init.o)
 .comment       0x0000000000000023       0x24 ../lab2_loop_audio_test_bsp/\libhal_bsp.a(altera_avalon_jtag_uart_fd.o)
 .comment       0x0000000000000023       0x24 ../lab2_loop_audio_test_bsp/\libhal_bsp.a(altera_avalon_jtag_uart_read.o)
 .comment       0x0000000000000023       0x24 ../lab2_loop_audio_test_bsp/\libhal_bsp.a(altera_avalon_jtag_uart_write.o)
 .comment       0x0000000000000023       0x24 ../lab2_loop_audio_test_bsp/\libhal_bsp.a(altera_avalon_lcd_16207.o)
 .comment       0x0000000000000023       0x24 ../lab2_loop_audio_test_bsp/\libhal_bsp.a(altera_avalon_lcd_16207_fd.o)
 .comment       0x0000000000000023       0x24 ../lab2_loop_audio_test_bsp/\libhal_bsp.a(altera_avalon_timer_sc.o)
 .comment       0x0000000000000023       0x24 ../lab2_loop_audio_test_bsp/\libhal_bsp.a(altera_avalon_uart_fd.o)
 .comment       0x0000000000000023       0x24 ../lab2_loop_audio_test_bsp/\libhal_bsp.a(altera_avalon_uart_init.o)
 .comment       0x0000000000000023       0x24 ../lab2_loop_audio_test_bsp/\libhal_bsp.a(altera_avalon_uart_read.o)
 .comment       0x0000000000000023       0x24 ../lab2_loop_audio_test_bsp/\libhal_bsp.a(altera_avalon_uart_write.o)
 .comment       0x0000000000000023       0x24 ../lab2_loop_audio_test_bsp/\libhal_bsp.a(altera_up_avalon_audio.o)
 .comment       0x0000000000000023       0x24 ../lab2_loop_audio_test_bsp/\libhal_bsp.a(alt_alarm_start.o)
 .comment       0x0000000000000023       0x24 ../lab2_loop_audio_test_bsp/\libhal_bsp.a(alt_dcache_flush_all.o)
 .comment       0x0000000000000023       0x24 ../lab2_loop_audio_test_bsp/\libhal_bsp.a(alt_dev_llist_insert.o)
 .comment       0x0000000000000023       0x24 ../lab2_loop_audio_test_bsp/\libhal_bsp.a(alt_do_ctors.o)
 .comment       0x0000000000000023       0x24 ../lab2_loop_audio_test_bsp/\libhal_bsp.a(alt_do_dtors.o)
 .comment       0x0000000000000023       0x24 ../lab2_loop_audio_test_bsp/\libhal_bsp.a(alt_find_dev.o)
 .comment       0x0000000000000023       0x24 ../lab2_loop_audio_test_bsp/\libhal_bsp.a(alt_icache_flush_all.o)
 .comment       0x0000000000000023       0x24 ../lab2_loop_audio_test_bsp/\libhal_bsp.a(alt_io_redirect.o)
 .comment       0x0000000000000023       0x24 ../lab2_loop_audio_test_bsp/\libhal_bsp.a(alt_irq_register.o)
 .comment       0x0000000000000023       0x24 ../lab2_loop_audio_test_bsp/\libhal_bsp.a(alt_irq_vars.o)
 .comment       0x0000000000000023       0x24 ../lab2_loop_audio_test_bsp/\libhal_bsp.a(alt_open.o)
 .comment       0x0000000000000023       0x24 ../lab2_loop_audio_test_bsp/\libhal_bsp.a(alt_tick.o)
 .comment       0x0000000000000023       0x24 ../lab2_loop_audio_test_bsp/\libhal_bsp.a(alt_usleep.o)
 .comment       0x0000000000000023       0x24 ../lab2_loop_audio_test_bsp/\libhal_bsp.a(altera_nios2_gen2_irq.o)
 .comment       0x0000000000000023       0x24 ../lab2_loop_audio_test_bsp/\libhal_bsp.a(alt_busy_sleep.o)
 .comment       0x0000000000000023       0x24 ../lab2_loop_audio_test_bsp/\libhal_bsp.a(alt_find_file.o)
 .comment       0x0000000000000023       0x24 ../lab2_loop_audio_test_bsp/\libhal_bsp.a(alt_get_fd.o)
 .comment       0x0000000000000023       0x24 ../lab2_loop_audio_test_bsp/\libhal_bsp.a(alt_icache_flush.o)
 .comment       0x0000000000000023       0x24 ../lab2_loop_audio_test_bsp/\libhal_bsp.a(alt_irq_handler.o)
 .comment       0x0000000000000023       0x24 ../lab2_loop_audio_test_bsp/\libhal_bsp.a(alt_instruction_exception_entry.o)
 .comment       0x0000000000000023       0x24 c:/software/altera/18.1/nios2eds/bin/gnu/h-x86_64-mingw32/bin/../lib/gcc/nios2-elf/5.3.0/../../../../../H-x86_64-mingw32/nios2-elf/lib\libc.a(lib_a-atexit.o)
 .comment       0x0000000000000023       0x24 c:/software/altera/18.1/nios2eds/bin/gnu/h-x86_64-mingw32/bin/../lib/gcc/nios2-elf/5.3.0/../../../../../H-x86_64-mingw32/nios2-elf/lib\libc.a(lib_a-ctype_.o)
 .comment       0x0000000000000023       0x24 c:/software/altera/18.1/nios2eds/bin/gnu/h-x86_64-mingw32/bin/../lib/gcc/nios2-elf/5.3.0/../../../../../H-x86_64-mingw32/nios2-elf/lib\libc.a(lib_a-exit.o)
 .comment       0x0000000000000023       0x24 c:/software/altera/18.1/nios2eds/bin/gnu/h-x86_64-mingw32/bin/../lib/gcc/nios2-elf/5.3.0/../../../../../H-x86_64-mingw32/nios2-elf/lib\libc.a(lib_a-memcmp.o)
 .comment       0x0000000000000023       0x24 c:/software/altera/18.1/nios2eds/bin/gnu/h-x86_64-mingw32/bin/../lib/gcc/nios2-elf/5.3.0/../../../../../H-x86_64-mingw32/nios2-elf/lib\libc.a(lib_a-memcpy.o)
 .comment       0x0000000000000023       0x24 c:/software/altera/18.1/nios2eds/bin/gnu/h-x86_64-mingw32/bin/../lib/gcc/nios2-elf/5.3.0/../../../../../H-x86_64-mingw32/nios2-elf/lib\libc.a(lib_a-strlen.o)
 .comment       0x0000000000000023       0x24 c:/software/altera/18.1/nios2eds/bin/gnu/h-x86_64-mingw32/bin/../lib/gcc/nios2-elf/5.3.0/../../../../../H-x86_64-mingw32/nios2-elf/lib\libc.a(lib_a-__atexit.o)
 .comment       0x0000000000000023       0x24 c:/software/altera/18.1/nios2eds/bin/gnu/h-x86_64-mingw32/bin/../lib/gcc/nios2-elf/5.3.0/../../../../../H-x86_64-mingw32/nios2-elf/lib\libc.a(lib_a-__call_atexit.o)
 .comment       0x0000000000000023       0x24 ../lab2_loop_audio_test_bsp/\libhal_bsp.a(alt_exit.o)

.debug
 *(.debug)

.line
 *(.line)

.debug_srcinfo
 *(.debug_srcinfo)

.debug_sfnames
 *(.debug_sfnames)
